135.23.250.207 - - [11/Mar/2014:01:13:55 +0000] "GET /fonts/glyphicons-halflings-regular.woff HTTP/1.1" 200 23403 "http://connectnow.today/" "Mozilla/5.0 (Windows NT 6.3; WOW64) AppleWebKit/537.36 (KHTML, like Gecko) Chrome/33.0.1750.146 Safari/537.36"
135.23.250.207 - - [11/Mar/2014:01:13:55 +0000] "GET /connectnow/public/img/searchbg.png HTTP/1.1" 404 13103 "http://connectnow.today/contact" "Mozilla/5.0 (Windows NT 6.3; WOW64) AppleWebKit/537.36 (KHTML, like Gecko) Chrome/33.0.1750.146 Safari/537.36"
135.23.250.207 - - [11/Mar/2014:01:19:05 +0000] "GET /about HTTP/1.1" 200 8317 "-" "Mozilla/5.0 (Windows NT 6.3; WOW64) AppleWebKit/537.36 (KHTML, like Gecko) Chrome/33.0.1750.146 Safari/537.36"
135.23.250.207 - - [11/Mar/2014:01:19:05 +0000] "GET /css/bootstrap.min.css HTTP/1.1" 200 17169 "http://connectnow.today/about" "Mozilla/5.0 (Windows NT 6.3; WOW64) AppleWebKit/537.36 (KHTML, like Gecko) Chrome/33.0.1750.146 Safari/537.36"
135.23.250.207 - - [11/Mar/2014:01:19:05 +0000] "GET /css/elusive-webfont.css HTTP/1.1" 200 2829 "http://connectnow.today/about" "Mozilla/5.0 (Windows NT 6.3; WOW64) AppleWebKit/537.36 (KHTML, like Gecko) Chrome/33.0.1750.146 Safari/537.36"
135.23.250.207 - - [11/Mar/2014:01:19:05 +0000] "GET /css/semantic.min.css HTTP/1.1" 200 35460 "http://connectnow.today/about" "Mozilla/5.0 (Windows NT 6.3; WOW64) AppleWebKit/537.36 (KHTML, like Gecko) Chrome/33.0.1750.146 Safari/537.36"
135.23.250.207 - - [11/Mar/2014:01:19:05 +0000] "GET /css/main.css HTTP/1.1" 200 2323 "http://connectnow.today/about" "Mozilla/5.0 (Windows NT 6.3; WOW64) AppleWebKit/537.36 (KHTML, like Gecko) Chrome/33.0.1750.146 Safari/537.36"
135.23.250.207 - - [11/Mar/2014:01:19:05 +0000] "GET /img/about.jpg HTTP/1.1" 200 9948 "http://connectnow.today/about" "Mozilla/5.0 (Windows NT 6.3; WOW64) AppleWebKit/537.36 (KHTML, like Gecko) Chrome/33.0.1750.146 Safari/537.36"
135.23.250.207 - - [11/Mar/2014:01:19:05 +0000] "GET /img/navlogo.png HTTP/1.1" 200 3247 "http://connectnow.today/about" "Mozilla/5.0 (Windows NT 6.3; WOW64) AppleWebKit/537.36 (KHTML, like Gecko) Chrome/33.0.1750.146 Safari/537.36"
135.23.250.207 - - [11/Mar/2014:01:19:05 +0000] "GET /css/about.css HTTP/1.1" 200 807 "http://connectnow.today/about" "Mozilla/5.0 (Windows NT 6.3; WOW64) AppleWebKit/537.36 (KHTML, like Gecko) Chrome/33.0.1750.146 Safari/537.36"
135.23.250.207 - - [11/Mar/2014:01:19:05 +0000] "GET /img/blue80.png HTTP/1.1" 200 1456 "http://connectnow.today/about" "Mozilla/5.0 (Windows NT 6.3; WOW64) AppleWebKit/537.36 (KHTML, like Gecko) Chrome/33.0.1750.146 Safari/537.36"
135.23.250.207 - - [11/Mar/2014:01:19:05 +0000] "GET /connectnow/public/img/searchbg.png HTTP/1.1" 404 13072 "http://connectnow.today/about" "Mozilla/5.0 (Windows NT 6.3; WOW64) AppleWebKit/537.36 (KHTML, like Gecko) Chrome/33.0.1750.146 Safari/537.36"
135.23.250.207 - - [11/Mar/2014:01:20:40 +0000] "GET /connectnow/public/img/trans.png HTTP/1.1" 404 13070 "http://connectnow.today/about" "Mozilla/5.0 (Windows NT 6.3; WOW64) AppleWebKit/537.36 (KHTML, like Gecko) Chrome/33.0.1750.146 Safari/537.36"
135.23.250.207 - - [11/Mar/2014:01:21:01 +0000] "GET /contact HTTP/1.1" 200 6454 "http://connectnow.today/about" "Mozilla/5.0 (Windows NT 6.3; WOW64) AppleWebKit/537.36 (KHTML, like Gecko) Chrome/33.0.1750.146 Safari/537.36"
135.23.250.207 - - [11/Mar/2014:01:21:02 +0000] "GET /css/bootstrap.min.css HTTP/1.1" 200 17169 "http://connectnow.today/about" "Mozilla/5.0 (Windows NT 6.3; WOW64) AppleWebKit/537.36 (KHTML, like Gecko) Chrome/33.0.1750.146 Safari/537.36"
135.23.250.207 - - [11/Mar/2014:01:21:02 +0000] "GET /css/elusive-webfont.css HTTP/1.1" 200 2829 "http://connectnow.today/about" "Mozilla/5.0 (Windows NT 6.3; WOW64) AppleWebKit/537.36 (KHTML, like Gecko) Chrome/33.0.1750.146 Safari/537.36"
135.23.250.207 - - [11/Mar/2014:01:21:02 +0000] "GET /css/semantic.min.css HTTP/1.1" 200 35460 "http://connectnow.today/about" "Mozilla/5.0 (Windows NT 6.3; WOW64) AppleWebKit/537.36 (KHTML, like Gecko) Chrome/33.0.1750.146 Safari/537.36"
135.23.250.207 - - [11/Mar/2014:01:21:02 +0000] "GET /css/main.css HTTP/1.1" 200 2323 "http://connectnow.today/about" "Mozilla/5.0 (Windows NT 6.3; WOW64) AppleWebKit/537.36 (KHTML, like Gecko) Chrome/33.0.1750.146 Safari/537.36"
135.23.250.207 - - [11/Mar/2014:01:21:02 +0000] "GET /img/navlogo.png HTTP/1.1" 200 3247 "http://connectnow.today/about" "Mozilla/5.0 (Windows NT 6.3; WOW64) AppleWebKit/537.36 (KHTML, like Gecko) Chrome/33.0.1750.146 Safari/537.36"
135.23.250.207 - - [11/Mar/2014:01:21:02 +0000] "GET /css/contact.css HTTP/1.1" 200 807 "http://connectnow.today/contact" "Mozilla/5.0 (Windows NT 6.3; WOW64) AppleWebKit/537.36 (KHTML, like Gecko) Chrome/33.0.1750.146 Safari/537.36"
135.23.250.207 - - [11/Mar/2014:01:21:02 +0000] "GET /connectnow/public/img/searchbg.png HTTP/1.1" 404 13071 "http://connectnow.today/contact" "Mozilla/5.0 (Windows NT 6.3; WOW64) AppleWebKit/537.36 (KHTML, like Gecko) Chrome/33.0.1750.146 Safari/537.36"
135.23.250.207 - - [11/Mar/2014:01:21:03 +0000] "GET /about HTTP/1.1" 200 8318 "http://connectnow.today/contact" "Mozilla/5.0 (Windows NT 6.3; WOW64) AppleWebKit/537.36 (KHTML, like Gecko) Chrome/33.0.1750.146 Safari/537.36"
135.23.250.207 - - [11/Mar/2014:01:21:03 +0000] "GET /css/about.css HTTP/1.1" 200 804 "http://connectnow.today/about" "Mozilla/5.0 (Windows NT 6.3; WOW64) AppleWebKit/537.36 (KHTML, like Gecko) Chrome/33.0.1750.146 Safari/537.36"
135.23.250.207 - - [11/Mar/2014:01:21:03 +0000] "GET /img/about.jpg HTTP/1.1" 200 9948 "http://connectnow.today/about" "Mozilla/5.0 (Windows NT 6.3; WOW64) AppleWebKit/537.36 (KHTML, like Gecko) Chrome/33.0.1750.146 Safari/537.36"
135.23.250.207 - - [11/Mar/2014:01:21:03 +0000] "GET /img/blue80.png HTTP/1.1" 200 1456 "http://connectnow.today/about" "Mozilla/5.0 (Windows NT 6.3; WOW64) AppleWebKit/537.36 (KHTML, like Gecko) Chrome/33.0.1750.146 Safari/537.36"
135.23.250.207 - - [11/Mar/2014:01:21:03 +0000] "GET /connectnow/public/img/searchbg.png HTTP/1.1" 404 13069 "http://connectnow.today/about" "Mozilla/5.0 (Windows NT 6.3; WOW64) AppleWebKit/537.36 (KHTML, like Gecko) Chrome/33.0.1750.146 Safari/537.36"
127.0.0.1 - - [11/Mar/2014:01:21:11 +0000] "OPTIONS * HTTP/1.0" 200 125 "-" "Apache/2.4.6 (Ubuntu) PHP/5.5.7-1+sury.org~precise+1 (internal dummy connection)"
108.162.242.119 - - [11/Mar/2014:01:26:48 +0000] "GET /about HTTP/1.1" 200 8317 "-" "Mozilla/5.0 (Windows NT 6.1; WOW64) AppleWebKit/537.36 (KHTML, like Gecko) Chrome/33.0.1750.146 Safari/537.36"
108.162.242.118 - - [11/Mar/2014:01:26:48 +0000] "GET /css/about.css HTTP/1.1" 200 811 "http://connectnow.today/about" "Mozilla/5.0 (Windows NT 6.1; WOW64) AppleWebKit/537.36 (KHTML, like Gecko) Chrome/33.0.1750.146 Safari/537.36"
108.162.241.119 - - [11/Mar/2014:01:26:48 +0000] "GET /connectnow/public/img/searchbg.png HTTP/1.1" 404 13218 "http://connectnow.today/about" "Mozilla/5.0 (Windows NT 6.1; WOW64) AppleWebKit/537.36 (KHTML, like Gecko) Chrome/33.0.1750.146 Safari/537.36"
108.162.242.119 - - [11/Mar/2014:01:26:53 +0000] "GET /about HTTP/1.1" 200 8317 "-" "Mozilla/5.0 (Windows NT 6.1; WOW64) AppleWebKit/537.36 (KHTML, like Gecko) Chrome/33.0.1750.146 Safari/537.36"
108.162.242.118 - - [11/Mar/2014:01:26:53 +0000] "GET /css/about.css HTTP/1.1" 200 801 "http://connectnow.today/about" "Mozilla/5.0 (Windows NT 6.1; WOW64) AppleWebKit/537.36 (KHTML, like Gecko) Chrome/33.0.1750.146 Safari/537.36"
108.162.241.119 - - [11/Mar/2014:01:26:53 +0000] "GET /connectnow/public/img/searchbg.png HTTP/1.1" 404 13236 "http://connectnow.today/about" "Mozilla/5.0 (Windows NT 6.1; WOW64) AppleWebKit/537.36 (KHTML, like Gecko) Chrome/33.0.1750.146 Safari/537.36"
108.162.242.216 - - [11/Mar/2014:01:26:54 +0000] "GET /favicon.ico HTTP/1.1" 200 10492 "-" "Mozilla/5.0 (Windows NT 6.1; WOW64) AppleWebKit/537.36 (KHTML, like Gecko) Chrome/33.0.1750.146 Safari/537.36"
108.162.242.119 - - [11/Mar/2014:01:27:01 +0000] "GET /about HTTP/1.1" 200 8319 "-" "Mozilla/5.0 (Windows NT 6.1; WOW64) AppleWebKit/537.36 (KHTML, like Gecko) Chrome/33.0.1750.146 Safari/537.36"
108.162.242.118 - - [11/Mar/2014:01:27:01 +0000] "GET /css/about.css HTTP/1.1" 200 805 "http://connectnow.today/about" "Mozilla/5.0 (Windows NT 6.1; WOW64) AppleWebKit/537.36 (KHTML, like Gecko) Chrome/33.0.1750.146 Safari/537.36"
108.162.241.119 - - [11/Mar/2014:01:27:02 +0000] "GET /connectnow/public/img/searchbg.png HTTP/1.1" 404 13218 "http://connectnow.today/about" "Mozilla/5.0 (Windows NT 6.1; WOW64) AppleWebKit/537.36 (KHTML, like Gecko) Chrome/33.0.1750.146 Safari/537.36"
108.162.242.119 - - [11/Mar/2014:01:27:09 +0000] "GET /about HTTP/1.1" 200 8317 "-" "Mozilla/5.0 (Windows NT 6.1; WOW64) AppleWebKit/537.36 (KHTML, like Gecko) Chrome/33.0.1750.146 Safari/537.36"
108.162.242.118 - - [11/Mar/2014:01:27:10 +0000] "GET /css/about.css HTTP/1.1" 200 807 "http://connectnow.today/about" "Mozilla/5.0 (Windows NT 6.1; WOW64) AppleWebKit/537.36 (KHTML, like Gecko) Chrome/33.0.1750.146 Safari/537.36"
108.162.241.119 - - [11/Mar/2014:01:27:10 +0000] "GET /connectnow/public/img/searchbg.png HTTP/1.1" 404 13242 "http://connectnow.today/about" "Mozilla/5.0 (Windows NT 6.1; WOW64) AppleWebKit/537.36 (KHTML, like Gecko) Chrome/33.0.1750.146 Safari/537.36"
135.23.250.207 - - [11/Mar/2014:01:27:12 +0000] "GET /about HTTP/1.1" 200 8317 "http://connectnow.today/about" "Mozilla/5.0 (Windows NT 6.3; WOW64) AppleWebKit/537.36 (KHTML, like Gecko) Chrome/33.0.1750.146 Safari/537.36"
135.23.250.207 - - [11/Mar/2014:01:27:12 +0000] "GET /css/bootstrap.min.css HTTP/1.1" 200 17169 "http://connectnow.today/about" "Mozilla/5.0 (Windows NT 6.3; WOW64) AppleWebKit/537.36 (KHTML, like Gecko) Chrome/33.0.1750.146 Safari/537.36"
135.23.250.207 - - [11/Mar/2014:01:27:12 +0000] "GET /css/elusive-webfont.css HTTP/1.1" 200 2829 "http://connectnow.today/about" "Mozilla/5.0 (Windows NT 6.3; WOW64) AppleWebKit/537.36 (KHTML, like Gecko) Chrome/33.0.1750.146 Safari/537.36"
135.23.250.207 - - [11/Mar/2014:01:27:12 +0000] "GET /css/semantic.min.css HTTP/1.1" 200 35460 "http://connectnow.today/about" "Mozilla/5.0 (Windows NT 6.3; WOW64) AppleWebKit/537.36 (KHTML, like Gecko) Chrome/33.0.1750.146 Safari/537.36"
135.23.250.207 - - [11/Mar/2014:01:27:12 +0000] "GET /css/main.css HTTP/1.1" 200 2323 "http://connectnow.today/about" "Mozilla/5.0 (Windows NT 6.3; WOW64) AppleWebKit/537.36 (KHTML, like Gecko) Chrome/33.0.1750.146 Safari/537.36"
135.23.250.207 - - [11/Mar/2014:01:27:12 +0000] "GET /img/navlogo.png HTTP/1.1" 200 3247 "http://connectnow.today/about" "Mozilla/5.0 (Windows NT 6.3; WOW64) AppleWebKit/537.36 (KHTML, like Gecko) Chrome/33.0.1750.146 Safari/537.36"
135.23.250.207 - - [11/Mar/2014:01:27:12 +0000] "GET /webfonts.js HTTP/1.1" 200 2067 "http://connectnow.today/about" "Mozilla/5.0 (Windows NT 6.3; WOW64) AppleWebKit/537.36 (KHTML, like Gecko) Chrome/33.0.1750.146 Safari/537.36"
135.23.250.207 - - [11/Mar/2014:01:27:12 +0000] "GET /js/jquery.min.js HTTP/1.1" 200 33154 "http://connectnow.today/about" "Mozilla/5.0 (Windows NT 6.3; WOW64) AppleWebKit/537.36 (KHTML, like Gecko) Chrome/33.0.1750.146 Safari/537.36"
135.23.250.207 - - [11/Mar/2014:01:27:12 +0000] "GET /css/about.css HTTP/1.1" 200 809 "http://connectnow.today/about" "Mozilla/5.0 (Windows NT 6.3; WOW64) AppleWebKit/537.36 (KHTML, like Gecko) Chrome/33.0.1750.146 Safari/537.36"
135.23.250.207 - - [11/Mar/2014:01:27:12 +0000] "GET /js/transit.js HTTP/1.1" 200 3063 "http://connectnow.today/about" "Mozilla/5.0 (Windows NT 6.3; WOW64) AppleWebKit/537.36 (KHTML, like Gecko) Chrome/33.0.1750.146 Safari/537.36"
135.23.250.207 - - [11/Mar/2014:01:27:12 +0000] "GET /js/bootstrap.min.js HTTP/1.1" 200 7636 "http://connectnow.today/about" "Mozilla/5.0 (Windows NT 6.3; WOW64) AppleWebKit/537.36 (KHTML, like Gecko) Chrome/33.0.1750.146 Safari/537.36"
135.23.250.207 - - [11/Mar/2014:01:27:12 +0000] "GET /img/about.jpg HTTP/1.1" 200 9948 "http://connectnow.today/about" "Mozilla/5.0 (Windows NT 6.3; WOW64) AppleWebKit/537.36 (KHTML, like Gecko) Chrome/33.0.1750.146 Safari/537.36"
135.23.250.207 - - [11/Mar/2014:01:27:12 +0000] "GET /fonts/Elusive-Icons.ttf HTTP/1.1" 200 37234 "http://connectnow.today/about" "Mozilla/5.0 (Windows NT 6.3; WOW64) AppleWebKit/537.36 (KHTML, like Gecko) Chrome/33.0.1750.146 Safari/537.36"
135.23.250.207 - - [11/Mar/2014:01:27:12 +0000] "GET /fonts/glyphicons-halflings-regular.woff HTTP/1.1" 200 23403 "http://connectnow.today/about" "Mozilla/5.0 (Windows NT 6.3; WOW64) AppleWebKit/537.36 (KHTML, like Gecko) Chrome/33.0.1750.146 Safari/537.36"
135.23.250.207 - - [11/Mar/2014:01:27:12 +0000] "GET /img/blue80.png HTTP/1.1" 200 1456 "http://connectnow.today/about" "Mozilla/5.0 (Windows NT 6.3; WOW64) AppleWebKit/537.36 (KHTML, like Gecko) Chrome/33.0.1750.146 Safari/537.36"
135.23.250.207 - - [11/Mar/2014:01:27:12 +0000] "GET /connectnow/public/img/searchbg.png HTTP/1.1" 404 13075 "http://connectnow.today/about" "Mozilla/5.0 (Windows NT 6.3; WOW64) AppleWebKit/537.36 (KHTML, like Gecko) Chrome/33.0.1750.146 Safari/537.36"
135.23.250.207 - - [11/Mar/2014:01:27:14 +0000] "GET /about HTTP/1.1" 200 8318 "http://connectnow.today/about" "Mozilla/5.0 (Windows NT 6.3; WOW64) AppleWebKit/537.36 (KHTML, like Gecko) Chrome/33.0.1750.146 Safari/537.36"
135.23.250.207 - - [11/Mar/2014:01:27:14 +0000] "GET /css/bootstrap.min.css HTTP/1.1" 200 17169 "http://connectnow.today/about" "Mozilla/5.0 (Windows NT 6.3; WOW64) AppleWebKit/537.36 (KHTML, like Gecko) Chrome/33.0.1750.146 Safari/537.36"
135.23.250.207 - - [11/Mar/2014:01:27:14 +0000] "GET /css/elusive-webfont.css HTTP/1.1" 200 2828 "http://connectnow.today/about" "Mozilla/5.0 (Windows NT 6.3; WOW64) AppleWebKit/537.36 (KHTML, like Gecko) Chrome/33.0.1750.146 Safari/537.36"
135.23.250.207 - - [11/Mar/2014:01:27:14 +0000] "GET /css/semantic.min.css HTTP/1.1" 200 35459 "http://connectnow.today/about" "Mozilla/5.0 (Windows NT 6.3; WOW64) AppleWebKit/537.36 (KHTML, like Gecko) Chrome/33.0.1750.146 Safari/537.36"
135.23.250.207 - - [11/Mar/2014:01:27:14 +0000] "GET /css/main.css HTTP/1.1" 200 2322 "http://connectnow.today/about" "Mozilla/5.0 (Windows NT 6.3; WOW64) AppleWebKit/537.36 (KHTML, like Gecko) Chrome/33.0.1750.146 Safari/537.36"
135.23.250.207 - - [11/Mar/2014:01:27:14 +0000] "GET /css/about.css HTTP/1.1" 200 812 "http://connectnow.today/about" "Mozilla/5.0 (Windows NT 6.3; WOW64) AppleWebKit/537.36 (KHTML, like Gecko) Chrome/33.0.1750.146 Safari/537.36"
135.23.250.207 - - [11/Mar/2014:01:27:14 +0000] "GET /webfonts.js HTTP/1.1" 200 2067 "http://connectnow.today/about" "Mozilla/5.0 (Windows NT 6.3; WOW64) AppleWebKit/537.36 (KHTML, like Gecko) Chrome/33.0.1750.146 Safari/537.36"
135.23.250.207 - - [11/Mar/2014:01:27:14 +0000] "GET /js/jquery.min.js HTTP/1.1" 200 33154 "http://connectnow.today/about" "Mozilla/5.0 (Windows NT 6.3; WOW64) AppleWebKit/537.36 (KHTML, like Gecko) Chrome/33.0.1750.146 Safari/537.36"
135.23.250.207 - - [11/Mar/2014:01:27:14 +0000] "GET /js/transit.js HTTP/1.1" 200 3063 "http://connectnow.today/about" "Mozilla/5.0 (Windows NT 6.3; WOW64) AppleWebKit/537.36 (KHTML, like Gecko) Chrome/33.0.1750.146 Safari/537.36"
135.23.250.207 - - [11/Mar/2014:01:27:14 +0000] "GET /js/bootstrap.min.js HTTP/1.1" 200 7636 "http://connectnow.today/about" "Mozilla/5.0 (Windows NT 6.3; WOW64) AppleWebKit/537.36 (KHTML, like Gecko) Chrome/33.0.1750.146 Safari/537.36"
135.23.250.207 - - [11/Mar/2014:01:27:14 +0000] "GET /img/navlogo.png HTTP/1.1" 200 3247 "http://connectnow.today/about" "Mozilla/5.0 (Windows NT 6.3; WOW64) AppleWebKit/537.36 (KHTML, like Gecko) Chrome/33.0.1750.146 Safari/537.36"
135.23.250.207 - - [11/Mar/2014:01:27:14 +0000] "GET /img/about.jpg HTTP/1.1" 200 9948 "http://connectnow.today/about" "Mozilla/5.0 (Windows NT 6.3; WOW64) AppleWebKit/537.36 (KHTML, like Gecko) Chrome/33.0.1750.146 Safari/537.36"
135.23.250.207 - - [11/Mar/2014:01:27:15 +0000] "GET /fonts/Elusive-Icons.ttf HTTP/1.1" 200 37234 "http://connectnow.today/about" "Mozilla/5.0 (Windows NT 6.3; WOW64) AppleWebKit/537.36 (KHTML, like Gecko) Chrome/33.0.1750.146 Safari/537.36"
135.23.250.207 - - [11/Mar/2014:01:27:15 +0000] "GET /img/blue80.png HTTP/1.1" 200 1456 "http://connectnow.today/about" "Mozilla/5.0 (Windows NT 6.3; WOW64) AppleWebKit/537.36 (KHTML, like Gecko) Chrome/33.0.1750.146 Safari/537.36"
135.23.250.207 - - [11/Mar/2014:01:27:15 +0000] "GET /connectnow/public/img/searchbg.png HTTP/1.1" 404 13092 "http://connectnow.today/about" "Mozilla/5.0 (Windows NT 6.3; WOW64) AppleWebKit/537.36 (KHTML, like Gecko) Chrome/33.0.1750.146 Safari/537.36"
135.23.250.207 - - [11/Mar/2014:01:27:15 +0000] "GET /fonts/glyphicons-halflings-regular.woff HTTP/1.1" 200 23403 "http://connectnow.today/about" "Mozilla/5.0 (Windows NT 6.3; WOW64) AppleWebKit/537.36 (KHTML, like Gecko) Chrome/33.0.1750.146 Safari/537.36"
135.23.250.207 - - [11/Mar/2014:01:27:15 +0000] "GET /about HTTP/1.1" 200 8318 "http://connectnow.today/about" "Mozilla/5.0 (Windows NT 6.3; WOW64) AppleWebKit/537.36 (KHTML, like Gecko) Chrome/33.0.1750.146 Safari/537.36"
135.23.250.207 - - [11/Mar/2014:01:27:15 +0000] "GET /css/bootstrap.min.css HTTP/1.1" 200 17169 "http://connectnow.today/about" "Mozilla/5.0 (Windows NT 6.3; WOW64) AppleWebKit/537.36 (KHTML, like Gecko) Chrome/33.0.1750.146 Safari/537.36"
135.23.250.207 - - [11/Mar/2014:01:27:15 +0000] "GET /css/elusive-webfont.css HTTP/1.1" 200 2828 "http://connectnow.today/about" "Mozilla/5.0 (Windows NT 6.3; WOW64) AppleWebKit/537.36 (KHTML, like Gecko) Chrome/33.0.1750.146 Safari/537.36"
135.23.250.207 - - [11/Mar/2014:01:27:15 +0000] "GET /css/semantic.min.css HTTP/1.1" 200 35459 "http://connectnow.today/about" "Mozilla/5.0 (Windows NT 6.3; WOW64) AppleWebKit/537.36 (KHTML, like Gecko) Chrome/33.0.1750.146 Safari/537.36"
135.23.250.207 - - [11/Mar/2014:01:27:15 +0000] "GET /css/main.css HTTP/1.1" 200 2322 "http://connectnow.today/about" "Mozilla/5.0 (Windows NT 6.3; WOW64) AppleWebKit/537.36 (KHTML, like Gecko) Chrome/33.0.1750.146 Safari/537.36"
135.23.250.207 - - [11/Mar/2014:01:27:15 +0000] "GET /css/about.css HTTP/1.1" 200 808 "http://connectnow.today/about" "Mozilla/5.0 (Windows NT 6.3; WOW64) AppleWebKit/537.36 (KHTML, like Gecko) Chrome/33.0.1750.146 Safari/537.36"
135.23.250.207 - - [11/Mar/2014:01:27:16 +0000] "GET /webfonts.js HTTP/1.1" 200 2067 "http://connectnow.today/about" "Mozilla/5.0 (Windows NT 6.3; WOW64) AppleWebKit/537.36 (KHTML, like Gecko) Chrome/33.0.1750.146 Safari/537.36"
135.23.250.207 - - [11/Mar/2014:01:27:16 +0000] "GET /js/jquery.min.js HTTP/1.1" 200 33154 "http://connectnow.today/about" "Mozilla/5.0 (Windows NT 6.3; WOW64) AppleWebKit/537.36 (KHTML, like Gecko) Chrome/33.0.1750.146 Safari/537.36"
135.23.250.207 - - [11/Mar/2014:01:27:16 +0000] "GET /js/transit.js HTTP/1.1" 200 3063 "http://connectnow.today/about" "Mozilla/5.0 (Windows NT 6.3; WOW64) AppleWebKit/537.36 (KHTML, like Gecko) Chrome/33.0.1750.146 Safari/537.36"
135.23.250.207 - - [11/Mar/2014:01:27:16 +0000] "GET /js/bootstrap.min.js HTTP/1.1" 200 7636 "http://connectnow.today/about" "Mozilla/5.0 (Windows NT 6.3; WOW64) AppleWebKit/537.36 (KHTML, like Gecko) Chrome/33.0.1750.146 Safari/537.36"
135.23.250.207 - - [11/Mar/2014:01:27:16 +0000] "GET /img/about.jpg HTTP/1.1" 200 9948 "http://connectnow.today/about" "Mozilla/5.0 (Windows NT 6.3; WOW64) AppleWebKit/537.36 (KHTML, like Gecko) Chrome/33.0.1750.146 Safari/537.36"
135.23.250.207 - - [11/Mar/2014:01:27:16 +0000] "GET /img/navlogo.png HTTP/1.1" 200 3247 "http://connectnow.today/about" "Mozilla/5.0 (Windows NT 6.3; WOW64) AppleWebKit/537.36 (KHTML, like Gecko) Chrome/33.0.1750.146 Safari/537.36"
135.23.250.207 - - [11/Mar/2014:01:27:16 +0000] "GET /fonts/Elusive-Icons.ttf HTTP/1.1" 200 37234 "http://connectnow.today/about" "Mozilla/5.0 (Windows NT 6.3; WOW64) AppleWebKit/537.36 (KHTML, like Gecko) Chrome/33.0.1750.146 Safari/537.36"
135.23.250.207 - - [11/Mar/2014:01:27:16 +0000] "GET /connectnow/public/img/searchbg.png HTTP/1.1" 404 13096 "http://connectnow.today/about" "Mozilla/5.0 (Windows NT 6.3; WOW64) AppleWebKit/537.36 (KHTML, like Gecko) Chrome/33.0.1750.146 Safari/537.36"
135.23.250.207 - - [11/Mar/2014:01:27:16 +0000] "GET /fonts/glyphicons-halflings-regular.woff HTTP/1.1" 200 23403 "http://connectnow.today/about" "Mozilla/5.0 (Windows NT 6.3; WOW64) AppleWebKit/537.36 (KHTML, like Gecko) Chrome/33.0.1750.146 Safari/537.36"
135.23.250.207 - - [11/Mar/2014:01:27:16 +0000] "GET /img/blue80.png HTTP/1.1" 200 1456 "http://connectnow.today/about" "Mozilla/5.0 (Windows NT 6.3; WOW64) AppleWebKit/537.36 (KHTML, like Gecko) Chrome/33.0.1750.146 Safari/537.36"
108.162.242.119 - - [11/Mar/2014:01:27:16 +0000] "GET /about HTTP/1.1" 200 8317 "-" "Mozilla/5.0 (Windows NT 6.1; WOW64) AppleWebKit/537.36 (KHTML, like Gecko) Chrome/33.0.1750.146 Safari/537.36"
108.162.242.118 - - [11/Mar/2014:01:27:16 +0000] "GET /css/about.css HTTP/1.1" 200 807 "http://connectnow.today/about" "Mozilla/5.0 (Windows NT 6.1; WOW64) AppleWebKit/537.36 (KHTML, like Gecko) Chrome/33.0.1750.146 Safari/537.36"
108.162.241.119 - - [11/Mar/2014:01:27:16 +0000] "GET /connectnow/public/img/searchbg.png HTTP/1.1" 404 13244 "http://connectnow.today/about" "Mozilla/5.0 (Windows NT 6.1; WOW64) AppleWebKit/537.36 (KHTML, like Gecko) Chrome/33.0.1750.146 Safari/537.36"
108.162.242.119 - - [11/Mar/2014:01:27:17 +0000] "GET /about HTTP/1.1" 200 8316 "-" "Mozilla/5.0 (Windows NT 6.1; WOW64) AppleWebKit/537.36 (KHTML, like Gecko) Chrome/33.0.1750.146 Safari/537.36"
108.162.242.118 - - [11/Mar/2014:01:27:17 +0000] "GET /css/about.css HTTP/1.1" 200 807 "http://connectnow.today/about" "Mozilla/5.0 (Windows NT 6.1; WOW64) AppleWebKit/537.36 (KHTML, like Gecko) Chrome/33.0.1750.146 Safari/537.36"
108.162.241.119 - - [11/Mar/2014:01:27:17 +0000] "GET /connectnow/public/img/searchbg.png HTTP/1.1" 404 13240 "http://connectnow.today/about" "Mozilla/5.0 (Windows NT 6.1; WOW64) AppleWebKit/537.36 (KHTML, like Gecko) Chrome/33.0.1750.146 Safari/537.36"
108.162.242.119 - - [11/Mar/2014:01:27:18 +0000] "GET /about HTTP/1.1" 200 8314 "-" "Mozilla/5.0 (Windows NT 6.1; WOW64) AppleWebKit/537.36 (KHTML, like Gecko) Chrome/33.0.1750.146 Safari/537.36"
108.162.242.118 - - [11/Mar/2014:01:27:19 +0000] "GET /css/about.css HTTP/1.1" 200 808 "http://connectnow.today/about" "Mozilla/5.0 (Windows NT 6.1; WOW64) AppleWebKit/537.36 (KHTML, like Gecko) Chrome/33.0.1750.146 Safari/537.36"
108.162.241.119 - - [11/Mar/2014:01:27:19 +0000] "GET /connectnow/public/img/searchbg.png HTTP/1.1" 404 13230 "http://connectnow.today/about" "Mozilla/5.0 (Windows NT 6.1; WOW64) AppleWebKit/537.36 (KHTML, like Gecko) Chrome/33.0.1750.146 Safari/537.36"
127.0.0.1 - - [11/Mar/2014:01:27:23 +0000] "OPTIONS * HTTP/1.0" 200 125 "-" "Apache/2.4.6 (Ubuntu) PHP/5.5.7-1+sury.org~precise+1 (internal dummy connection)"
127.0.0.1 - - [11/Mar/2014:01:27:24 +0000] "OPTIONS * HTTP/1.0" 200 125 "-" "Apache/2.4.6 (Ubuntu) PHP/5.5.7-1+sury.org~precise+1 (internal dummy connection)"
127.0.0.1 - - [11/Mar/2014:01:27:25 +0000] "OPTIONS * HTTP/1.0" 200 125 "-" "Apache/2.4.6 (Ubuntu) PHP/5.5.7-1+sury.org~precise+1 (internal dummy connection)"
135.23.250.207 - - [11/Mar/2014:01:27:40 +0000] "GET /about HTTP/1.1" 200 8319 "http://connectnow.today/about" "Mozilla/5.0 (Windows NT 6.3; WOW64) AppleWebKit/537.36 (KHTML, like Gecko) Chrome/33.0.1750.146 Safari/537.36"
135.23.250.207 - - [11/Mar/2014:01:27:40 +0000] "GET /css/bootstrap.min.css HTTP/1.1" 200 17169 "http://connectnow.today/about" "Mozilla/5.0 (Windows NT 6.3; WOW64) AppleWebKit/537.36 (KHTML, like Gecko) Chrome/33.0.1750.146 Safari/537.36"
135.23.250.207 - - [11/Mar/2014:01:27:40 +0000] "GET /css/elusive-webfont.css HTTP/1.1" 200 2829 "http://connectnow.today/about" "Mozilla/5.0 (Windows NT 6.3; WOW64) AppleWebKit/537.36 (KHTML, like Gecko) Chrome/33.0.1750.146 Safari/537.36"
135.23.250.207 - - [11/Mar/2014:01:27:40 +0000] "GET /css/semantic.min.css HTTP/1.1" 200 35460 "http://connectnow.today/about" "Mozilla/5.0 (Windows NT 6.3; WOW64) AppleWebKit/537.36 (KHTML, like Gecko) Chrome/33.0.1750.146 Safari/537.36"
135.23.250.207 - - [11/Mar/2014:01:27:40 +0000] "GET /css/main.css HTTP/1.1" 200 2323 "http://connectnow.today/about" "Mozilla/5.0 (Windows NT 6.3; WOW64) AppleWebKit/537.36 (KHTML, like Gecko) Chrome/33.0.1750.146 Safari/537.36"
135.23.250.207 - - [11/Mar/2014:01:27:40 +0000] "GET /img/navlogo.png HTTP/1.1" 200 3247 "http://connectnow.today/about" "Mozilla/5.0 (Windows NT 6.3; WOW64) AppleWebKit/537.36 (KHTML, like Gecko) Chrome/33.0.1750.146 Safari/537.36"
135.23.250.207 - - [11/Mar/2014:01:27:40 +0000] "GET /webfonts.js HTTP/1.1" 200 2067 "http://connectnow.today/about" "Mozilla/5.0 (Windows NT 6.3; WOW64) AppleWebKit/537.36 (KHTML, like Gecko) Chrome/33.0.1750.146 Safari/537.36"
135.23.250.207 - - [11/Mar/2014:01:27:40 +0000] "GET /js/jquery.min.js HTTP/1.1" 200 33154 "http://connectnow.today/about" "Mozilla/5.0 (Windows NT 6.3; WOW64) AppleWebKit/537.36 (KHTML, like Gecko) Chrome/33.0.1750.146 Safari/537.36"
135.23.250.207 - - [11/Mar/2014:01:27:40 +0000] "GET /css/about.css HTTP/1.1" 200 805 "http://connectnow.today/about" "Mozilla/5.0 (Windows NT 6.3; WOW64) AppleWebKit/537.36 (KHTML, like Gecko) Chrome/33.0.1750.146 Safari/537.36"
135.23.250.207 - - [11/Mar/2014:01:27:40 +0000] "GET /js/transit.js HTTP/1.1" 200 3063 "http://connectnow.today/about" "Mozilla/5.0 (Windows NT 6.3; WOW64) AppleWebKit/537.36 (KHTML, like Gecko) Chrome/33.0.1750.146 Safari/537.36"
135.23.250.207 - - [11/Mar/2014:01:27:40 +0000] "GET /js/bootstrap.min.js HTTP/1.1" 200 7636 "http://connectnow.today/about" "Mozilla/5.0 (Windows NT 6.3; WOW64) AppleWebKit/537.36 (KHTML, like Gecko) Chrome/33.0.1750.146 Safari/537.36"
135.23.250.207 - - [11/Mar/2014:01:27:40 +0000] "GET /img/about.jpg HTTP/1.1" 200 9948 "http://connectnow.today/about" "Mozilla/5.0 (Windows NT 6.3; WOW64) AppleWebKit/537.36 (KHTML, like Gecko) Chrome/33.0.1750.146 Safari/537.36"
135.23.250.207 - - [11/Mar/2014:01:27:40 +0000] "GET /fonts/Elusive-Icons.ttf HTTP/1.1" 200 37234 "http://connectnow.today/about" "Mozilla/5.0 (Windows NT 6.3; WOW64) AppleWebKit/537.36 (KHTML, like Gecko) Chrome/33.0.1750.146 Safari/537.36"
135.23.250.207 - - [11/Mar/2014:01:27:40 +0000] "GET /connectnow/public/img/searchbg.png HTTP/1.1" 404 13105 "http://connectnow.today/about" "Mozilla/5.0 (Windows NT 6.3; WOW64) AppleWebKit/537.36 (KHTML, like Gecko) Chrome/33.0.1750.146 Safari/537.36"
135.23.250.207 - - [11/Mar/2014:01:27:40 +0000] "GET /img/blue80.png HTTP/1.1" 200 1456 "http://connectnow.today/about" "Mozilla/5.0 (Windows NT 6.3; WOW64) AppleWebKit/537.36 (KHTML, like Gecko) Chrome/33.0.1750.146 Safari/537.36"
135.23.250.207 - - [11/Mar/2014:01:27:40 +0000] "GET /fonts/glyphicons-halflings-regular.woff HTTP/1.1" 200 23403 "http://connectnow.today/about" "Mozilla/5.0 (Windows NT 6.3; WOW64) AppleWebKit/537.36 (KHTML, like Gecko) Chrome/33.0.1750.146 Safari/537.36"
135.23.250.207 - - [11/Mar/2014:01:27:41 +0000] "GET /about HTTP/1.1" 200 8318 "http://connectnow.today/about" "Mozilla/5.0 (Windows NT 6.3; WOW64) AppleWebKit/537.36 (KHTML, like Gecko) Chrome/33.0.1750.146 Safari/537.36"
135.23.250.207 - - [11/Mar/2014:01:27:41 +0000] "GET /css/bootstrap.min.css HTTP/1.1" 200 17169 "http://connectnow.today/about" "Mozilla/5.0 (Windows NT 6.3; WOW64) AppleWebKit/537.36 (KHTML, like Gecko) Chrome/33.0.1750.146 Safari/537.36"
135.23.250.207 - - [11/Mar/2014:01:27:41 +0000] "GET /css/elusive-webfont.css HTTP/1.1" 200 2828 "http://connectnow.today/about" "Mozilla/5.0 (Windows NT 6.3; WOW64) AppleWebKit/537.36 (KHTML, like Gecko) Chrome/33.0.1750.146 Safari/537.36"
135.23.250.207 - - [11/Mar/2014:01:27:41 +0000] "GET /css/main.css HTTP/1.1" 200 2322 "http://connectnow.today/about" "Mozilla/5.0 (Windows NT 6.3; WOW64) AppleWebKit/537.36 (KHTML, like Gecko) Chrome/33.0.1750.146 Safari/537.36"
135.23.250.207 - - [11/Mar/2014:01:27:41 +0000] "GET /css/semantic.min.css HTTP/1.1" 200 35459 "http://connectnow.today/about" "Mozilla/5.0 (Windows NT 6.3; WOW64) AppleWebKit/537.36 (KHTML, like Gecko) Chrome/33.0.1750.146 Safari/537.36"
135.23.250.207 - - [11/Mar/2014:01:27:41 +0000] "GET /css/about.css HTTP/1.1" 200 804 "http://connectnow.today/about" "Mozilla/5.0 (Windows NT 6.3; WOW64) AppleWebKit/537.36 (KHTML, like Gecko) Chrome/33.0.1750.146 Safari/537.36"
135.23.250.207 - - [11/Mar/2014:01:27:41 +0000] "GET /webfonts.js HTTP/1.1" 200 2067 "http://connectnow.today/about" "Mozilla/5.0 (Windows NT 6.3; WOW64) AppleWebKit/537.36 (KHTML, like Gecko) Chrome/33.0.1750.146 Safari/537.36"
135.23.250.207 - - [11/Mar/2014:01:27:41 +0000] "GET /js/transit.js HTTP/1.1" 200 3063 "http://connectnow.today/about" "Mozilla/5.0 (Windows NT 6.3; WOW64) AppleWebKit/537.36 (KHTML, like Gecko) Chrome/33.0.1750.146 Safari/537.36"
135.23.250.207 - - [11/Mar/2014:01:27:41 +0000] "GET /js/bootstrap.min.js HTTP/1.1" 200 7636 "http://connectnow.today/about" "Mozilla/5.0 (Windows NT 6.3; WOW64) AppleWebKit/537.36 (KHTML, like Gecko) Chrome/33.0.1750.146 Safari/537.36"
135.23.250.207 - - [11/Mar/2014:01:27:41 +0000] "GET /js/jquery.min.js HTTP/1.1" 200 33154 "http://connectnow.today/about" "Mozilla/5.0 (Windows NT 6.3; WOW64) AppleWebKit/537.36 (KHTML, like Gecko) Chrome/33.0.1750.146 Safari/537.36"
135.23.250.207 - - [11/Mar/2014:01:27:41 +0000] "GET /img/navlogo.png HTTP/1.1" 200 3247 "http://connectnow.today/about" "Mozilla/5.0 (Windows NT 6.3; WOW64) AppleWebKit/537.36 (KHTML, like Gecko) Chrome/33.0.1750.146 Safari/537.36"
135.23.250.207 - - [11/Mar/2014:01:27:41 +0000] "GET /img/about.jpg HTTP/1.1" 200 9948 "http://connectnow.today/about" "Mozilla/5.0 (Windows NT 6.3; WOW64) AppleWebKit/537.36 (KHTML, like Gecko) Chrome/33.0.1750.146 Safari/537.36"
135.23.250.207 - - [11/Mar/2014:01:27:41 +0000] "GET /fonts/Elusive-Icons.ttf HTTP/1.1" 200 37234 "http://connectnow.today/about" "Mozilla/5.0 (Windows NT 6.3; WOW64) AppleWebKit/537.36 (KHTML, like Gecko) Chrome/33.0.1750.146 Safari/537.36"
135.23.250.207 - - [11/Mar/2014:01:27:41 +0000] "GET /connectnow/public/img/searchbg.png HTTP/1.1" 404 13098 "http://connectnow.today/about" "Mozilla/5.0 (Windows NT 6.3; WOW64) AppleWebKit/537.36 (KHTML, like Gecko) Chrome/33.0.1750.146 Safari/537.36"
135.23.250.207 - - [11/Mar/2014:01:27:41 +0000] "GET /img/blue80.png HTTP/1.1" 200 1456 "http://connectnow.today/about" "Mozilla/5.0 (Windows NT 6.3; WOW64) AppleWebKit/537.36 (KHTML, like Gecko) Chrome/33.0.1750.146 Safari/537.36"
135.23.250.207 - - [11/Mar/2014:01:27:41 +0000] "GET /fonts/glyphicons-halflings-regular.woff HTTP/1.1" 200 23403 "http://connectnow.today/about" "Mozilla/5.0 (Windows NT 6.3; WOW64) AppleWebKit/537.36 (KHTML, like Gecko) Chrome/33.0.1750.146 Safari/537.36"
127.0.0.1 - - [11/Mar/2014:01:27:49 +0000] "OPTIONS * HTTP/1.0" 200 125 "-" "Apache/2.4.6 (Ubuntu) PHP/5.5.7-1+sury.org~precise+1 (internal dummy connection)"
135.23.250.207 - - [11/Mar/2014:01:35:33 +0000] "GET /explore HTTP/1.1" 200 6650 "http://connectnow.today/about" "Mozilla/5.0 (Windows NT 6.3; WOW64) AppleWebKit/537.36 (KHTML, like Gecko) Chrome/33.0.1750.146 Safari/537.36"
135.23.250.207 - - [11/Mar/2014:01:35:33 +0000] "GET /css/bootstrap.min.css HTTP/1.1" 200 17169 "http://connectnow.today/about" "Mozilla/5.0 (Windows NT 6.3; WOW64) AppleWebKit/537.36 (KHTML, like Gecko) Chrome/33.0.1750.146 Safari/537.36"
135.23.250.207 - - [11/Mar/2014:01:35:33 +0000] "GET /css/elusive-webfont.css HTTP/1.1" 200 2829 "http://connectnow.today/about" "Mozilla/5.0 (Windows NT 6.3; WOW64) AppleWebKit/537.36 (KHTML, like Gecko) Chrome/33.0.1750.146 Safari/537.36"
135.23.250.207 - - [11/Mar/2014:01:35:33 +0000] "GET /css/semantic.min.css HTTP/1.1" 200 35460 "http://connectnow.today/about" "Mozilla/5.0 (Windows NT 6.3; WOW64) AppleWebKit/537.36 (KHTML, like Gecko) Chrome/33.0.1750.146 Safari/537.36"
135.23.250.207 - - [11/Mar/2014:01:35:33 +0000] "GET /css/explore.css HTTP/1.1" 200 765 "http://connectnow.today/explore" "Mozilla/5.0 (Windows NT 6.3; WOW64) AppleWebKit/537.36 (KHTML, like Gecko) Chrome/33.0.1750.146 Safari/537.36"
135.23.250.207 - - [11/Mar/2014:01:35:33 +0000] "GET /img/explore/icons/contest.png HTTP/1.1" 200 1998 "http://connectnow.today/explore" "Mozilla/5.0 (Windows NT 6.3; WOW64) AppleWebKit/537.36 (KHTML, like Gecko) Chrome/33.0.1750.146 Safari/537.36"
135.23.250.207 - - [11/Mar/2014:01:35:33 +0000] "GET /img/explore/icons/organization.png HTTP/1.1" 200 3128 "http://connectnow.today/explore" "Mozilla/5.0 (Windows NT 6.3; WOW64) AppleWebKit/537.36 (KHTML, like Gecko) Chrome/33.0.1750.146 Safari/537.36"
135.23.250.207 - - [11/Mar/2014:01:35:33 +0000] "GET /css/main.css HTTP/1.1" 200 2323 "http://connectnow.today/about" "Mozilla/5.0 (Windows NT 6.3; WOW64) AppleWebKit/537.36 (KHTML, like Gecko) Chrome/33.0.1750.146 Safari/537.36"
135.23.250.207 - - [11/Mar/2014:01:35:33 +0000] "GET /img/navlogo.png HTTP/1.1" 200 3247 "http://connectnow.today/about" "Mozilla/5.0 (Windows NT 6.3; WOW64) AppleWebKit/537.36 (KHTML, like Gecko) Chrome/33.0.1750.146 Safari/537.36"
135.23.250.207 - - [11/Mar/2014:01:35:33 +0000] "GET /img/explore/yellowbottom.png HTTP/1.1" 200 7110 "http://connectnow.today/explore" "Mozilla/5.0 (Windows NT 6.3; WOW64) AppleWebKit/537.36 (KHTML, like Gecko) Chrome/33.0.1750.146 Safari/537.36"
135.23.250.207 - - [11/Mar/2014:01:35:33 +0000] "GET /img/explore/icons/volunteering.png HTTP/1.1" 200 1256 "http://connectnow.today/explore" "Mozilla/5.0 (Windows NT 6.3; WOW64) AppleWebKit/537.36 (KHTML, like Gecko) Chrome/33.0.1750.146 Safari/537.36"
135.23.250.207 - - [11/Mar/2014:01:35:33 +0000] "GET /img/explore/red70.png HTTP/1.1" 200 1454 "http://connectnow.today/explore" "Mozilla/5.0 (Windows NT 6.3; WOW64) AppleWebKit/537.36 (KHTML, like Gecko) Chrome/33.0.1750.146 Safari/537.36"
135.23.250.207 - - [11/Mar/2014:01:35:33 +0000] "GET /img/explore/yellow70.png HTTP/1.1" 200 1457 "http://connectnow.today/explore" "Mozilla/5.0 (Windows NT 6.3; WOW64) AppleWebKit/537.36 (KHTML, like Gecko) Chrome/33.0.1750.146 Safari/537.36"
135.23.250.207 - - [11/Mar/2014:01:35:33 +0000] "GET /img/explore/blue70.png HTTP/1.1" 200 1453 "http://connectnow.today/explore" "Mozilla/5.0 (Windows NT 6.3; WOW64) AppleWebKit/537.36 (KHTML, like Gecko) Chrome/33.0.1750.146 Safari/537.36"
135.23.250.207 - - [11/Mar/2014:01:35:33 +0000] "GET /img/explore/stripe.png HTTP/1.1" 200 3281 "http://connectnow.today/explore" "Mozilla/5.0 (Windows NT 6.3; WOW64) AppleWebKit/537.36 (KHTML, like Gecko) Chrome/33.0.1750.146 Safari/537.36"
135.23.250.207 - - [11/Mar/2014:01:35:33 +0000] "GET /img/explore/bluebottom.png HTTP/1.1" 200 7112 "http://connectnow.today/explore" "Mozilla/5.0 (Windows NT 6.3; WOW64) AppleWebKit/537.36 (KHTML, like Gecko) Chrome/33.0.1750.146 Safari/537.36"
135.23.250.207 - - [11/Mar/2014:01:35:33 +0000] "GET /img/explore/redbottom.png HTTP/1.1" 200 68082 "http://connectnow.today/explore" "Mozilla/5.0 (Windows NT 6.3; WOW64) AppleWebKit/537.36 (KHTML, like Gecko) Chrome/33.0.1750.146 Safari/537.36"
135.23.250.207 - - [11/Mar/2014:01:35:33 +0000] "GET /connectnow/public/img/bg/explore.jpg HTTP/1.1" 404 13075 "http://connectnow.today/explore" "Mozilla/5.0 (Windows NT 6.3; WOW64) AppleWebKit/537.36 (KHTML, like Gecko) Chrome/33.0.1750.146 Safari/537.36"
135.23.250.207 - - [11/Mar/2014:01:35:33 +0000] "GET /connectnow/public/img/searchbg.png HTTP/1.1" 404 13075 "http://connectnow.today/explore" "Mozilla/5.0 (Windows NT 6.3; WOW64) AppleWebKit/537.36 (KHTML, like Gecko) Chrome/33.0.1750.146 Safari/537.36"
135.23.250.207 - - [11/Mar/2014:01:35:34 +0000] "GET /explore HTTP/1.1" 200 6645 "http://connectnow.today/about" "Mozilla/5.0 (Windows NT 6.3; WOW64) AppleWebKit/537.36 (KHTML, like Gecko) Chrome/33.0.1750.146 Safari/537.36"
135.23.250.207 - - [11/Mar/2014:01:35:34 +0000] "GET /css/elusive-webfont.css HTTP/1.1" 200 2828 "http://connectnow.today/about" "Mozilla/5.0 (Windows NT 6.3; WOW64) AppleWebKit/537.36 (KHTML, like Gecko) Chrome/33.0.1750.146 Safari/537.36"
135.23.250.207 - - [11/Mar/2014:01:35:34 +0000] "GET /css/bootstrap.min.css HTTP/1.1" 200 17169 "http://connectnow.today/about" "Mozilla/5.0 (Windows NT 6.3; WOW64) AppleWebKit/537.36 (KHTML, like Gecko) Chrome/33.0.1750.146 Safari/537.36"
135.23.250.207 - - [11/Mar/2014:01:35:34 +0000] "GET /css/semantic.min.css HTTP/1.1" 200 35459 "http://connectnow.today/about" "Mozilla/5.0 (Windows NT 6.3; WOW64) AppleWebKit/537.36 (KHTML, like Gecko) Chrome/33.0.1750.146 Safari/537.36"
135.23.250.207 - - [11/Mar/2014:01:35:34 +0000] "GET /css/main.css HTTP/1.1" 200 2322 "http://connectnow.today/about" "Mozilla/5.0 (Windows NT 6.3; WOW64) AppleWebKit/537.36 (KHTML, like Gecko) Chrome/33.0.1750.146 Safari/537.36"
135.23.250.207 - - [11/Mar/2014:01:35:34 +0000] "GET /css/explore.css HTTP/1.1" 200 765 "http://connectnow.today/explore" "Mozilla/5.0 (Windows NT 6.3; WOW64) AppleWebKit/537.36 (KHTML, like Gecko) Chrome/33.0.1750.146 Safari/537.36"
135.23.250.207 - - [11/Mar/2014:01:35:34 +0000] "GET /webfonts.js HTTP/1.1" 200 2067 "http://connectnow.today/explore" "Mozilla/5.0 (Windows NT 6.3; WOW64) AppleWebKit/537.36 (KHTML, like Gecko) Chrome/33.0.1750.146 Safari/537.36"
135.23.250.207 - - [11/Mar/2014:01:35:34 +0000] "GET /js/transit.js HTTP/1.1" 200 3063 "http://connectnow.today/explore" "Mozilla/5.0 (Windows NT 6.3; WOW64) AppleWebKit/537.36 (KHTML, like Gecko) Chrome/33.0.1750.146 Safari/537.36"
135.23.250.207 - - [11/Mar/2014:01:35:34 +0000] "GET /js/jquery.min.js HTTP/1.1" 200 33154 "http://connectnow.today/explore" "Mozilla/5.0 (Windows NT 6.3; WOW64) AppleWebKit/537.36 (KHTML, like Gecko) Chrome/33.0.1750.146 Safari/537.36"
135.23.250.207 - - [11/Mar/2014:01:35:34 +0000] "GET /img/navlogo.png HTTP/1.1" 200 3247 "http://connectnow.today/about" "Mozilla/5.0 (Windows NT 6.3; WOW64) AppleWebKit/537.36 (KHTML, like Gecko) Chrome/33.0.1750.146 Safari/537.36"
135.23.250.207 - - [11/Mar/2014:01:35:34 +0000] "GET /js/bootstrap.min.js HTTP/1.1" 200 7636 "http://connectnow.today/explore" "Mozilla/5.0 (Windows NT 6.3; WOW64) AppleWebKit/537.36 (KHTML, like Gecko) Chrome/33.0.1750.146 Safari/537.36"
135.23.250.207 - - [11/Mar/2014:01:35:34 +0000] "GET /img/explore/icons/organization.png HTTP/1.1" 200 3128 "http://connectnow.today/explore" "Mozilla/5.0 (Windows NT 6.3; WOW64) AppleWebKit/537.36 (KHTML, like Gecko) Chrome/33.0.1750.146 Safari/537.36"
135.23.250.207 - - [11/Mar/2014:01:35:34 +0000] "GET /img/explore/stripe.png HTTP/1.1" 200 3281 "http://connectnow.today/explore" "Mozilla/5.0 (Windows NT 6.3; WOW64) AppleWebKit/537.36 (KHTML, like Gecko) Chrome/33.0.1750.146 Safari/537.36"
135.23.250.207 - - [11/Mar/2014:01:35:34 +0000] "GET /img/explore/yellowbottom.png HTTP/1.1" 200 7110 "http://connectnow.today/explore" "Mozilla/5.0 (Windows NT 6.3; WOW64) AppleWebKit/537.36 (KHTML, like Gecko) Chrome/33.0.1750.146 Safari/537.36"
135.23.250.207 - - [11/Mar/2014:01:35:34 +0000] "GET /img/explore/icons/volunteering.png HTTP/1.1" 200 1256 "http://connectnow.today/explore" "Mozilla/5.0 (Windows NT 6.3; WOW64) AppleWebKit/537.36 (KHTML, like Gecko) Chrome/33.0.1750.146 Safari/537.36"
135.23.250.207 - - [11/Mar/2014:01:35:34 +0000] "GET /img/explore/yellow70.png HTTP/1.1" 200 1457 "http://connectnow.today/explore" "Mozilla/5.0 (Windows NT 6.3; WOW64) AppleWebKit/537.36 (KHTML, like Gecko) Chrome/33.0.1750.146 Safari/537.36"
135.23.250.207 - - [11/Mar/2014:01:35:34 +0000] "GET /img/explore/red70.png HTTP/1.1" 200 1454 "http://connectnow.today/explore" "Mozilla/5.0 (Windows NT 6.3; WOW64) AppleWebKit/537.36 (KHTML, like Gecko) Chrome/33.0.1750.146 Safari/537.36"
135.23.250.207 - - [11/Mar/2014:01:35:34 +0000] "GET /img/explore/bluebottom.png HTTP/1.1" 200 7112 "http://connectnow.today/explore" "Mozilla/5.0 (Windows NT 6.3; WOW64) AppleWebKit/537.36 (KHTML, like Gecko) Chrome/33.0.1750.146 Safari/537.36"
135.23.250.207 - - [11/Mar/2014:01:35:34 +0000] "GET /img/explore/blue70.png HTTP/1.1" 200 1453 "http://connectnow.today/explore" "Mozilla/5.0 (Windows NT 6.3; WOW64) AppleWebKit/537.36 (KHTML, like Gecko) Chrome/33.0.1750.146 Safari/537.36"
135.23.250.207 - - [11/Mar/2014:01:35:34 +0000] "GET /img/explore/icons/contest.png HTTP/1.1" 200 1998 "http://connectnow.today/explore" "Mozilla/5.0 (Windows NT 6.3; WOW64) AppleWebKit/537.36 (KHTML, like Gecko) Chrome/33.0.1750.146 Safari/537.36"
135.23.250.207 - - [11/Mar/2014:01:35:34 +0000] "GET /fonts/Elusive-Icons.ttf HTTP/1.1" 200 37234 "http://connectnow.today/about" "Mozilla/5.0 (Windows NT 6.3; WOW64) AppleWebKit/537.36 (KHTML, like Gecko) Chrome/33.0.1750.146 Safari/537.36"
135.23.250.207 - - [11/Mar/2014:01:35:34 +0000] "GET /fonts/glyphicons-halflings-regular.woff HTTP/1.1" 200 23403 "http://connectnow.today/about" "Mozilla/5.0 (Windows NT 6.3; WOW64) AppleWebKit/537.36 (KHTML, like Gecko) Chrome/33.0.1750.146 Safari/537.36"
135.23.250.207 - - [11/Mar/2014:01:35:34 +0000] "GET /connectnow/public/img/bg/explore.jpg HTTP/1.1" 404 13087 "http://connectnow.today/explore" "Mozilla/5.0 (Windows NT 6.3; WOW64) AppleWebKit/537.36 (KHTML, like Gecko) Chrome/33.0.1750.146 Safari/537.36"
135.23.250.207 - - [11/Mar/2014:01:35:34 +0000] "GET /connectnow/public/img/searchbg.png HTTP/1.1" 404 13090 "http://connectnow.today/explore" "Mozilla/5.0 (Windows NT 6.3; WOW64) AppleWebKit/537.36 (KHTML, like Gecko) Chrome/33.0.1750.146 Safari/537.36"
135.23.250.207 - - [11/Mar/2014:01:35:34 +0000] "GET /img/explore/redbottom.png HTTP/1.1" 200 68082 "http://connectnow.today/explore" "Mozilla/5.0 (Windows NT 6.3; WOW64) AppleWebKit/537.36 (KHTML, like Gecko) Chrome/33.0.1750.146 Safari/537.36"
135.23.250.207 - - [11/Mar/2014:01:35:35 +0000] "GET /explore HTTP/1.1" 200 6649 "http://connectnow.today/about" "Mozilla/5.0 (Windows NT 6.3; WOW64) AppleWebKit/537.36 (KHTML, like Gecko) Chrome/33.0.1750.146 Safari/537.36"
135.23.250.207 - - [11/Mar/2014:01:35:35 +0000] "GET /css/elusive-webfont.css HTTP/1.1" 200 2828 "http://connectnow.today/about" "Mozilla/5.0 (Windows NT 6.3; WOW64) AppleWebKit/537.36 (KHTML, like Gecko) Chrome/33.0.1750.146 Safari/537.36"
135.23.250.207 - - [11/Mar/2014:01:35:35 +0000] "GET /css/bootstrap.min.css HTTP/1.1" 200 17169 "http://connectnow.today/about" "Mozilla/5.0 (Windows NT 6.3; WOW64) AppleWebKit/537.36 (KHTML, like Gecko) Chrome/33.0.1750.146 Safari/537.36"
135.23.250.207 - - [11/Mar/2014:01:35:35 +0000] "GET /css/main.css HTTP/1.1" 200 2322 "http://connectnow.today/about" "Mozilla/5.0 (Windows NT 6.3; WOW64) AppleWebKit/537.36 (KHTML, like Gecko) Chrome/33.0.1750.146 Safari/537.36"
135.23.250.207 - - [11/Mar/2014:01:35:35 +0000] "GET /css/semantic.min.css HTTP/1.1" 200 35459 "http://connectnow.today/about" "Mozilla/5.0 (Windows NT 6.3; WOW64) AppleWebKit/537.36 (KHTML, like Gecko) Chrome/33.0.1750.146 Safari/537.36"
135.23.250.207 - - [11/Mar/2014:01:35:36 +0000] "GET /webfonts.js HTTP/1.1" 200 2067 "http://connectnow.today/explore" "Mozilla/5.0 (Windows NT 6.3; WOW64) AppleWebKit/537.36 (KHTML, like Gecko) Chrome/33.0.1750.146 Safari/537.36"
135.23.250.207 - - [11/Mar/2014:01:35:36 +0000] "GET /js/jquery.min.js HTTP/1.1" 200 33154 "http://connectnow.today/explore" "Mozilla/5.0 (Windows NT 6.3; WOW64) AppleWebKit/537.36 (KHTML, like Gecko) Chrome/33.0.1750.146 Safari/537.36"
135.23.250.207 - - [11/Mar/2014:01:35:36 +0000] "GET /css/explore.css HTTP/1.1" 200 765 "http://connectnow.today/explore" "Mozilla/5.0 (Windows NT 6.3; WOW64) AppleWebKit/537.36 (KHTML, like Gecko) Chrome/33.0.1750.146 Safari/537.36"
135.23.250.207 - - [11/Mar/2014:01:35:36 +0000] "GET /js/transit.js HTTP/1.1" 200 3063 "http://connectnow.today/explore" "Mozilla/5.0 (Windows NT 6.3; WOW64) AppleWebKit/537.36 (KHTML, like Gecko) Chrome/33.0.1750.146 Safari/537.36"
135.23.250.207 - - [11/Mar/2014:01:35:36 +0000] "GET /js/bootstrap.min.js HTTP/1.1" 200 7636 "http://connectnow.today/explore" "Mozilla/5.0 (Windows NT 6.3; WOW64) AppleWebKit/537.36 (KHTML, like Gecko) Chrome/33.0.1750.146 Safari/537.36"
135.23.250.207 - - [11/Mar/2014:01:35:36 +0000] "GET /img/navlogo.png HTTP/1.1" 200 3247 "http://connectnow.today/about" "Mozilla/5.0 (Windows NT 6.3; WOW64) AppleWebKit/537.36 (KHTML, like Gecko) Chrome/33.0.1750.146 Safari/537.36"
135.23.250.207 - - [11/Mar/2014:01:35:36 +0000] "GET /img/explore/icons/volunteering.png HTTP/1.1" 200 1256 "http://connectnow.today/explore" "Mozilla/5.0 (Windows NT 6.3; WOW64) AppleWebKit/537.36 (KHTML, like Gecko) Chrome/33.0.1750.146 Safari/537.36"
135.23.250.207 - - [11/Mar/2014:01:35:36 +0000] "GET /img/explore/icons/contest.png HTTP/1.1" 200 1998 "http://connectnow.today/explore" "Mozilla/5.0 (Windows NT 6.3; WOW64) AppleWebKit/537.36 (KHTML, like Gecko) Chrome/33.0.1750.146 Safari/537.36"
135.23.250.207 - - [11/Mar/2014:01:35:36 +0000] "GET /fonts/Elusive-Icons.ttf HTTP/1.1" 200 37234 "http://connectnow.today/about" "Mozilla/5.0 (Windows NT 6.3; WOW64) AppleWebKit/537.36 (KHTML, like Gecko) Chrome/33.0.1750.146 Safari/537.36"
135.23.250.207 - - [11/Mar/2014:01:35:36 +0000] "GET /fonts/glyphicons-halflings-regular.woff HTTP/1.1" 200 23403 "http://connectnow.today/about" "Mozilla/5.0 (Windows NT 6.3; WOW64) AppleWebKit/537.36 (KHTML, like Gecko) Chrome/33.0.1750.146 Safari/537.36"
135.23.250.207 - - [11/Mar/2014:01:35:36 +0000] "GET /img/explore/icons/organization.png HTTP/1.1" 200 3128 "http://connectnow.today/explore" "Mozilla/5.0 (Windows NT 6.3; WOW64) AppleWebKit/537.36 (KHTML, like Gecko) Chrome/33.0.1750.146 Safari/537.36"
135.23.250.207 - - [11/Mar/2014:01:35:36 +0000] "GET /img/explore/yellowbottom.png HTTP/1.1" 200 7110 "http://connectnow.today/explore" "Mozilla/5.0 (Windows NT 6.3; WOW64) AppleWebKit/537.36 (KHTML, like Gecko) Chrome/33.0.1750.146 Safari/537.36"
135.23.250.207 - - [11/Mar/2014:01:35:36 +0000] "GET /img/explore/blue70.png HTTP/1.1" 200 1453 "http://connectnow.today/explore" "Mozilla/5.0 (Windows NT 6.3; WOW64) AppleWebKit/537.36 (KHTML, like Gecko) Chrome/33.0.1750.146 Safari/537.36"
135.23.250.207 - - [11/Mar/2014:01:35:36 +0000] "GET /img/explore/stripe.png HTTP/1.1" 200 3281 "http://connectnow.today/explore" "Mozilla/5.0 (Windows NT 6.3; WOW64) AppleWebKit/537.36 (KHTML, like Gecko) Chrome/33.0.1750.146 Safari/537.36"
135.23.250.207 - - [11/Mar/2014:01:35:36 +0000] "GET /img/explore/redbottom.png HTTP/1.1" 200 68082 "http://connectnow.today/explore" "Mozilla/5.0 (Windows NT 6.3; WOW64) AppleWebKit/537.36 (KHTML, like Gecko) Chrome/33.0.1750.146 Safari/537.36"
135.23.250.207 - - [11/Mar/2014:01:35:36 +0000] "GET /img/explore/red70.png HTTP/1.1" 200 1454 "http://connectnow.today/explore" "Mozilla/5.0 (Windows NT 6.3; WOW64) AppleWebKit/537.36 (KHTML, like Gecko) Chrome/33.0.1750.146 Safari/537.36"
135.23.250.207 - - [11/Mar/2014:01:35:36 +0000] "GET /img/explore/yellow70.png HTTP/1.1" 200 1457 "http://connectnow.today/explore" "Mozilla/5.0 (Windows NT 6.3; WOW64) AppleWebKit/537.36 (KHTML, like Gecko) Chrome/33.0.1750.146 Safari/537.36"
135.23.250.207 - - [11/Mar/2014:01:35:36 +0000] "GET /img/explore/bluebottom.png HTTP/1.1" 200 7112 "http://connectnow.today/explore" "Mozilla/5.0 (Windows NT 6.3; WOW64) AppleWebKit/537.36 (KHTML, like Gecko) Chrome/33.0.1750.146 Safari/537.36"
135.23.250.207 - - [11/Mar/2014:01:35:36 +0000] "GET /connectnow/public/img/bg/explore.jpg HTTP/1.1" 404 13090 "http://connectnow.today/explore" "Mozilla/5.0 (Windows NT 6.3; WOW64) AppleWebKit/537.36 (KHTML, like Gecko) Chrome/33.0.1750.146 Safari/537.36"
135.23.250.207 - - [11/Mar/2014:01:35:36 +0000] "GET /connectnow/public/img/searchbg.png HTTP/1.1" 404 13100 "http://connectnow.today/explore" "Mozilla/5.0 (Windows NT 6.3; WOW64) AppleWebKit/537.36 (KHTML, like Gecko) Chrome/33.0.1750.146 Safari/537.36"
127.0.0.1 - - [11/Mar/2014:01:35:43 +0000] "OPTIONS * HTTP/1.0" 200 125 "-" "Apache/2.4.6 (Ubuntu) PHP/5.5.7-1+sury.org~precise+1 (internal dummy connection)"
108.162.216.39 - - [11/Mar/2014:01:43:07 +0000] "GET /about HTTP/1.1" 200 8319 "http://www.facebook.com/l.php?u=http%3A%2F%2Fconnectnow.today%2Fabout&h=6AQGmQNPV" "Mozilla/5.0 (Windows NT 6.1; WOW64) AppleWebKit/537.36 (KHTML, like Gecko) Chrome/33.0.1750.146 Safari/537.36"
108.162.217.23 - - [11/Mar/2014:01:43:08 +0000] "GET /css/about.css HTTP/1.1" 200 813 "http://connectnow.today/about" "Mozilla/5.0 (Windows NT 6.1; WOW64) AppleWebKit/537.36 (KHTML, like Gecko) Chrome/33.0.1750.146 Safari/537.36"
108.162.216.41 - - [11/Mar/2014:01:43:08 +0000] "GET /connectnow/public/img/searchbg.png HTTP/1.1" 404 13216 "http://connectnow.today/about" "Mozilla/5.0 (Windows NT 6.1; WOW64) AppleWebKit/537.36 (KHTML, like Gecko) Chrome/33.0.1750.146 Safari/537.36"
108.162.216.44 - - [11/Mar/2014:01:43:08 +0000] "GET /favicon.ico HTTP/1.1" 200 10492 "-" "Mozilla/5.0 (Windows NT 6.1; WOW64) AppleWebKit/537.36 (KHTML, like Gecko) Chrome/33.0.1750.146 Safari/537.36"
108.162.216.39 - - [11/Mar/2014:01:44:30 +0000] "GET /about HTTP/1.1" 200 8317 "-" "Mozilla/5.0 (Windows NT 6.1; WOW64) AppleWebKit/537.36 (KHTML, like Gecko) Chrome/33.0.1750.146 Safari/537.36"
108.162.217.23 - - [11/Mar/2014:01:44:31 +0000] "GET /css/about.css HTTP/1.1" 200 807 "http://connectnow.today/about" "Mozilla/5.0 (Windows NT 6.1; WOW64) AppleWebKit/537.36 (KHTML, like Gecko) Chrome/33.0.1750.146 Safari/537.36"
108.162.216.41 - - [11/Mar/2014:01:44:31 +0000] "GET /connectnow/public/img/searchbg.png HTTP/1.1" 404 13214 "http://connectnow.today/about" "Mozilla/5.0 (Windows NT 6.1; WOW64) AppleWebKit/537.36 (KHTML, like Gecko) Chrome/33.0.1750.146 Safari/537.36"
108.162.216.39 - - [11/Mar/2014:01:53:20 +0000] "GET /about HTTP/1.1" 200 8319 "-" "Mozilla/5.0 (Windows NT 6.1; WOW64) AppleWebKit/537.36 (KHTML, like Gecko) Chrome/33.0.1750.146 Safari/537.36"
108.162.217.23 - - [11/Mar/2014:01:53:21 +0000] "GET /css/about.css HTTP/1.1" 200 801 "http://connectnow.today/about" "Mozilla/5.0 (Windows NT 6.1; WOW64) AppleWebKit/537.36 (KHTML, like Gecko) Chrome/33.0.1750.146 Safari/537.36"
