135.23.250.207 - - [11/Mar/2014:04:04:01 +0000] "GET /css/bootstrap.min.css HTTP/1.1" 200 17169 "http://connectnow.today/about" "Mozilla/5.0 (Windows NT 6.3; WOW64) AppleWebKit/537.36 (KHTML, like Gecko) Chrome/33.0.1750.146 Safari/537.36"
135.23.250.207 - - [11/Mar/2014:04:04:01 +0000] "GET /css/elusive-webfont.css HTTP/1.1" 200 2829 "http://connectnow.today/about" "Mozilla/5.0 (Windows NT 6.3; WOW64) AppleWebKit/537.36 (KHTML, like Gecko) Chrome/33.0.1750.146 Safari/537.36"
135.23.250.207 - - [11/Mar/2014:04:04:01 +0000] "GET /css/semantic.min.css HTTP/1.1" 200 35460 "http://connectnow.today/about" "Mozilla/5.0 (Windows NT 6.3; WOW64) AppleWebKit/537.36 (KHTML, like Gecko) Chrome/33.0.1750.146 Safari/537.36"
135.23.250.207 - - [11/Mar/2014:04:04:01 +0000] "GET /css/main.css HTTP/1.1" 200 2367 "http://connectnow.today/about" "Mozilla/5.0 (Windows NT 6.3; WOW64) AppleWebKit/537.36 (KHTML, like Gecko) Chrome/33.0.1750.146 Safari/537.36"
135.23.250.207 - - [11/Mar/2014:04:04:01 +0000] "GET /img/navlogo.png HTTP/1.1" 200 3247 "http://connectnow.today/about" "Mozilla/5.0 (Windows NT 6.3; WOW64) AppleWebKit/537.36 (KHTML, like Gecko) Chrome/33.0.1750.146 Safari/537.36"
135.23.250.207 - - [11/Mar/2014:04:04:01 +0000] "GET /css/about.css HTTP/1.1" 200 809 "http://connectnow.today/about" "Mozilla/5.0 (Windows NT 6.3; WOW64) AppleWebKit/537.36 (KHTML, like Gecko) Chrome/33.0.1750.146 Safari/537.36"
135.23.250.207 - - [11/Mar/2014:04:04:01 +0000] "GET /webfonts.js HTTP/1.1" 200 2067 "http://connectnow.today/about" "Mozilla/5.0 (Windows NT 6.3; WOW64) AppleWebKit/537.36 (KHTML, like Gecko) Chrome/33.0.1750.146 Safari/537.36"
135.23.250.207 - - [11/Mar/2014:04:04:01 +0000] "GET /js/jquery.min.js HTTP/1.1" 200 33154 "http://connectnow.today/about" "Mozilla/5.0 (Windows NT 6.3; WOW64) AppleWebKit/537.36 (KHTML, like Gecko) Chrome/33.0.1750.146 Safari/537.36"
135.23.250.207 - - [11/Mar/2014:04:04:01 +0000] "GET /js/transit.js HTTP/1.1" 200 3063 "http://connectnow.today/about" "Mozilla/5.0 (Windows NT 6.3; WOW64) AppleWebKit/537.36 (KHTML, like Gecko) Chrome/33.0.1750.146 Safari/537.36"
135.23.250.207 - - [11/Mar/2014:04:04:01 +0000] "GET /js/bootstrap.min.js HTTP/1.1" 200 7636 "http://connectnow.today/about" "Mozilla/5.0 (Windows NT 6.3; WOW64) AppleWebKit/537.36 (KHTML, like Gecko) Chrome/33.0.1750.146 Safari/537.36"
135.23.250.207 - - [11/Mar/2014:04:04:01 +0000] "GET /img/about.jpg HTTP/1.1" 200 9948 "http://connectnow.today/about" "Mozilla/5.0 (Windows NT 6.3; WOW64) AppleWebKit/537.36 (KHTML, like Gecko) Chrome/33.0.1750.146 Safari/537.36"
135.23.250.207 - - [11/Mar/2014:04:04:01 +0000] "GET /fonts/Elusive-Icons.ttf HTTP/1.1" 200 37234 "http://connectnow.today/about" "Mozilla/5.0 (Windows NT 6.3; WOW64) AppleWebKit/537.36 (KHTML, like Gecko) Chrome/33.0.1750.146 Safari/537.36"
135.23.250.207 - - [11/Mar/2014:04:04:01 +0000] "GET /img/blue80.png HTTP/1.1" 200 1456 "http://connectnow.today/about" "Mozilla/5.0 (Windows NT 6.3; WOW64) AppleWebKit/537.36 (KHTML, like Gecko) Chrome/33.0.1750.146 Safari/537.36"
135.23.250.207 - - [11/Mar/2014:04:04:01 +0000] "GET /fonts/glyphicons-halflings-regular.woff HTTP/1.1" 200 23403 "http://connectnow.today/about" "Mozilla/5.0 (Windows NT 6.3; WOW64) AppleWebKit/537.36 (KHTML, like Gecko) Chrome/33.0.1750.146 Safari/537.36"
135.23.250.207 - - [11/Mar/2014:04:04:01 +0000] "GET /img/searchbg.png HTTP/1.1" 200 1459 "http://connectnow.today/about" "Mozilla/5.0 (Windows NT 6.3; WOW64) AppleWebKit/537.36 (KHTML, like Gecko) Chrome/33.0.1750.146 Safari/537.36"
127.0.0.1 - - [11/Mar/2014:04:04:08 +0000] "OPTIONS * HTTP/1.0" 200 125 "-" "Apache/2.4.6 (Ubuntu) PHP/5.5.7-1+sury.org~precise+1 (internal dummy connection)"
108.162.242.119 - - [11/Mar/2014:04:10:16 +0000] "GET / HTTP/1.1" 200 8120 "-" "Mozilla/5.0 (Windows NT 6.1; WOW64) AppleWebKit/537.36 (KHTML, like Gecko) Chrome/33.0.1750.146 Safari/537.36"
108.162.241.119 - - [11/Mar/2014:04:10:16 +0000] "GET /connectnow/public/img/searchbg.png HTTP/1.1" 404 13220 "http://connectnow.today/" "Mozilla/5.0 (Windows NT 6.1; WOW64) AppleWebKit/537.36 (KHTML, like Gecko) Chrome/33.0.1750.146 Safari/537.36"
108.162.241.119 - - [11/Mar/2014:04:10:16 +0000] "GET /connectnow/public/img/30perc.png HTTP/1.1" 404 13217 "http://connectnow.today/" "Mozilla/5.0 (Windows NT 6.1; WOW64) AppleWebKit/537.36 (KHTML, like Gecko) Chrome/33.0.1750.146 Safari/537.36"
108.162.241.119 - - [11/Mar/2014:04:10:20 +0000] "GET /connectnow/public/img/30perc.png HTTP/1.1" 404 13217 "http://connectnow.today/" "Mozilla/5.0 (Windows NT 6.1; WOW64) AppleWebKit/537.36 (KHTML, like Gecko) Chrome/33.0.1750.146 Safari/537.36"
108.162.242.119 - - [11/Mar/2014:04:10:21 +0000] "GET /explore HTTP/1.1" 200 7333 "http://connectnow.today/" "Mozilla/5.0 (Windows NT 6.1; WOW64) AppleWebKit/537.36 (KHTML, like Gecko) Chrome/33.0.1750.146 Safari/537.36"
108.162.241.119 - - [11/Mar/2014:04:10:21 +0000] "GET /connectnow/public/img/searchbg.png HTTP/1.1" 404 13214 "http://connectnow.today/explore" "Mozilla/5.0 (Windows NT 6.1; WOW64) AppleWebKit/537.36 (KHTML, like Gecko) Chrome/33.0.1750.146 Safari/537.36"
108.162.242.119 - - [11/Mar/2014:04:10:27 +0000] "GET /explore HTTP/1.1" 200 7325 "http://connectnow.today/" "Mozilla/5.0 (Windows NT 6.1; WOW64) AppleWebKit/537.36 (KHTML, like Gecko) Chrome/33.0.1750.146 Safari/537.36"
108.162.242.118 - - [11/Mar/2014:04:10:27 +0000] "GET /css/elusive-webfont.css HTTP/1.1" 200 2829 "http://connectnow.today/explore" "Mozilla/5.0 (Windows NT 6.1; WOW64) AppleWebKit/537.36 (KHTML, like Gecko) Chrome/33.0.1750.146 Safari/537.36"
108.162.242.216 - - [11/Mar/2014:04:10:27 +0000] "GET /img/navlogo.png HTTP/1.1" 200 3247 "http://connectnow.today/explore" "Mozilla/5.0 (Windows NT 6.1; WOW64) AppleWebKit/537.36 (KHTML, like Gecko) Chrome/33.0.1750.146 Safari/537.36"
108.162.242.216 - - [11/Mar/2014:04:10:27 +0000] "GET /css/main.css HTTP/1.1" 200 2367 "http://connectnow.today/explore" "Mozilla/5.0 (Windows NT 6.1; WOW64) AppleWebKit/537.36 (KHTML, like Gecko) Chrome/33.0.1750.146 Safari/537.36"
108.162.242.216 - - [11/Mar/2014:04:10:27 +0000] "GET /css/bootstrap.min.css HTTP/1.1" 200 17170 "http://connectnow.today/explore" "Mozilla/5.0 (Windows NT 6.1; WOW64) AppleWebKit/537.36 (KHTML, like Gecko) Chrome/33.0.1750.146 Safari/537.36"
108.162.241.216 - - [11/Mar/2014:04:10:27 +0000] "GET /css/semantic.min.css HTTP/1.1" 200 35460 "http://connectnow.today/explore" "Mozilla/5.0 (Windows NT 6.1; WOW64) AppleWebKit/537.36 (KHTML, like Gecko) Chrome/33.0.1750.146 Safari/537.36"
108.162.242.216 - - [11/Mar/2014:04:10:27 +0000] "GET /webfonts.js HTTP/1.1" 304 181 "http://connectnow.today/explore" "Mozilla/5.0 (Windows NT 6.1; WOW64) AppleWebKit/537.36 (KHTML, like Gecko) Chrome/33.0.1750.146 Safari/537.36"
108.162.241.216 - - [11/Mar/2014:04:10:27 +0000] "GET /js/jquery.min.js HTTP/1.1" 304 182 "http://connectnow.today/explore" "Mozilla/5.0 (Windows NT 6.1; WOW64) AppleWebKit/537.36 (KHTML, like Gecko) Chrome/33.0.1750.146 Safari/537.36"
108.162.241.216 - - [11/Mar/2014:04:10:27 +0000] "GET /js/transit.js HTTP/1.1" 304 181 "http://connectnow.today/explore" "Mozilla/5.0 (Windows NT 6.1; WOW64) AppleWebKit/537.36 (KHTML, like Gecko) Chrome/33.0.1750.146 Safari/537.36"
108.162.241.119 - - [11/Mar/2014:04:10:27 +0000] "GET /img/about.jpg HTTP/1.1" 304 181 "http://connectnow.today/explore" "Mozilla/5.0 (Windows NT 6.1; WOW64) AppleWebKit/537.36 (KHTML, like Gecko) Chrome/33.0.1750.146 Safari/537.36"
108.162.242.216 - - [11/Mar/2014:04:10:27 +0000] "GET /img/blue80.png HTTP/1.1" 200 1456 "http://connectnow.today/explore" "Mozilla/5.0 (Windows NT 6.1; WOW64) AppleWebKit/537.36 (KHTML, like Gecko) Chrome/33.0.1750.146 Safari/537.36"
108.162.242.216 - - [11/Mar/2014:04:10:27 +0000] "GET /img/searchbg.png HTTP/1.1" 200 1459 "http://connectnow.today/explore" "Mozilla/5.0 (Windows NT 6.1; WOW64) AppleWebKit/537.36 (KHTML, like Gecko) Chrome/33.0.1750.146 Safari/537.36"
108.162.242.118 - - [11/Mar/2014:04:10:27 +0000] "GET /fonts/glyphicons-halflings-regular.woff HTTP/1.1" 304 180 "http://connectnow.today/explore" "Mozilla/5.0 (Windows NT 6.1; WOW64) AppleWebKit/537.36 (KHTML, like Gecko) Chrome/33.0.1750.146 Safari/537.36"
108.162.241.216 - - [11/Mar/2014:04:10:28 +0000] "GET /js/bootstrap.min.js HTTP/1.1" 304 181 "http://connectnow.today/explore" "Mozilla/5.0 (Windows NT 6.1; WOW64) AppleWebKit/537.36 (KHTML, like Gecko) Chrome/33.0.1750.146 Safari/537.36"
108.162.242.119 - - [11/Mar/2014:04:10:29 +0000] "GET /fonts/Elusive-Icons.ttf HTTP/1.1" 304 181 "http://connectnow.today/explore" "Mozilla/5.0 (Windows NT 6.1; WOW64) AppleWebKit/537.36 (KHTML, like Gecko) Chrome/33.0.1750.146 Safari/537.36"
127.0.0.1 - - [11/Mar/2014:04:10:33 +0000] "OPTIONS * HTTP/1.0" 200 125 "-" "Apache/2.4.6 (Ubuntu) PHP/5.5.7-1+sury.org~precise+1 (internal dummy connection)"
127.0.0.1 - - [11/Mar/2014:04:10:34 +0000] "OPTIONS * HTTP/1.0" 200 125 "-" "Apache/2.4.6 (Ubuntu) PHP/5.5.7-1+sury.org~precise+1 (internal dummy connection)"
127.0.0.1 - - [11/Mar/2014:04:10:35 +0000] "OPTIONS * HTTP/1.0" 200 125 "-" "Apache/2.4.6 (Ubuntu) PHP/5.5.7-1+sury.org~precise+1 (internal dummy connection)"
127.0.0.1 - - [11/Mar/2014:04:10:36 +0000] "OPTIONS * HTTP/1.0" 200 125 "-" "Apache/2.4.6 (Ubuntu) PHP/5.5.7-1+sury.org~precise+1 (internal dummy connection)"
127.0.0.1 - - [11/Mar/2014:04:10:37 +0000] "OPTIONS * HTTP/1.0" 200 125 "-" "Apache/2.4.6 (Ubuntu) PHP/5.5.7-1+sury.org~precise+1 (internal dummy connection)"
127.0.0.1 - - [11/Mar/2014:04:10:38 +0000] "OPTIONS * HTTP/1.0" 200 125 "-" "Apache/2.4.6 (Ubuntu) PHP/5.5.7-1+sury.org~precise+1 (internal dummy connection)"
108.162.242.119 - - [11/Mar/2014:04:10:38 +0000] "GET /contact HTTP/1.1" 200 6563 "http://connectnow.today/explore" "Mozilla/5.0 (Windows NT 6.1; WOW64) AppleWebKit/537.36 (KHTML, like Gecko) Chrome/33.0.1750.146 Safari/537.36"
108.162.241.118 - - [11/Mar/2014:04:10:38 +0000] "GET /css/contact.css HTTP/1.1" 200 809 "http://connectnow.today/contact" "Mozilla/5.0 (Windows NT 6.1; WOW64) AppleWebKit/537.36 (KHTML, like Gecko) Chrome/33.0.1750.146 Safari/537.36"
108.162.242.119 - - [11/Mar/2014:04:10:39 +0000] "GET / HTTP/1.1" 200 8115 "http://connectnow.today/contact" "Mozilla/5.0 (Windows NT 6.1; WOW64) AppleWebKit/537.36 (KHTML, like Gecko) Chrome/33.0.1750.146 Safari/537.36"
108.162.241.119 - - [11/Mar/2014:04:10:40 +0000] "GET /connectnow/public/img/30perc.png HTTP/1.1" 404 13213 "http://connectnow.today/" "Mozilla/5.0 (Windows NT 6.1; WOW64) AppleWebKit/537.36 (KHTML, like Gecko) Chrome/33.0.1750.146 Safari/537.36"
127.0.0.1 - - [11/Mar/2014:04:10:45 +0000] "OPTIONS * HTTP/1.0" 200 125 "-" "Apache/2.4.6 (Ubuntu) PHP/5.5.7-1+sury.org~precise+1 (internal dummy connection)"
108.162.242.119 - - [11/Mar/2014:04:12:11 +0000] "GET /explore HTTP/1.1" 200 7337 "http://connectnow.today/" "Mozilla/5.0 (Windows NT 6.1; WOW64) AppleWebKit/537.36 (KHTML, like Gecko) Chrome/33.0.1750.146 Safari/537.36"
108.162.242.119 - - [11/Mar/2014:04:14:14 +0000] "GET /about HTTP/1.1" 200 8428 "http://connectnow.today/explore" "Mozilla/5.0 (Windows NT 6.1; WOW64) AppleWebKit/537.36 (KHTML, like Gecko) Chrome/33.0.1750.146 Safari/537.36"
108.162.242.118 - - [11/Mar/2014:04:14:15 +0000] "GET /css/about.css HTTP/1.1" 200 807 "http://connectnow.today/about" "Mozilla/5.0 (Windows NT 6.1; WOW64) AppleWebKit/537.36 (KHTML, like Gecko) Chrome/33.0.1750.146 Safari/537.36"
108.162.242.119 - - [11/Mar/2014:04:14:15 +0000] "GET /contact HTTP/1.1" 200 6571 "http://connectnow.today/about" "Mozilla/5.0 (Windows NT 6.1; WOW64) AppleWebKit/537.36 (KHTML, like Gecko) Chrome/33.0.1750.146 Safari/537.36"
108.162.241.118 - - [11/Mar/2014:04:14:15 +0000] "GET /css/contact.css HTTP/1.1" 200 807 "http://connectnow.today/contact" "Mozilla/5.0 (Windows NT 6.1; WOW64) AppleWebKit/537.36 (KHTML, like Gecko) Chrome/33.0.1750.146 Safari/537.36"
108.162.242.119 - - [11/Mar/2014:04:14:16 +0000] "GET /about HTTP/1.1" 200 8421 "http://connectnow.today/contact" "Mozilla/5.0 (Windows NT 6.1; WOW64) AppleWebKit/537.36 (KHTML, like Gecko) Chrome/33.0.1750.146 Safari/537.36"
108.162.242.118 - - [11/Mar/2014:04:14:16 +0000] "GET /css/about.css HTTP/1.1" 200 808 "http://connectnow.today/about" "Mozilla/5.0 (Windows NT 6.1; WOW64) AppleWebKit/537.36 (KHTML, like Gecko) Chrome/33.0.1750.146 Safari/537.36"
108.162.245.116 - - [11/Mar/2014:04:39:42 +0000] "GET / HTTP/1.1" 200 8116 "-" "Mozilla/5.0 (Macintosh; Intel Mac OS X 10_9_0) AppleWebKit/537.36 (KHTML, like Gecko) Chrome/33.0.1750.146 Safari/537.36"
108.162.245.115 - - [11/Mar/2014:04:39:51 +0000] "GET /img/trans.png HTTP/1.1" 200 1458 "http://connectnow.today/" "Mozilla/5.0 (Macintosh; Intel Mac OS X 10_9_0) AppleWebKit/537.36 (KHTML, like Gecko) Chrome/33.0.1750.146 Safari/537.36"
108.162.245.116 - - [11/Mar/2014:04:39:52 +0000] "GET /js/jquery-1.10.2.min.map HTTP/1.1" 200 809 "http://connectnow.today/" "Mozilla/5.0 (Macintosh; Intel Mac OS X 10_9_0) AppleWebKit/537.36 (KHTML, like Gecko) Chrome/33.0.1750.146 Safari/537.36"
108.162.242.119 - - [11/Mar/2014:04:55:09 +0000] "GET / HTTP/1.1" 200 8124 "-" "Mozilla/5.0 (Windows NT 6.1; WOW64) AppleWebKit/537.36 (KHTML, like Gecko) Chrome/33.0.1750.146 Safari/537.36"
108.162.241.119 - - [11/Mar/2014:04:55:10 +0000] "GET /connectnow/public/img/30perc.png HTTP/1.1" 404 13225 "http://connectnow.today/" "Mozilla/5.0 (Windows NT 6.1; WOW64) AppleWebKit/537.36 (KHTML, like Gecko) Chrome/33.0.1750.146 Safari/537.36"
108.162.242.119 - - [11/Mar/2014:04:55:16 +0000] "GET /explore HTTP/1.1" 200 7325 "http://connectnow.today/" "Mozilla/5.0 (Windows NT 6.1; WOW64) AppleWebKit/537.36 (KHTML, like Gecko) Chrome/33.0.1750.146 Safari/537.36"
108.162.242.119 - - [11/Mar/2014:04:55:22 +0000] "GET /about HTTP/1.1" 200 8432 "http://connectnow.today/explore" "Mozilla/5.0 (Windows NT 6.1; WOW64) AppleWebKit/537.36 (KHTML, like Gecko) Chrome/33.0.1750.146 Safari/537.36"
108.162.242.118 - - [11/Mar/2014:04:55:22 +0000] "GET /css/about.css HTTP/1.1" 200 813 "http://connectnow.today/about" "Mozilla/5.0 (Windows NT 6.1; WOW64) AppleWebKit/537.36 (KHTML, like Gecko) Chrome/33.0.1750.146 Safari/537.36"
108.162.242.119 - - [11/Mar/2014:04:59:30 +0000] "GET /explore HTTP/1.1" 200 7331 "http://connectnow.today/about" "Mozilla/5.0 (Windows NT 6.1; WOW64) AppleWebKit/537.36 (KHTML, like Gecko) Chrome/33.0.1750.146 Safari/537.36"
108.162.242.119 - - [11/Mar/2014:04:59:32 +0000] "GET / HTTP/1.1" 200 8118 "http://connectnow.today/explore" "Mozilla/5.0 (Windows NT 6.1; WOW64) AppleWebKit/537.36 (KHTML, like Gecko) Chrome/33.0.1750.146 Safari/537.36"
108.162.241.119 - - [11/Mar/2014:04:59:32 +0000] "GET /connectnow/public/img/30perc.png HTTP/1.1" 404 13210 "http://connectnow.today/" "Mozilla/5.0 (Windows NT 6.1; WOW64) AppleWebKit/537.36 (KHTML, like Gecko) Chrome/33.0.1750.146 Safari/537.36"
108.162.242.119 - - [11/Mar/2014:04:59:40 +0000] "GET /explore HTTP/1.1" 200 7331 "http://connectnow.today/" "Mozilla/5.0 (Windows NT 6.1; WOW64) AppleWebKit/537.36 (KHTML, like Gecko) Chrome/33.0.1750.146 Safari/537.36"
108.162.242.119 - - [11/Mar/2014:04:59:45 +0000] "GET /contact HTTP/1.1" 200 6571 "http://connectnow.today/explore" "Mozilla/5.0 (Windows NT 6.1; WOW64) AppleWebKit/537.36 (KHTML, like Gecko) Chrome/33.0.1750.146 Safari/537.36"
108.162.241.118 - - [11/Mar/2014:04:59:45 +0000] "GET /css/contact.css HTTP/1.1" 200 801 "http://connectnow.today/contact" "Mozilla/5.0 (Windows NT 6.1; WOW64) AppleWebKit/537.36 (KHTML, like Gecko) Chrome/33.0.1750.146 Safari/537.36"
108.162.242.119 - - [11/Mar/2014:04:59:51 +0000] "GET /about HTTP/1.1" 200 8426 "http://connectnow.today/contact" "Mozilla/5.0 (Windows NT 6.1; WOW64) AppleWebKit/537.36 (KHTML, like Gecko) Chrome/33.0.1750.146 Safari/537.36"
108.162.242.118 - - [11/Mar/2014:04:59:51 +0000] "GET /css/about.css HTTP/1.1" 200 807 "http://connectnow.today/about" "Mozilla/5.0 (Windows NT 6.1; WOW64) AppleWebKit/537.36 (KHTML, like Gecko) Chrome/33.0.1750.146 Safari/537.36"
108.162.242.119 - - [11/Mar/2014:05:00:04 +0000] "GET /error HTTP/1.1" 200 805 "http://connectnow.today/about" "Mozilla/5.0 (Windows NT 6.1; WOW64) AppleWebKit/537.36 (KHTML, like Gecko) Chrome/33.0.1750.146 Safari/537.36"
108.162.242.119 - - [11/Mar/2014:05:00:07 +0000] "GET /explore HTTP/1.1" 200 7333 "http://connectnow.today/about" "Mozilla/5.0 (Windows NT 6.1; WOW64) AppleWebKit/537.36 (KHTML, like Gecko) Chrome/33.0.1750.146 Safari/537.36"
108.162.242.119 - - [11/Mar/2014:05:00:11 +0000] "GET /contact HTTP/1.1" 200 6571 "http://connectnow.today/explore" "Mozilla/5.0 (Windows NT 6.1; WOW64) AppleWebKit/537.36 (KHTML, like Gecko) Chrome/33.0.1750.146 Safari/537.36"
108.162.241.118 - - [11/Mar/2014:05:00:11 +0000] "GET /css/contact.css HTTP/1.1" 200 809 "http://connectnow.today/contact" "Mozilla/5.0 (Windows NT 6.1; WOW64) AppleWebKit/537.36 (KHTML, like Gecko) Chrome/33.0.1750.146 Safari/537.36"
108.162.242.119 - - [11/Mar/2014:05:00:12 +0000] "GET / HTTP/1.1" 200 8118 "http://connectnow.today/contact" "Mozilla/5.0 (Windows NT 6.1; WOW64) AppleWebKit/537.36 (KHTML, like Gecko) Chrome/33.0.1750.146 Safari/537.36"
108.162.242.119 - - [11/Mar/2014:05:01:27 +0000] "GET /explore HTTP/1.1" 200 7331 "http://connectnow.today/" "Mozilla/5.0 (Windows NT 6.1; WOW64) AppleWebKit/537.36 (KHTML, like Gecko) Chrome/33.0.1750.146 Safari/537.36"
108.162.242.119 - - [11/Mar/2014:05:01:32 +0000] "GET / HTTP/1.1" 200 8120 "http://connectnow.today/explore" "Mozilla/5.0 (Windows NT 6.1; WOW64) AppleWebKit/537.36 (KHTML, like Gecko) Chrome/33.0.1750.146 Safari/537.36"
108.162.242.119 - - [11/Mar/2014:05:01:33 +0000] "GET /explore HTTP/1.1" 200 7333 "http://connectnow.today/" "Mozilla/5.0 (Windows NT 6.1; WOW64) AppleWebKit/537.36 (KHTML, like Gecko) Chrome/33.0.1750.146 Safari/537.36"
108.162.242.119 - - [11/Mar/2014:05:01:35 +0000] "GET /error HTTP/1.1" 200 809 "http://connectnow.today/explore" "Mozilla/5.0 (Windows NT 6.1; WOW64) AppleWebKit/537.36 (KHTML, like Gecko) Chrome/33.0.1750.146 Safari/537.36"
108.162.242.119 - - [11/Mar/2014:05:01:37 +0000] "GET /about HTTP/1.1" 200 8430 "http://connectnow.today/explore" "Mozilla/5.0 (Windows NT 6.1; WOW64) AppleWebKit/537.36 (KHTML, like Gecko) Chrome/33.0.1750.146 Safari/537.36"
108.162.242.118 - - [11/Mar/2014:05:01:38 +0000] "GET /css/about.css HTTP/1.1" 200 809 "http://connectnow.today/about" "Mozilla/5.0 (Windows NT 6.1; WOW64) AppleWebKit/537.36 (KHTML, like Gecko) Chrome/33.0.1750.146 Safari/537.36"
108.162.242.119 - - [11/Mar/2014:05:01:42 +0000] "GET /contact HTTP/1.1" 200 6570 "http://connectnow.today/about" "Mozilla/5.0 (Windows NT 6.1; WOW64) AppleWebKit/537.36 (KHTML, like Gecko) Chrome/33.0.1750.146 Safari/537.36"
108.162.241.118 - - [11/Mar/2014:05:01:42 +0000] "GET /css/contact.css HTTP/1.1" 200 807 "http://connectnow.today/contact" "Mozilla/5.0 (Windows NT 6.1; WOW64) AppleWebKit/537.36 (KHTML, like Gecko) Chrome/33.0.1750.146 Safari/537.36"
108.162.242.119 - - [11/Mar/2014:05:34:03 +0000] "GET / HTTP/1.1" 200 8118 "-" "Mozilla/5.0 (Windows NT 6.1; WOW64) AppleWebKit/537.36 (KHTML, like Gecko) Chrome/33.0.1750.146 Safari/537.36"
108.162.241.119 - - [11/Mar/2014:05:34:03 +0000] "GET /connectnow/public/img/30perc.png HTTP/1.1" 404 13220 "http://connectnow.today/" "Mozilla/5.0 (Windows NT 6.1; WOW64) AppleWebKit/537.36 (KHTML, like Gecko) Chrome/33.0.1750.146 Safari/537.36"
108.162.242.119 - - [11/Mar/2014:05:34:12 +0000] "GET /error HTTP/1.1" 200 809 "http://connectnow.today/" "Mozilla/5.0 (Windows NT 6.1; WOW64) AppleWebKit/537.36 (KHTML, like Gecko) Chrome/33.0.1750.146 Safari/537.36"
108.162.242.119 - - [11/Mar/2014:05:34:23 +0000] "GET /contact HTTP/1.1" 200 6567 "http://connectnow.today/" "Mozilla/5.0 (Windows NT 6.1; WOW64) AppleWebKit/537.36 (KHTML, like Gecko) Chrome/33.0.1750.146 Safari/537.36"
108.162.241.118 - - [11/Mar/2014:05:34:23 +0000] "GET /css/contact.css HTTP/1.1" 200 805 "http://connectnow.today/contact" "Mozilla/5.0 (Windows NT 6.1; WOW64) AppleWebKit/537.36 (KHTML, like Gecko) Chrome/33.0.1750.146 Safari/537.36"
108.162.242.119 - - [11/Mar/2014:05:34:26 +0000] "GET /about HTTP/1.1" 200 8422 "http://connectnow.today/contact" "Mozilla/5.0 (Windows NT 6.1; WOW64) AppleWebKit/537.36 (KHTML, like Gecko) Chrome/33.0.1750.146 Safari/537.36"
108.162.242.118 - - [11/Mar/2014:05:34:27 +0000] "GET /css/about.css HTTP/1.1" 200 807 "http://connectnow.today/about" "Mozilla/5.0 (Windows NT 6.1; WOW64) AppleWebKit/537.36 (KHTML, like Gecko) Chrome/33.0.1750.146 Safari/537.36"
108.162.242.119 - - [11/Mar/2014:05:34:31 +0000] "GET /error HTTP/1.1" 200 805 "http://connectnow.today/about" "Mozilla/5.0 (Windows NT 6.1; WOW64) AppleWebKit/537.36 (KHTML, like Gecko) Chrome/33.0.1750.146 Safari/537.36"
108.162.242.119 - - [11/Mar/2014:05:34:33 +0000] "GET /explore HTTP/1.1" 200 7331 "http://connectnow.today/about" "Mozilla/5.0 (Windows NT 6.1; WOW64) AppleWebKit/537.36 (KHTML, like Gecko) Chrome/33.0.1750.146 Safari/537.36"
108.162.242.119 - - [11/Mar/2014:05:34:35 +0000] "GET / HTTP/1.1" 200 8119 "http://connectnow.today/explore" "Mozilla/5.0 (Windows NT 6.1; WOW64) AppleWebKit/537.36 (KHTML, like Gecko) Chrome/33.0.1750.146 Safari/537.36"
108.162.242.119 - - [11/Mar/2014:05:34:35 +0000] "GET / HTTP/1.1" 200 8115 "http://connectnow.today/" "Mozilla/5.0 (Windows NT 6.1; WOW64) AppleWebKit/537.36 (KHTML, like Gecko) Chrome/33.0.1750.146 Safari/537.36"
108.162.242.119 - - [11/Mar/2014:05:43:54 +0000] "GET /explore HTTP/1.1" 200 7335 "http://connectnow.today/" "Mozilla/5.0 (Windows NT 6.1; WOW64) AppleWebKit/537.36 (KHTML, like Gecko) Chrome/33.0.1750.146 Safari/537.36"
108.162.242.119 - - [11/Mar/2014:05:44:02 +0000] "GET /about HTTP/1.1" 200 8430 "http://connectnow.today/explore" "Mozilla/5.0 (Windows NT 6.1; WOW64) AppleWebKit/537.36 (KHTML, like Gecko) Chrome/33.0.1750.146 Safari/537.36"
108.162.242.118 - - [11/Mar/2014:05:44:02 +0000] "GET /css/about.css HTTP/1.1" 200 807 "http://connectnow.today/about" "Mozilla/5.0 (Windows NT 6.1; WOW64) AppleWebKit/537.36 (KHTML, like Gecko) Chrome/33.0.1750.146 Safari/537.36"
108.162.242.119 - - [11/Mar/2014:05:44:11 +0000] "GET /contact HTTP/1.1" 200 6575 "http://connectnow.today/about" "Mozilla/5.0 (Windows NT 6.1; WOW64) AppleWebKit/537.36 (KHTML, like Gecko) Chrome/33.0.1750.146 Safari/537.36"
108.162.241.118 - - [11/Mar/2014:05:44:11 +0000] "GET /css/contact.css HTTP/1.1" 200 811 "http://connectnow.today/contact" "Mozilla/5.0 (Windows NT 6.1; WOW64) AppleWebKit/537.36 (KHTML, like Gecko) Chrome/33.0.1750.146 Safari/537.36"
108.162.242.119 - - [11/Mar/2014:05:44:14 +0000] "GET / HTTP/1.1" 200 8120 "http://connectnow.today/contact" "Mozilla/5.0 (Windows NT 6.1; WOW64) AppleWebKit/537.36 (KHTML, like Gecko) Chrome/33.0.1750.146 Safari/537.36"
108.162.242.119 - - [11/Mar/2014:05:44:38 +0000] "GET /about HTTP/1.1" 200 8430 "http://connectnow.today/" "Mozilla/5.0 (Windows NT 6.1; WOW64) AppleWebKit/537.36 (KHTML, like Gecko) Chrome/33.0.1750.146 Safari/537.36"
108.162.242.118 - - [11/Mar/2014:05:44:38 +0000] "GET /css/about.css HTTP/1.1" 200 801 "http://connectnow.today/about" "Mozilla/5.0 (Windows NT 6.1; WOW64) AppleWebKit/537.36 (KHTML, like Gecko) Chrome/33.0.1750.146 Safari/537.36"
108.162.242.119 - - [11/Mar/2014:05:44:46 +0000] "GET /explore HTTP/1.1" 200 7329 "http://connectnow.today/about" "Mozilla/5.0 (Windows NT 6.1; WOW64) AppleWebKit/537.36 (KHTML, like Gecko) Chrome/33.0.1750.146 Safari/537.36"
108.162.242.119 - - [11/Mar/2014:05:44:50 +0000] "GET /contact HTTP/1.1" 200 6572 "http://connectnow.today/explore" "Mozilla/5.0 (Windows NT 6.1; WOW64) AppleWebKit/537.36 (KHTML, like Gecko) Chrome/33.0.1750.146 Safari/537.36"
108.162.241.118 - - [11/Mar/2014:05:44:51 +0000] "GET /css/contact.css HTTP/1.1" 200 809 "http://connectnow.today/contact" "Mozilla/5.0 (Windows NT 6.1; WOW64) AppleWebKit/537.36 (KHTML, like Gecko) Chrome/33.0.1750.146 Safari/537.36"
108.162.242.119 - - [11/Mar/2014:05:44:52 +0000] "GET / HTTP/1.1" 200 8117 "http://connectnow.today/contact" "Mozilla/5.0 (Windows NT 6.1; WOW64) AppleWebKit/537.36 (KHTML, like Gecko) Chrome/33.0.1750.146 Safari/537.36"
108.162.242.119 - - [11/Mar/2014:05:45:12 +0000] "GET /contact HTTP/1.1" 200 6567 "http://connectnow.today/" "Mozilla/5.0 (Windows NT 6.1; WOW64) AppleWebKit/537.36 (KHTML, like Gecko) Chrome/33.0.1750.146 Safari/537.36"
108.162.241.118 - - [11/Mar/2014:05:45:12 +0000] "GET /css/contact.css HTTP/1.1" 200 813 "http://connectnow.today/contact" "Mozilla/5.0 (Windows NT 6.1; WOW64) AppleWebKit/537.36 (KHTML, like Gecko) Chrome/33.0.1750.146 Safari/537.36"
108.162.242.119 - - [11/Mar/2014:05:45:13 +0000] "GET /about HTTP/1.1" 200 8427 "http://connectnow.today/contact" "Mozilla/5.0 (Windows NT 6.1; WOW64) AppleWebKit/537.36 (KHTML, like Gecko) Chrome/33.0.1750.146 Safari/537.36"
108.162.242.118 - - [11/Mar/2014:05:45:14 +0000] "GET /css/about.css HTTP/1.1" 200 805 "http://connectnow.today/about" "Mozilla/5.0 (Windows NT 6.1; WOW64) AppleWebKit/537.36 (KHTML, like Gecko) Chrome/33.0.1750.146 Safari/537.36"
108.162.242.119 - - [11/Mar/2014:05:45:18 +0000] "GET /error HTTP/1.1" 200 801 "http://connectnow.today/about" "Mozilla/5.0 (Windows NT 6.1; WOW64) AppleWebKit/537.36 (KHTML, like Gecko) Chrome/33.0.1750.146 Safari/537.36"
108.162.242.119 - - [11/Mar/2014:05:45:21 +0000] "GET /explore HTTP/1.1" 200 7333 "http://connectnow.today/contact" "Mozilla/5.0 (Windows NT 6.1; WOW64) AppleWebKit/537.36 (KHTML, like Gecko) Chrome/33.0.1750.146 Safari/537.36"
177.43.78.89 - - [11/Mar/2014:07:22:49 +0000] "HEAD / HTTP/1.0" 200 729 "-" "-"
91.213.206.18 - - [11/Mar/2014:08:34:48 +0000] "HEAD / HTTP/1.0" 200 723 "-" "-"
210.209.101.98 - - [11/Mar/2014:09:07:44 +0000] "HEAD / HTTP/1.0" 200 725 "-" "-"
108.162.216.39 - - [11/Mar/2014:12:14:24 +0000] "GET /about HTTP/1.1" 200 8434 "-" "Mozilla/5.0 (Windows NT 6.1; WOW64) AppleWebKit/537.36 (KHTML, like Gecko) Chrome/33.0.1750.146 Safari/537.36"
108.162.217.23 - - [11/Mar/2014:12:14:24 +0000] "GET /css/elusive-webfont.css HTTP/1.1" 304 181 "http://connectnow.today/about" "Mozilla/5.0 (Windows NT 6.1; WOW64) AppleWebKit/537.36 (KHTML, like Gecko) Chrome/33.0.1750.146 Safari/537.36"
108.162.216.51 - - [11/Mar/2014:12:14:24 +0000] "GET /css/bootstrap.min.css HTTP/1.1" 304 182 "http://connectnow.today/about" "Mozilla/5.0 (Windows NT 6.1; WOW64) AppleWebKit/537.36 (KHTML, like Gecko) Chrome/33.0.1750.146 Safari/537.36"
108.162.216.43 - - [11/Mar/2014:12:14:24 +0000] "GET /css/semantic.min.css HTTP/1.1" 304 182 "http://connectnow.today/about" "Mozilla/5.0 (Windows NT 6.1; WOW64) AppleWebKit/537.36 (KHTML, like Gecko) Chrome/33.0.1750.146 Safari/537.36"
108.162.216.44 - - [11/Mar/2014:12:14:24 +0000] "GET /css/main.css HTTP/1.1" 304 181 "http://connectnow.today/about" "Mozilla/5.0 (Windows NT 6.1; WOW64) AppleWebKit/537.36 (KHTML, like Gecko) Chrome/33.0.1750.146 Safari/537.36"
108.162.216.51 - - [11/Mar/2014:12:14:24 +0000] "GET /img/navlogo.png HTTP/1.1" 304 181 "http://connectnow.today/about" "Mozilla/5.0 (Windows NT 6.1; WOW64) AppleWebKit/537.36 (KHTML, like Gecko) Chrome/33.0.1750.146 Safari/537.36"
108.162.217.23 - - [11/Mar/2014:12:14:24 +0000] "GET /css/about.css HTTP/1.1" 200 807 "http://connectnow.today/about" "Mozilla/5.0 (Windows NT 6.1; WOW64) AppleWebKit/537.36 (KHTML, like Gecko) Chrome/33.0.1750.146 Safari/537.36"
108.162.216.45 - - [11/Mar/2014:12:14:24 +0000] "GET /img/about.jpg HTTP/1.1" 304 181 "http://connectnow.today/about" "Mozilla/5.0 (Windows NT 6.1; WOW64) AppleWebKit/537.36 (KHTML, like Gecko) Chrome/33.0.1750.146 Safari/537.36"
108.162.216.35 - - [11/Mar/2014:12:14:24 +0000] "GET /fonts/Elusive-Icons.ttf HTTP/1.1" 304 181 "http://connectnow.today/about" "Mozilla/5.0 (Windows NT 6.1; WOW64) AppleWebKit/537.36 (KHTML, like Gecko) Chrome/33.0.1750.146 Safari/537.36"
108.162.216.37 - - [11/Mar/2014:12:14:24 +0000] "GET /img/blue80.png HTTP/1.1" 304 181 "http://connectnow.today/about" "Mozilla/5.0 (Windows NT 6.1; WOW64) AppleWebKit/537.36 (KHTML, like Gecko) Chrome/33.0.1750.146 Safari/537.36"
108.162.216.37 - - [11/Mar/2014:12:14:25 +0000] "GET /img/searchbg.png HTTP/1.1" 304 181 "http://connectnow.today/about" "Mozilla/5.0 (Windows NT 6.1; WOW64) AppleWebKit/537.36 (KHTML, like Gecko) Chrome/33.0.1750.146 Safari/537.36"
108.162.216.40 - - [11/Mar/2014:12:14:26 +0000] "GET /fonts/glyphicons-halflings-regular.woff HTTP/1.1" 304 181 "http://connectnow.today/about" "Mozilla/5.0 (Windows NT 6.1; WOW64) AppleWebKit/537.36 (KHTML, like Gecko) Chrome/33.0.1750.146 Safari/537.36"
127.0.0.1 - - [11/Mar/2014:12:14:30 +0000] "OPTIONS * HTTP/1.0" 200 125 "-" "Apache/2.4.6 (Ubuntu) PHP/5.5.7-1+sury.org~precise+1 (internal dummy connection)"
127.0.0.1 - - [11/Mar/2014:12:14:31 +0000] "OPTIONS * HTTP/1.0" 200 125 "-" "Apache/2.4.6 (Ubuntu) PHP/5.5.7-1+sury.org~precise+1 (internal dummy connection)"
127.0.0.1 - - [11/Mar/2014:12:14:32 +0000] "OPTIONS * HTTP/1.0" 200 125 "-" "Apache/2.4.6 (Ubuntu) PHP/5.5.7-1+sury.org~precise+1 (internal dummy connection)"
127.0.0.1 - - [11/Mar/2014:12:14:33 +0000] "OPTIONS * HTTP/1.0" 200 125 "-" "Apache/2.4.6 (Ubuntu) PHP/5.5.7-1+sury.org~precise+1 (internal dummy connection)"
127.0.0.1 - - [11/Mar/2014:12:14:34 +0000] "OPTIONS * HTTP/1.0" 200 125 "-" "Apache/2.4.6 (Ubuntu) PHP/5.5.7-1+sury.org~precise+1 (internal dummy connection)"
127.0.0.1 - - [11/Mar/2014:12:14:35 +0000] "OPTIONS * HTTP/1.0" 200 125 "-" "Apache/2.4.6 (Ubuntu) PHP/5.5.7-1+sury.org~precise+1 (internal dummy connection)"
127.0.0.1 - - [11/Mar/2014:12:14:36 +0000] "OPTIONS * HTTP/1.0" 200 125 "-" "Apache/2.4.6 (Ubuntu) PHP/5.5.7-1+sury.org~precise+1 (internal dummy connection)"
108.162.216.39 - - [11/Mar/2014:12:15:08 +0000] "GET /explore HTTP/1.1" 200 7329 "http://connectnow.today/about" "Mozilla/5.0 (Windows NT 6.1; WOW64) AppleWebKit/537.36 (KHTML, like Gecko) Chrome/33.0.1750.146 Safari/537.36"
108.162.216.47 - - [11/Mar/2014:12:15:09 +0000] "GET /css/explore.css HTTP/1.1" 200 279 "http://connectnow.today/explore" "Mozilla/5.0 (Windows NT 6.1; WOW64) AppleWebKit/537.36 (KHTML, like Gecko) Chrome/33.0.1750.146 Safari/537.36"
108.162.216.39 - - [11/Mar/2014:12:15:20 +0000] "GET / HTTP/1.1" 200 8118 "http://connectnow.today/explore" "Mozilla/5.0 (Windows NT 6.1; WOW64) AppleWebKit/537.36 (KHTML, like Gecko) Chrome/33.0.1750.146 Safari/537.36"
108.162.217.35 - - [11/Mar/2014:12:15:20 +0000] "GET /css/home.css HTTP/1.1" 200 1237 "http://connectnow.today/" "Mozilla/5.0 (Windows NT 6.1; WOW64) AppleWebKit/537.36 (KHTML, like Gecko) Chrome/33.0.1750.146 Safari/537.36"
108.162.217.35 - - [11/Mar/2014:12:15:20 +0000] "GET /img/home/bubbles/commit.png HTTP/1.1" 200 3330 "http://connectnow.today/" "Mozilla/5.0 (Windows NT 6.1; WOW64) AppleWebKit/537.36 (KHTML, like Gecko) Chrome/33.0.1750.146 Safari/537.36"
108.162.216.47 - - [11/Mar/2014:12:15:20 +0000] "GET /img/banner/gcn.png HTTP/1.1" 200 4932 "http://connectnow.today/" "Mozilla/5.0 (Windows NT 6.1; WOW64) AppleWebKit/537.36 (KHTML, like Gecko) Chrome/33.0.1750.146 Safari/537.36"
108.162.217.29 - - [11/Mar/2014:12:15:20 +0000] "GET /img/home/bubbles/browse.png HTTP/1.1" 200 3579 "http://connectnow.today/" "Mozilla/5.0 (Windows NT 6.1; WOW64) AppleWebKit/537.36 (KHTML, like Gecko) Chrome/33.0.1750.146 Safari/537.36"
108.162.216.36 - - [11/Mar/2014:12:15:20 +0000] "GET /img/home/bubbles/track.png HTTP/1.1" 200 3865 "http://connectnow.today/" "Mozilla/5.0 (Windows NT 6.1; WOW64) AppleWebKit/537.36 (KHTML, like Gecko) Chrome/33.0.1750.146 Safari/537.36"
108.162.216.43 - - [11/Mar/2014:12:15:20 +0000] "GET /img/home/bubbles/share.png HTTP/1.1" 200 3476 "http://connectnow.today/" "Mozilla/5.0 (Windows NT 6.1; WOW64) AppleWebKit/537.36 (KHTML, like Gecko) Chrome/33.0.1750.146 Safari/537.36"
108.162.216.37 - - [11/Mar/2014:12:15:20 +0000] "GET /webfonts/2964B3_0_0.woff HTTP/1.1" 304 181 "http://connectnow.today/about" "Mozilla/5.0 (Windows NT 6.1; WOW64) AppleWebKit/537.36 (KHTML, like Gecko) Chrome/33.0.1750.146 Safari/537.36"
108.162.216.48 - - [11/Mar/2014:12:15:20 +0000] "GET /img/30perc.png HTTP/1.1" 200 1454 "http://connectnow.today/" "Mozilla/5.0 (Windows NT 6.1; WOW64) AppleWebKit/537.36 (KHTML, like Gecko) Chrome/33.0.1750.146 Safari/537.36"
108.162.217.47 - - [11/Mar/2014:12:15:20 +0000] "GET /img/banner/banner1.jpg HTTP/1.1" 200 770897 "http://connectnow.today/" "Mozilla/5.0 (Windows NT 6.1; WOW64) AppleWebKit/537.36 (KHTML, like Gecko) Chrome/33.0.1750.146 Safari/537.36"
108.162.217.23 - - [11/Mar/2014:12:15:20 +0000] "GET /img/banner/banner2.jpg HTTP/1.1" 200 596650 "http://connectnow.today/" "Mozilla/5.0 (Windows NT 6.1; WOW64) AppleWebKit/537.36 (KHTML, like Gecko) Chrome/33.0.1750.146 Safari/537.36"
108.162.216.50 - - [11/Mar/2014:12:15:21 +0000] "GET /img/banner/banner3.jpg HTTP/1.1" 200 700892 "http://connectnow.today/" "Mozilla/5.0 (Windows NT 6.1; WOW64) AppleWebKit/537.36 (KHTML, like Gecko) Chrome/33.0.1750.146 Safari/537.36"
108.162.216.34 - - [11/Mar/2014:12:15:22 +0000] "GET /img/home/ready.jpg HTTP/1.1" 200 12634 "http://connectnow.today/" "Mozilla/5.0 (Windows NT 6.1; WOW64) AppleWebKit/537.36 (KHTML, like Gecko) Chrome/33.0.1750.146 Safari/537.36"
127.0.0.1 - - [11/Mar/2014:12:15:26 +0000] "OPTIONS * HTTP/1.0" 200 125 "-" "Apache/2.4.6 (Ubuntu) PHP/5.5.7-1+sury.org~precise+1 (internal dummy connection)"
127.0.0.1 - - [11/Mar/2014:12:15:27 +0000] "OPTIONS * HTTP/1.0" 200 125 "-" "Apache/2.4.6 (Ubuntu) PHP/5.5.7-1+sury.org~precise+1 (internal dummy connection)"
127.0.0.1 - - [11/Mar/2014:12:15:28 +0000] "OPTIONS * HTTP/1.0" 200 125 "-" "Apache/2.4.6 (Ubuntu) PHP/5.5.7-1+sury.org~precise+1 (internal dummy connection)"
127.0.0.1 - - [11/Mar/2014:12:15:29 +0000] "OPTIONS * HTTP/1.0" 200 125 "-" "Apache/2.4.6 (Ubuntu) PHP/5.5.7-1+sury.org~precise+1 (internal dummy connection)"
127.0.0.1 - - [11/Mar/2014:12:15:30 +0000] "OPTIONS * HTTP/1.0" 200 125 "-" "Apache/2.4.6 (Ubuntu) PHP/5.5.7-1+sury.org~precise+1 (internal dummy connection)"
127.0.0.1 - - [11/Mar/2014:12:15:31 +0000] "OPTIONS * HTTP/1.0" 200 125 "-" "Apache/2.4.6 (Ubuntu) PHP/5.5.7-1+sury.org~precise+1 (internal dummy connection)"
127.0.0.1 - - [11/Mar/2014:12:15:32 +0000] "OPTIONS * HTTP/1.0" 200 125 "-" "Apache/2.4.6 (Ubuntu) PHP/5.5.7-1+sury.org~precise+1 (internal dummy connection)"
108.162.216.39 - - [11/Mar/2014:12:16:23 +0000] "GET /privacy HTTP/1.1" 200 8851 "http://connectnow.today/" "Mozilla/5.0 (Windows NT 6.1; WOW64) AppleWebKit/537.36 (KHTML, like Gecko) Chrome/33.0.1750.146 Safari/537.36"
108.162.216.38 - - [11/Mar/2014:12:16:23 +0000] "GET /css/privacy.css HTTP/1.1" 200 809 "http://connectnow.today/privacy" "Mozilla/5.0 (Windows NT 6.1; WOW64) AppleWebKit/537.36 (KHTML, like Gecko) Chrome/33.0.1750.146 Safari/537.36"
108.162.216.39 - - [11/Mar/2014:12:16:34 +0000] "GET /terms HTTP/1.1" 200 8843 "http://connectnow.today/privacy" "Mozilla/5.0 (Windows NT 6.1; WOW64) AppleWebKit/537.36 (KHTML, like Gecko) Chrome/33.0.1750.146 Safari/537.36"
108.162.216.51 - - [11/Mar/2014:12:16:34 +0000] "GET /css/terms.css HTTP/1.1" 200 809 "http://connectnow.today/terms" "Mozilla/5.0 (Windows NT 6.1; WOW64) AppleWebKit/537.36 (KHTML, like Gecko) Chrome/33.0.1750.146 Safari/537.36"
108.162.216.39 - - [11/Mar/2014:12:16:38 +0000] "GET /error HTTP/1.1" 200 805 "http://connectnow.today/terms" "Mozilla/5.0 (Windows NT 6.1; WOW64) AppleWebKit/537.36 (KHTML, like Gecko) Chrome/33.0.1750.146 Safari/537.36"
108.162.216.39 - - [11/Mar/2014:12:16:42 +0000] "GET /contact HTTP/1.1" 200 6570 "http://connectnow.today/terms" "Mozilla/5.0 (Windows NT 6.1; WOW64) AppleWebKit/537.36 (KHTML, like Gecko) Chrome/33.0.1750.146 Safari/537.36"
108.162.217.23 - - [11/Mar/2014:12:16:42 +0000] "GET /css/contact.css HTTP/1.1" 200 805 "http://connectnow.today/contact" "Mozilla/5.0 (Windows NT 6.1; WOW64) AppleWebKit/537.36 (KHTML, like Gecko) Chrome/33.0.1750.146 Safari/537.36"
108.162.216.39 - - [11/Mar/2014:12:16:48 +0000] "GET /about HTTP/1.1" 200 8426 "http://connectnow.today/contact" "Mozilla/5.0 (Windows NT 6.1; WOW64) AppleWebKit/537.36 (KHTML, like Gecko) Chrome/33.0.1750.146 Safari/537.36"
108.162.217.23 - - [11/Mar/2014:12:16:48 +0000] "GET /css/about.css HTTP/1.1" 200 805 "http://connectnow.today/about" "Mozilla/5.0 (Windows NT 6.1; WOW64) AppleWebKit/537.36 (KHTML, like Gecko) Chrome/33.0.1750.146 Safari/537.36"
108.162.241.113 - - [11/Mar/2014:14:19:52 +0000] "GET / HTTP/1.1" 200 8120 "-" "Mozilla/5.0 (Windows NT 6.3; WOW64) AppleWebKit/537.36 (KHTML, like Gecko) Chrome/33.0.1750.146 Safari/537.36"
108.162.242.210 - - [11/Mar/2014:14:19:53 +0000] "GET /css/bootstrap.min.css HTTP/1.1" 304 182 "http://connectnow.today/" "Mozilla/5.0 (Windows NT 6.3; WOW64) AppleWebKit/537.36 (KHTML, like Gecko) Chrome/33.0.1750.146 Safari/537.36"
108.162.242.112 - - [11/Mar/2014:14:19:53 +0000] "GET /css/elusive-webfont.css HTTP/1.1" 304 181 "http://connectnow.today/" "Mozilla/5.0 (Windows NT 6.3; WOW64) AppleWebKit/537.36 (KHTML, like Gecko) Chrome/33.0.1750.146 Safari/537.36"
108.162.241.210 - - [11/Mar/2014:14:19:53 +0000] "GET /css/semantic.min.css HTTP/1.1" 304 182 "http://connectnow.today/" "Mozilla/5.0 (Windows NT 6.3; WOW64) AppleWebKit/537.36 (KHTML, like Gecko) Chrome/33.0.1750.146 Safari/537.36"
108.162.242.210 - - [11/Mar/2014:14:19:53 +0000] "GET /css/main.css HTTP/1.1" 304 181 "http://connectnow.today/" "Mozilla/5.0 (Windows NT 6.3; WOW64) AppleWebKit/537.36 (KHTML, like Gecko) Chrome/33.0.1750.146 Safari/537.36"
108.162.242.210 - - [11/Mar/2014:14:19:53 +0000] "GET /css/home.css HTTP/1.1" 200 1237 "http://connectnow.today/" "Mozilla/5.0 (Windows NT 6.3; WOW64) AppleWebKit/537.36 (KHTML, like Gecko) Chrome/33.0.1750.146 Safari/537.36"
108.162.242.210 - - [11/Mar/2014:14:19:54 +0000] "GET /webfonts.js HTTP/1.1" 304 180 "http://connectnow.today/" "Mozilla/5.0 (Windows NT 6.3; WOW64) AppleWebKit/537.36 (KHTML, like Gecko) Chrome/33.0.1750.146 Safari/537.36"
108.162.241.210 - - [11/Mar/2014:14:19:54 +0000] "GET /js/bootstrap.min.js HTTP/1.1" 304 180 "http://connectnow.today/" "Mozilla/5.0 (Windows NT 6.3; WOW64) AppleWebKit/537.36 (KHTML, like Gecko) Chrome/33.0.1750.146 Safari/537.36"
108.162.242.210 - - [11/Mar/2014:14:19:54 +0000] "GET /img/navlogo.png HTTP/1.1" 304 181 "http://connectnow.today/" "Mozilla/5.0 (Windows NT 6.3; WOW64) AppleWebKit/537.36 (KHTML, like Gecko) Chrome/33.0.1750.146 Safari/537.36"
108.162.241.210 - - [11/Mar/2014:14:19:54 +0000] "GET /js/transit.js HTTP/1.1" 304 181 "http://connectnow.today/" "Mozilla/5.0 (Windows NT 6.3; WOW64) AppleWebKit/537.36 (KHTML, like Gecko) Chrome/33.0.1750.146 Safari/537.36"
108.162.241.210 - - [11/Mar/2014:14:19:54 +0000] "GET /js/jquery.min.js HTTP/1.1" 304 181 "http://connectnow.today/" "Mozilla/5.0 (Windows NT 6.3; WOW64) AppleWebKit/537.36 (KHTML, like Gecko) Chrome/33.0.1750.146 Safari/537.36"
108.162.241.113 - - [11/Mar/2014:14:19:54 +0000] "GET /img/home/bubbles/browse.png HTTP/1.1" 200 3579 "http://connectnow.today/" "Mozilla/5.0 (Windows NT 6.3; WOW64) AppleWebKit/537.36 (KHTML, like Gecko) Chrome/33.0.1750.146 Safari/537.36"
108.162.242.210 - - [11/Mar/2014:14:19:54 +0000] "GET /img/home/bubbles/commit.png HTTP/1.1" 200 3330 "http://connectnow.today/" "Mozilla/5.0 (Windows NT 6.3; WOW64) AppleWebKit/537.36 (KHTML, like Gecko) Chrome/33.0.1750.146 Safari/537.36"
108.162.241.210 - - [11/Mar/2014:14:19:54 +0000] "GET /img/banner/gcn.png HTTP/1.1" 200 4931 "http://connectnow.today/" "Mozilla/5.0 (Windows NT 6.3; WOW64) AppleWebKit/537.36 (KHTML, like Gecko) Chrome/33.0.1750.146 Safari/537.36"
108.162.242.113 - - [11/Mar/2014:14:19:54 +0000] "GET /fonts/Elusive-Icons.ttf HTTP/1.1" 304 181 "http://connectnow.today/" "Mozilla/5.0 (Windows NT 6.3; WOW64) AppleWebKit/537.36 (KHTML, like Gecko) Chrome/33.0.1750.146 Safari/537.36"
108.162.242.210 - - [11/Mar/2014:14:19:54 +0000] "GET /webfonts/2964B3_0_0.woff HTTP/1.1" 304 180 "http://connectnow.today/" "Mozilla/5.0 (Windows NT 6.3; WOW64) AppleWebKit/537.36 (KHTML, like Gecko) Chrome/33.0.1750.146 Safari/537.36"
108.162.242.112 - - [11/Mar/2014:14:19:54 +0000] "GET /fonts/glyphicons-halflings-regular.woff HTTP/1.1" 304 181 "http://connectnow.today/" "Mozilla/5.0 (Windows NT 6.3; WOW64) AppleWebKit/537.36 (KHTML, like Gecko) Chrome/33.0.1750.146 Safari/537.36"
108.162.241.210 - - [11/Mar/2014:14:19:54 +0000] "GET /img/home/bubbles/track.png HTTP/1.1" 200 3864 "http://connectnow.today/" "Mozilla/5.0 (Windows NT 6.3; WOW64) AppleWebKit/537.36 (KHTML, like Gecko) Chrome/33.0.1750.146 Safari/537.36"
108.162.241.113 - - [11/Mar/2014:14:19:54 +0000] "GET /img/home/ready.jpg HTTP/1.1" 200 12633 "http://connectnow.today/" "Mozilla/5.0 (Windows NT 6.3; WOW64) AppleWebKit/537.36 (KHTML, like Gecko) Chrome/33.0.1750.146 Safari/537.36"
108.162.241.210 - - [11/Mar/2014:14:19:54 +0000] "GET /img/home/bubbles/share.png HTTP/1.1" 200 3476 "http://connectnow.today/" "Mozilla/5.0 (Windows NT 6.3; WOW64) AppleWebKit/537.36 (KHTML, like Gecko) Chrome/33.0.1750.146 Safari/537.36"
108.162.242.113 - - [11/Mar/2014:14:19:54 +0000] "GET /img/banner/banner3.jpg HTTP/1.1" 200 700892 "http://connectnow.today/" "Mozilla/5.0 (Windows NT 6.3; WOW64) AppleWebKit/537.36 (KHTML, like Gecko) Chrome/33.0.1750.146 Safari/537.36"
108.162.242.210 - - [11/Mar/2014:14:19:54 +0000] "GET /img/30perc.png HTTP/1.1" 200 1453 "http://connectnow.today/" "Mozilla/5.0 (Windows NT 6.3; WOW64) AppleWebKit/537.36 (KHTML, like Gecko) Chrome/33.0.1750.146 Safari/537.36"
108.162.242.210 - - [11/Mar/2014:14:19:54 +0000] "GET /img/searchbg.png HTTP/1.1" 304 180 "http://connectnow.today/" "Mozilla/5.0 (Windows NT 6.3; WOW64) AppleWebKit/537.36 (KHTML, like Gecko) Chrome/33.0.1750.146 Safari/537.36"
108.162.242.112 - - [11/Mar/2014:14:19:54 +0000] "GET /img/banner/banner1.jpg HTTP/1.1" 200 770896 "http://connectnow.today/" "Mozilla/5.0 (Windows NT 6.3; WOW64) AppleWebKit/537.36 (KHTML, like Gecko) Chrome/33.0.1750.146 Safari/537.36"
108.162.242.112 - - [11/Mar/2014:14:19:54 +0000] "GET /img/banner/banner2.jpg HTTP/1.1" 200 596649 "http://connectnow.today/" "Mozilla/5.0 (Windows NT 6.3; WOW64) AppleWebKit/537.36 (KHTML, like Gecko) Chrome/33.0.1750.146 Safari/537.36"
127.0.0.1 - - [11/Mar/2014:14:19:57 +0000] "OPTIONS * HTTP/1.0" 200 125 "-" "Apache/2.4.6 (Ubuntu) PHP/5.5.7-1+sury.org~precise+1 (internal dummy connection)"
127.0.0.1 - - [11/Mar/2014:14:19:58 +0000] "OPTIONS * HTTP/1.0" 200 125 "-" "Apache/2.4.6 (Ubuntu) PHP/5.5.7-1+sury.org~precise+1 (internal dummy connection)"
127.0.0.1 - - [11/Mar/2014:14:19:59 +0000] "OPTIONS * HTTP/1.0" 200 125 "-" "Apache/2.4.6 (Ubuntu) PHP/5.5.7-1+sury.org~precise+1 (internal dummy connection)"
127.0.0.1 - - [11/Mar/2014:14:20:00 +0000] "OPTIONS * HTTP/1.0" 200 125 "-" "Apache/2.4.6 (Ubuntu) PHP/5.5.7-1+sury.org~precise+1 (internal dummy connection)"
127.0.0.1 - - [11/Mar/2014:14:20:01 +0000] "OPTIONS * HTTP/1.0" 200 125 "-" "Apache/2.4.6 (Ubuntu) PHP/5.5.7-1+sury.org~precise+1 (internal dummy connection)"
127.0.0.1 - - [11/Mar/2014:14:20:02 +0000] "OPTIONS * HTTP/1.0" 200 125 "-" "Apache/2.4.6 (Ubuntu) PHP/5.5.7-1+sury.org~precise+1 (internal dummy connection)"
127.0.0.1 - - [11/Mar/2014:14:20:03 +0000] "OPTIONS * HTTP/1.0" 200 125 "-" "Apache/2.4.6 (Ubuntu) PHP/5.5.7-1+sury.org~precise+1 (internal dummy connection)"
127.0.0.1 - - [11/Mar/2014:14:20:04 +0000] "OPTIONS * HTTP/1.0" 200 125 "-" "Apache/2.4.6 (Ubuntu) PHP/5.5.7-1+sury.org~precise+1 (internal dummy connection)"
127.0.0.1 - - [11/Mar/2014:14:20:05 +0000] "OPTIONS * HTTP/1.0" 200 125 "-" "Apache/2.4.6 (Ubuntu) PHP/5.5.7-1+sury.org~precise+1 (internal dummy connection)"
108.162.241.113 - - [11/Mar/2014:14:20:06 +0000] "GET / HTTP/1.1" 200 8116 "-" "Mozilla/5.0 (Windows NT 6.3; WOW64) AppleWebKit/537.36 (KHTML, like Gecko) Chrome/33.0.1750.146 Safari/537.36"
127.0.0.1 - - [11/Mar/2014:14:20:06 +0000] "OPTIONS * HTTP/1.0" 200 125 "-" "Apache/2.4.6 (Ubuntu) PHP/5.5.7-1+sury.org~precise+1 (internal dummy connection)"
108.162.241.113 - - [11/Mar/2014:14:20:07 +0000] "GET / HTTP/1.1" 200 8124 "-" "Mozilla/5.0 (Windows NT 6.3; WOW64) AppleWebKit/537.36 (KHTML, like Gecko) Chrome/33.0.1750.146 Safari/537.36"
127.0.0.1 - - [11/Mar/2014:14:20:07 +0000] "OPTIONS * HTTP/1.0" 200 125 "-" "Apache/2.4.6 (Ubuntu) PHP/5.5.7-1+sury.org~precise+1 (internal dummy connection)"
108.162.241.113 - - [11/Mar/2014:14:20:07 +0000] "GET / HTTP/1.1" 200 8123 "-" "Mozilla/5.0 (Windows NT 6.3; WOW64) AppleWebKit/537.36 (KHTML, like Gecko) Chrome/33.0.1750.146 Safari/537.36"
127.0.0.1 - - [11/Mar/2014:14:20:08 +0000] "OPTIONS * HTTP/1.0" 200 125 "-" "Apache/2.4.6 (Ubuntu) PHP/5.5.7-1+sury.org~precise+1 (internal dummy connection)"
127.0.0.1 - - [11/Mar/2014:14:20:09 +0000] "OPTIONS * HTTP/1.0" 200 125 "-" "Apache/2.4.6 (Ubuntu) PHP/5.5.7-1+sury.org~precise+1 (internal dummy connection)"
127.0.0.1 - - [11/Mar/2014:14:20:11 +0000] "OPTIONS * HTTP/1.0" 200 125 "-" "Apache/2.4.6 (Ubuntu) PHP/5.5.7-1+sury.org~precise+1 (internal dummy connection)"
108.162.241.113 - - [11/Mar/2014:14:20:12 +0000] "GET / HTTP/1.1" 200 8112 "-" "Mozilla/5.0 (Windows NT 6.3; WOW64) AppleWebKit/537.36 (KHTML, like Gecko) Chrome/33.0.1750.146 Safari/537.36"
108.162.241.113 - - [11/Mar/2014:14:20:13 +0000] "GET / HTTP/1.1" 200 8117 "-" "Mozilla/5.0 (Windows NT 6.3; WOW64) AppleWebKit/537.36 (KHTML, like Gecko) Chrome/33.0.1750.146 Safari/537.36"
108.162.241.113 - - [11/Mar/2014:14:20:13 +0000] "GET / HTTP/1.1" 200 8117 "-" "Mozilla/5.0 (Windows NT 6.3; WOW64) AppleWebKit/537.36 (KHTML, like Gecko) Chrome/33.0.1750.146 Safari/537.36"
108.162.241.113 - - [11/Mar/2014:14:20:14 +0000] "GET / HTTP/1.1" 200 8119 "-" "Mozilla/5.0 (Windows NT 6.3; WOW64) AppleWebKit/537.36 (KHTML, like Gecko) Chrome/33.0.1750.146 Safari/537.36"
108.162.241.113 - - [11/Mar/2014:14:20:14 +0000] "GET / HTTP/1.1" 200 8118 "-" "Mozilla/5.0 (Windows NT 6.3; WOW64) AppleWebKit/537.36 (KHTML, like Gecko) Chrome/33.0.1750.146 Safari/537.36"
108.162.241.113 - - [11/Mar/2014:14:20:18 +0000] "GET / HTTP/1.1" 200 8117 "-" "Mozilla/5.0 (Windows NT 6.3; WOW64) AppleWebKit/537.36 (KHTML, like Gecko) Chrome/33.0.1750.146 Safari/537.36"
127.0.0.1 - - [11/Mar/2014:14:20:24 +0000] "OPTIONS * HTTP/1.0" 200 125 "-" "Apache/2.4.6 (Ubuntu) PHP/5.5.7-1+sury.org~precise+1 (internal dummy connection)"
108.162.241.113 - - [11/Mar/2014:14:21:19 +0000] "GET / HTTP/1.1" 200 8120 "-" "Mozilla/5.0 (Windows NT 6.3; WOW64) AppleWebKit/537.36 (KHTML, like Gecko) Chrome/33.0.1750.146 Safari/537.36"
108.162.241.112 - - [11/Mar/2014:14:22:02 +0000] "GET /img/trans.png HTTP/1.1" 200 1458 "http://connectnow.today/" "Mozilla/5.0 (Windows NT 6.3; WOW64) AppleWebKit/537.36 (KHTML, like Gecko) Chrome/33.0.1750.146 Safari/537.36"
108.162.241.113 - - [11/Mar/2014:14:26:52 +0000] "GET / HTTP/1.1" 200 8120 "-" "Mozilla/5.0 (Windows NT 6.3; WOW64; Trident/7.0; Touch; rv:11.0) like Gecko"
108.162.242.112 - - [11/Mar/2014:14:26:52 +0000] "GET /favicon-128.png HTTP/1.1" 200 5338 "-" "Mozilla/5.0 (Windows NT 6.3; Win64; x64; Trident/7.0; Touch; rv:11.0) like Gecko"
108.162.241.112 - - [11/Mar/2014:14:26:52 +0000] "GET /fonts/glyphicons-halflings-regular.eot? HTTP/1.1" 200 20525 "http://connectnow.today/" "Mozilla/5.0 (Windows NT 6.3; WOW64; Trident/7.0; Touch; rv:11.0) like Gecko"
108.162.242.113 - - [11/Mar/2014:14:26:52 +0000] "GET /fonts/Elusive-Icons.eot? HTTP/1.1" 200 37320 "http://connectnow.today/" "Mozilla/5.0 (Windows NT 6.3; WOW64; Trident/7.0; Touch; rv:11.0) like Gecko"
108.162.242.210 - - [11/Mar/2014:14:26:52 +0000] "GET /webfonts/2964B3_0_0.woff HTTP/1.1" 200 61309 "http://connectnow.today/" "Mozilla/5.0 (Windows NT 6.3; WOW64; Trident/7.0; Touch; rv:11.0) like Gecko"
108.162.241.113 - - [11/Mar/2014:14:27:06 +0000] "GET /contact HTTP/1.1" 200 6563 "http://connectnow.today/" "Mozilla/5.0 (Windows NT 6.3; WOW64; Trident/7.0; Touch; rv:11.0) like Gecko"
108.162.241.112 - - [11/Mar/2014:14:27:06 +0000] "GET /css/contact.css HTTP/1.1" 200 813 "http://connectnow.today/contact" "Mozilla/5.0 (Windows NT 6.3; WOW64; Trident/7.0; Touch; rv:11.0) like Gecko"
108.162.241.113 - - [11/Mar/2014:14:27:07 +0000] "GET /error HTTP/1.1" 200 807 "http://connectnow.today/contact" "Mozilla/5.0 (Windows NT 6.3; WOW64; Trident/7.0; Touch; rv:11.0) like Gecko"
108.162.242.210 - - [11/Mar/2014:14:27:07 +0000] "GET /favicon.ico HTTP/1.1" 304 182 "-" "Mozilla/5.0 (Windows NT 6.3; Win64; x64; Trident/7.0; Touch; rv:11.0) like Gecko"
108.162.241.113 - - [11/Mar/2014:14:27:09 +0000] "GET /explore HTTP/1.1" 200 7333 "http://connectnow.today/contact" "Mozilla/5.0 (Windows NT 6.3; WOW64; Trident/7.0; Touch; rv:11.0) like Gecko"
108.162.241.210 - - [11/Mar/2014:14:27:09 +0000] "GET /css/explore.css HTTP/1.1" 304 178 "http://connectnow.today/explore" "Mozilla/5.0 (Windows NT 6.3; WOW64; Trident/7.0; Touch; rv:11.0) like Gecko"
108.162.242.210 - - [11/Mar/2014:14:27:09 +0000] "GET /img/blue80.png HTTP/1.1" 304 180 "http://connectnow.today/explore" "Mozilla/5.0 (Windows NT 6.3; WOW64; Trident/7.0; Touch; rv:11.0) like Gecko"
108.162.241.113 - - [11/Mar/2014:14:27:09 +0000] "GET /img/about.jpg HTTP/1.1" 304 181 "http://connectnow.today/explore" "Mozilla/5.0 (Windows NT 6.3; WOW64; Trident/7.0; Touch; rv:11.0) like Gecko"
127.0.0.1 - - [11/Mar/2014:14:27:14 +0000] "OPTIONS * HTTP/1.0" 200 125 "-" "Apache/2.4.6 (Ubuntu) PHP/5.5.7-1+sury.org~precise+1 (internal dummy connection)"
127.0.0.1 - - [11/Mar/2014:14:27:15 +0000] "OPTIONS * HTTP/1.0" 200 125 "-" "Apache/2.4.6 (Ubuntu) PHP/5.5.7-1+sury.org~precise+1 (internal dummy connection)"
127.0.0.1 - - [11/Mar/2014:14:27:16 +0000] "OPTIONS * HTTP/1.0" 200 125 "-" "Apache/2.4.6 (Ubuntu) PHP/5.5.7-1+sury.org~precise+1 (internal dummy connection)"
108.162.241.113 - - [11/Mar/2014:14:27:17 +0000] "GET /test HTTP/1.1" 200 809 "-" "Mozilla/5.0 (Windows NT 6.3; WOW64; Trident/7.0; Touch; rv:11.0) like Gecko"
108.162.241.113 - - [11/Mar/2014:14:27:18 +0000] "GET /test HTTP/1.1" 200 809 "-" "Mozilla/5.0 (Windows NT 6.3; WOW64; Trident/7.0; Touch; rv:11.0) like Gecko"
