135.23.250.207 - - [11/Mar/2014:00:18:02 +0000] "GET /img/about.jpg HTTP/1.1" 200 806 "http://connectnow.today/about" "Mozilla/5.0 (Windows NT 6.3; WOW64) AppleWebKit/537.36 (KHTML, like Gecko) Chrome/33.0.1750.146 Safari/537.36"
135.23.250.207 - - [11/Mar/2014:00:18:02 +0000] "GET /fonts/Elusive-Icons.ttf HTTP/1.1" 200 37234 "http://connectnow.today/" "Mozilla/5.0 (Windows NT 6.3; WOW64) AppleWebKit/537.36 (KHTML, like Gecko) Chrome/33.0.1750.146 Safari/537.36"
135.23.250.207 - - [11/Mar/2014:00:18:02 +0000] "GET /fonts/glyphicons-halflings-regular.woff HTTP/1.1" 200 23403 "http://connectnow.today/" "Mozilla/5.0 (Windows NT 6.3; WOW64) AppleWebKit/537.36 (KHTML, like Gecko) Chrome/33.0.1750.146 Safari/537.36"
135.23.250.207 - - [11/Mar/2014:00:18:02 +0000] "GET /connectnow/public/img/searchbg.png HTTP/1.1" 404 13100 "http://connectnow.today/about" "Mozilla/5.0 (Windows NT 6.3; WOW64) AppleWebKit/537.36 (KHTML, like Gecko) Chrome/33.0.1750.146 Safari/537.36"
127.0.0.1 - - [11/Mar/2014:00:18:09 +0000] "OPTIONS * HTTP/1.0" 200 125 "-" "Apache/2.4.6 (Ubuntu) PHP/5.5.7-1+sury.org~precise+1 (internal dummy connection)"
199.27.128.248 - - [11/Mar/2014:00:25:59 +0000] "GET /cf_error_check/5aa7dd02c6d70ddf9865d4aa1d663635.html HTTP/1.1" 200 809 "-" "-"
135.23.250.207 - - [11/Mar/2014:00:45:00 +0000] "GET /about HTTP/1.1" 200 7540 "http://connectnow.today/" "Mozilla/5.0 (Windows NT 6.3; WOW64) AppleWebKit/537.36 (KHTML, like Gecko) Chrome/33.0.1750.146 Safari/537.36"
135.23.250.207 - - [11/Mar/2014:00:45:00 +0000] "GET /css/bootstrap.min.css HTTP/1.1" 200 17169 "http://connectnow.today/" "Mozilla/5.0 (Windows NT 6.3; WOW64) AppleWebKit/537.36 (KHTML, like Gecko) Chrome/33.0.1750.146 Safari/537.36"
135.23.250.207 - - [11/Mar/2014:00:45:00 +0000] "GET /css/elusive-webfont.css HTTP/1.1" 200 2829 "http://connectnow.today/" "Mozilla/5.0 (Windows NT 6.3; WOW64) AppleWebKit/537.36 (KHTML, like Gecko) Chrome/33.0.1750.146 Safari/537.36"
135.23.250.207 - - [11/Mar/2014:00:45:00 +0000] "GET /css/semantic.min.css HTTP/1.1" 200 35460 "http://connectnow.today/" "Mozilla/5.0 (Windows NT 6.3; WOW64) AppleWebKit/537.36 (KHTML, like Gecko) Chrome/33.0.1750.146 Safari/537.36"
135.23.250.207 - - [11/Mar/2014:00:45:00 +0000] "GET /css/main.css HTTP/1.1" 200 2277 "http://connectnow.today/" "Mozilla/5.0 (Windows NT 6.3; WOW64) AppleWebKit/537.36 (KHTML, like Gecko) Chrome/33.0.1750.146 Safari/537.36"
135.23.250.207 - - [11/Mar/2014:00:45:00 +0000] "GET /img/navlogo.png HTTP/1.1" 200 3247 "http://connectnow.today/" "Mozilla/5.0 (Windows NT 6.3; WOW64) AppleWebKit/537.36 (KHTML, like Gecko) Chrome/33.0.1750.146 Safari/537.36"
135.23.250.207 - - [11/Mar/2014:00:45:00 +0000] "GET /webfonts.js HTTP/1.1" 200 2067 "http://connectnow.today/about" "Mozilla/5.0 (Windows NT 6.3; WOW64) AppleWebKit/537.36 (KHTML, like Gecko) Chrome/33.0.1750.146 Safari/537.36"
135.23.250.207 - - [11/Mar/2014:00:45:00 +0000] "GET /css/about.css HTTP/1.1" 200 805 "http://connectnow.today/about" "Mozilla/5.0 (Windows NT 6.3; WOW64) AppleWebKit/537.36 (KHTML, like Gecko) Chrome/33.0.1750.146 Safari/537.36"
135.23.250.207 - - [11/Mar/2014:00:45:00 +0000] "GET /js/jquery.min.js HTTP/1.1" 200 33154 "http://connectnow.today/about" "Mozilla/5.0 (Windows NT 6.3; WOW64) AppleWebKit/537.36 (KHTML, like Gecko) Chrome/33.0.1750.146 Safari/537.36"
135.23.250.207 - - [11/Mar/2014:00:45:00 +0000] "GET /js/transit.js HTTP/1.1" 200 3063 "http://connectnow.today/about" "Mozilla/5.0 (Windows NT 6.3; WOW64) AppleWebKit/537.36 (KHTML, like Gecko) Chrome/33.0.1750.146 Safari/537.36"
135.23.250.207 - - [11/Mar/2014:00:45:00 +0000] "GET /js/bootstrap.min.js HTTP/1.1" 200 7636 "http://connectnow.today/about" "Mozilla/5.0 (Windows NT 6.3; WOW64) AppleWebKit/537.36 (KHTML, like Gecko) Chrome/33.0.1750.146 Safari/537.36"
135.23.250.207 - - [11/Mar/2014:00:45:00 +0000] "GET /img/about.jpg HTTP/1.1" 200 812 "http://connectnow.today/about" "Mozilla/5.0 (Windows NT 6.3; WOW64) AppleWebKit/537.36 (KHTML, like Gecko) Chrome/33.0.1750.146 Safari/537.36"
135.23.250.207 - - [11/Mar/2014:00:45:01 +0000] "GET /fonts/Elusive-Icons.ttf HTTP/1.1" 200 37234 "http://connectnow.today/" "Mozilla/5.0 (Windows NT 6.3; WOW64) AppleWebKit/537.36 (KHTML, like Gecko) Chrome/33.0.1750.146 Safari/537.36"
135.23.250.207 - - [11/Mar/2014:00:45:01 +0000] "GET /fonts/glyphicons-halflings-regular.woff HTTP/1.1" 200 23403 "http://connectnow.today/" "Mozilla/5.0 (Windows NT 6.3; WOW64) AppleWebKit/537.36 (KHTML, like Gecko) Chrome/33.0.1750.146 Safari/537.36"
135.23.250.207 - - [11/Mar/2014:00:45:01 +0000] "GET /connectnow/public/img/searchbg.png HTTP/1.1" 404 13110 "http://connectnow.today/about" "Mozilla/5.0 (Windows NT 6.3; WOW64) AppleWebKit/537.36 (KHTML, like Gecko) Chrome/33.0.1750.146 Safari/537.36"
135.23.250.207 - - [11/Mar/2014:00:45:01 +0000] "GET /about HTTP/1.1" 200 7535 "http://connectnow.today/" "Mozilla/5.0 (Windows NT 6.3; WOW64) AppleWebKit/537.36 (KHTML, like Gecko) Chrome/33.0.1750.146 Safari/537.36"
135.23.250.207 - - [11/Mar/2014:00:45:01 +0000] "GET /css/bootstrap.min.css HTTP/1.1" 200 17169 "http://connectnow.today/" "Mozilla/5.0 (Windows NT 6.3; WOW64) AppleWebKit/537.36 (KHTML, like Gecko) Chrome/33.0.1750.146 Safari/537.36"
135.23.250.207 - - [11/Mar/2014:00:45:01 +0000] "GET /css/elusive-webfont.css HTTP/1.1" 200 2828 "http://connectnow.today/" "Mozilla/5.0 (Windows NT 6.3; WOW64) AppleWebKit/537.36 (KHTML, like Gecko) Chrome/33.0.1750.146 Safari/537.36"
135.23.250.207 - - [11/Mar/2014:00:45:01 +0000] "GET /css/semantic.min.css HTTP/1.1" 200 35459 "http://connectnow.today/" "Mozilla/5.0 (Windows NT 6.3; WOW64) AppleWebKit/537.36 (KHTML, like Gecko) Chrome/33.0.1750.146 Safari/537.36"
135.23.250.207 - - [11/Mar/2014:00:45:01 +0000] "GET /css/main.css HTTP/1.1" 200 2276 "http://connectnow.today/" "Mozilla/5.0 (Windows NT 6.3; WOW64) AppleWebKit/537.36 (KHTML, like Gecko) Chrome/33.0.1750.146 Safari/537.36"
135.23.250.207 - - [11/Mar/2014:00:45:01 +0000] "GET /css/about.css HTTP/1.1" 200 808 "http://connectnow.today/about" "Mozilla/5.0 (Windows NT 6.3; WOW64) AppleWebKit/537.36 (KHTML, like Gecko) Chrome/33.0.1750.146 Safari/537.36"
135.23.250.207 - - [11/Mar/2014:00:45:01 +0000] "GET /webfonts.js HTTP/1.1" 200 2067 "http://connectnow.today/about" "Mozilla/5.0 (Windows NT 6.3; WOW64) AppleWebKit/537.36 (KHTML, like Gecko) Chrome/33.0.1750.146 Safari/537.36"
135.23.250.207 - - [11/Mar/2014:00:45:01 +0000] "GET /js/jquery.min.js HTTP/1.1" 200 33154 "http://connectnow.today/about" "Mozilla/5.0 (Windows NT 6.3; WOW64) AppleWebKit/537.36 (KHTML, like Gecko) Chrome/33.0.1750.146 Safari/537.36"
135.23.250.207 - - [11/Mar/2014:00:45:01 +0000] "GET /js/bootstrap.min.js HTTP/1.1" 200 7636 "http://connectnow.today/about" "Mozilla/5.0 (Windows NT 6.3; WOW64) AppleWebKit/537.36 (KHTML, like Gecko) Chrome/33.0.1750.146 Safari/537.36"
135.23.250.207 - - [11/Mar/2014:00:45:01 +0000] "GET /js/transit.js HTTP/1.1" 200 3063 "http://connectnow.today/about" "Mozilla/5.0 (Windows NT 6.3; WOW64) AppleWebKit/537.36 (KHTML, like Gecko) Chrome/33.0.1750.146 Safari/537.36"
135.23.250.207 - - [11/Mar/2014:00:45:01 +0000] "GET /img/navlogo.png HTTP/1.1" 200 3247 "http://connectnow.today/" "Mozilla/5.0 (Windows NT 6.3; WOW64) AppleWebKit/537.36 (KHTML, like Gecko) Chrome/33.0.1750.146 Safari/537.36"
135.23.250.207 - - [11/Mar/2014:00:45:01 +0000] "GET /img/about.jpg HTTP/1.1" 200 806 "http://connectnow.today/about" "Mozilla/5.0 (Windows NT 6.3; WOW64) AppleWebKit/537.36 (KHTML, like Gecko) Chrome/33.0.1750.146 Safari/537.36"
135.23.250.207 - - [11/Mar/2014:00:45:02 +0000] "GET /fonts/glyphicons-halflings-regular.woff HTTP/1.1" 200 23403 "http://connectnow.today/" "Mozilla/5.0 (Windows NT 6.3; WOW64) AppleWebKit/537.36 (KHTML, like Gecko) Chrome/33.0.1750.146 Safari/537.36"
135.23.250.207 - - [11/Mar/2014:00:45:02 +0000] "GET /fonts/Elusive-Icons.ttf HTTP/1.1" 200 37234 "http://connectnow.today/" "Mozilla/5.0 (Windows NT 6.3; WOW64) AppleWebKit/537.36 (KHTML, like Gecko) Chrome/33.0.1750.146 Safari/537.36"
135.23.250.207 - - [11/Mar/2014:00:45:02 +0000] "GET /connectnow/public/img/searchbg.png HTTP/1.1" 404 13093 "http://connectnow.today/about" "Mozilla/5.0 (Windows NT 6.3; WOW64) AppleWebKit/537.36 (KHTML, like Gecko) Chrome/33.0.1750.146 Safari/537.36"
108.162.216.45 - - [11/Mar/2014:00:49:59 +0000] "GET / HTTP/1.1" 200 7931 "-" "Mozilla/5.0 (Windows NT 6.1; WOW64) AppleWebKit/537.36 (KHTML, like Gecko) Chrome/33.0.1750.146 Safari/537.36"
108.162.217.23 - - [11/Mar/2014:00:49:59 +0000] "GET /css/elusive-webfont.css HTTP/1.1" 200 2829 "http://connectnow.today/" "Mozilla/5.0 (Windows NT 6.1; WOW64) AppleWebKit/537.36 (KHTML, like Gecko) Chrome/33.0.1750.146 Safari/537.36"
108.162.216.43 - - [11/Mar/2014:00:49:59 +0000] "GET /css/semantic.min.css HTTP/1.1" 200 35460 "http://connectnow.today/" "Mozilla/5.0 (Windows NT 6.1; WOW64) AppleWebKit/537.36 (KHTML, like Gecko) Chrome/33.0.1750.146 Safari/537.36"
108.162.216.44 - - [11/Mar/2014:00:49:59 +0000] "GET /css/main.css HTTP/1.1" 200 2277 "http://connectnow.today/" "Mozilla/5.0 (Windows NT 6.1; WOW64) AppleWebKit/537.36 (KHTML, like Gecko) Chrome/33.0.1750.146 Safari/537.36"
108.162.216.51 - - [11/Mar/2014:00:49:59 +0000] "GET /img/navlogo.png HTTP/1.1" 200 3247 "http://connectnow.today/" "Mozilla/5.0 (Windows NT 6.1; WOW64) AppleWebKit/537.36 (KHTML, like Gecko) Chrome/33.0.1750.146 Safari/537.36"
108.162.217.35 - - [11/Mar/2014:00:49:59 +0000] "GET /css/home.css HTTP/1.1" 200 1249 "http://connectnow.today/" "Mozilla/5.0 (Windows NT 6.1; WOW64) AppleWebKit/537.36 (KHTML, like Gecko) Chrome/33.0.1750.146 Safari/537.36"
108.162.216.51 - - [11/Mar/2014:00:49:59 +0000] "GET /webfonts.js HTTP/1.1" 200 2068 "http://connectnow.today/" "Mozilla/5.0 (Windows NT 6.1; WOW64) AppleWebKit/537.36 (KHTML, like Gecko) Chrome/33.0.1750.146 Safari/537.36"
108.162.216.36 - - [11/Mar/2014:00:49:59 +0000] "GET /js/jquery.min.js HTTP/1.1" 200 33155 "http://connectnow.today/" "Mozilla/5.0 (Windows NT 6.1; WOW64) AppleWebKit/537.36 (KHTML, like Gecko) Chrome/33.0.1750.146 Safari/537.36"
108.162.216.36 - - [11/Mar/2014:00:50:00 +0000] "GET /js/transit.js HTTP/1.1" 200 3064 "http://connectnow.today/" "Mozilla/5.0 (Windows NT 6.1; WOW64) AppleWebKit/537.36 (KHTML, like Gecko) Chrome/33.0.1750.146 Safari/537.36"
108.162.216.43 - - [11/Mar/2014:00:50:00 +0000] "GET /js/bootstrap.min.js HTTP/1.1" 200 7637 "http://connectnow.today/" "Mozilla/5.0 (Windows NT 6.1; WOW64) AppleWebKit/537.36 (KHTML, like Gecko) Chrome/33.0.1750.146 Safari/537.36"
108.162.217.29 - - [11/Mar/2014:00:50:00 +0000] "GET /img/home/bubbles/browse.png HTTP/1.1" 200 3579 "http://connectnow.today/" "Mozilla/5.0 (Windows NT 6.1; WOW64) AppleWebKit/537.36 (KHTML, like Gecko) Chrome/33.0.1750.146 Safari/537.36"
108.162.216.47 - - [11/Mar/2014:00:50:01 +0000] "GET /img/banner/gcn.png HTTP/1.1" 200 4932 "http://connectnow.today/" "Mozilla/5.0 (Windows NT 6.1; WOW64) AppleWebKit/537.36 (KHTML, like Gecko) Chrome/33.0.1750.146 Safari/537.36"
108.162.216.36 - - [11/Mar/2014:00:50:01 +0000] "GET /img/home/bubbles/track.png HTTP/1.1" 200 3864 "http://connectnow.today/" "Mozilla/5.0 (Windows NT 6.1; WOW64) AppleWebKit/537.36 (KHTML, like Gecko) Chrome/33.0.1750.146 Safari/537.36"
108.162.217.47 - - [11/Mar/2014:00:50:01 +0000] "GET /img/banner/banner1.jpg HTTP/1.1" 200 770897 "http://connectnow.today/" "Mozilla/5.0 (Windows NT 6.1; WOW64) AppleWebKit/537.36 (KHTML, like Gecko) Chrome/33.0.1750.146 Safari/537.36"
108.162.216.43 - - [11/Mar/2014:00:50:01 +0000] "GET /img/home/bubbles/share.png HTTP/1.1" 200 3475 "http://connectnow.today/" "Mozilla/5.0 (Windows NT 6.1; WOW64) AppleWebKit/537.36 (KHTML, like Gecko) Chrome/33.0.1750.146 Safari/537.36"
108.162.217.35 - - [11/Mar/2014:00:50:02 +0000] "GET /img/home/bubbles/commit.png HTTP/1.1" 200 3331 "http://connectnow.today/" "Mozilla/5.0 (Windows NT 6.1; WOW64) AppleWebKit/537.36 (KHTML, like Gecko) Chrome/33.0.1750.146 Safari/537.36"
108.162.216.51 - - [11/Mar/2014:00:50:02 +0000] "GET /css/bootstrap.min.css HTTP/1.1" 200 17170 "http://connectnow.today/" "Mozilla/5.0 (Windows NT 6.1; WOW64) AppleWebKit/537.36 (KHTML, like Gecko) Chrome/33.0.1750.146 Safari/537.36"
108.162.217.23 - - [11/Mar/2014:00:50:02 +0000] "GET /img/banner/banner2.jpg HTTP/1.1" 200 596650 "http://connectnow.today/" "Mozilla/5.0 (Windows NT 6.1; WOW64) AppleWebKit/537.36 (KHTML, like Gecko) Chrome/33.0.1750.146 Safari/537.36"
108.162.216.50 - - [11/Mar/2014:00:50:02 +0000] "GET /img/banner/banner3.jpg HTTP/1.1" 200 700892 "http://connectnow.today/" "Mozilla/5.0 (Windows NT 6.1; WOW64) AppleWebKit/537.36 (KHTML, like Gecko) Chrome/33.0.1750.146 Safari/537.36"
108.162.216.40 - - [11/Mar/2014:00:50:03 +0000] "GET /fonts/glyphicons-halflings-regular.woff HTTP/1.1" 200 23404 "http://connectnow.today/" "Mozilla/5.0 (Windows NT 6.1; WOW64) AppleWebKit/537.36 (KHTML, like Gecko) Chrome/33.0.1750.146 Safari/537.36"
108.162.216.34 - - [11/Mar/2014:00:50:03 +0000] "GET /img/home/ready.jpg HTTP/1.1" 200 12634 "http://connectnow.today/" "Mozilla/5.0 (Windows NT 6.1; WOW64) AppleWebKit/537.36 (KHTML, like Gecko) Chrome/33.0.1750.146 Safari/537.36"
108.162.216.35 - - [11/Mar/2014:00:50:03 +0000] "GET /fonts/Elusive-Icons.ttf HTTP/1.1" 200 37235 "http://connectnow.today/" "Mozilla/5.0 (Windows NT 6.1; WOW64) AppleWebKit/537.36 (KHTML, like Gecko) Chrome/33.0.1750.146 Safari/537.36"
108.162.216.41 - - [11/Mar/2014:00:50:03 +0000] "GET /connectnow/public/img/searchbg.png HTTP/1.1" 404 13223 "http://connectnow.today/" "Mozilla/5.0 (Windows NT 6.1; WOW64) AppleWebKit/537.36 (KHTML, like Gecko) Chrome/33.0.1750.146 Safari/537.36"
108.162.216.37 - - [11/Mar/2014:00:50:03 +0000] "GET /webfonts/2964B3_0_0.woff HTTP/1.1" 200 61309 "http://connectnow.today/" "Mozilla/5.0 (Windows NT 6.1; WOW64) AppleWebKit/537.36 (KHTML, like Gecko) Chrome/33.0.1750.146 Safari/537.36"
108.162.216.45 - - [11/Mar/2014:00:50:03 +0000] "GET /connectnow/public/img/30perc.png HTTP/1.1" 404 13223 "http://connectnow.today/" "Mozilla/5.0 (Windows NT 6.1; WOW64) AppleWebKit/537.36 (KHTML, like Gecko) Chrome/33.0.1750.146 Safari/537.36"
108.162.216.45 - - [11/Mar/2014:00:50:05 +0000] "GET /connectnow/public/img/30perc.png HTTP/1.1" 404 13215 "http://connectnow.today/" "Mozilla/5.0 (Windows NT 6.1; WOW64) AppleWebKit/537.36 (KHTML, like Gecko) Chrome/33.0.1750.146 Safari/537.36"
127.0.0.1 - - [11/Mar/2014:00:50:05 +0000] "OPTIONS * HTTP/1.0" 200 125 "-" "Apache/2.4.6 (Ubuntu) PHP/5.5.7-1+sury.org~precise+1 (internal dummy connection)"
127.0.0.1 - - [11/Mar/2014:00:50:06 +0000] "OPTIONS * HTTP/1.0" 200 125 "-" "Apache/2.4.6 (Ubuntu) PHP/5.5.7-1+sury.org~precise+1 (internal dummy connection)"
127.0.0.1 - - [11/Mar/2014:00:50:07 +0000] "OPTIONS * HTTP/1.0" 200 125 "-" "Apache/2.4.6 (Ubuntu) PHP/5.5.7-1+sury.org~precise+1 (internal dummy connection)"
127.0.0.1 - - [11/Mar/2014:00:50:08 +0000] "OPTIONS * HTTP/1.0" 200 125 "-" "Apache/2.4.6 (Ubuntu) PHP/5.5.7-1+sury.org~precise+1 (internal dummy connection)"
127.0.0.1 - - [11/Mar/2014:00:50:09 +0000] "OPTIONS * HTTP/1.0" 200 125 "-" "Apache/2.4.6 (Ubuntu) PHP/5.5.7-1+sury.org~precise+1 (internal dummy connection)"
127.0.0.1 - - [11/Mar/2014:00:50:10 +0000] "OPTIONS * HTTP/1.0" 200 125 "-" "Apache/2.4.6 (Ubuntu) PHP/5.5.7-1+sury.org~precise+1 (internal dummy connection)"
127.0.0.1 - - [11/Mar/2014:00:50:11 +0000] "OPTIONS * HTTP/1.0" 200 125 "-" "Apache/2.4.6 (Ubuntu) PHP/5.5.7-1+sury.org~precise+1 (internal dummy connection)"
127.0.0.1 - - [11/Mar/2014:00:50:12 +0000] "OPTIONS * HTTP/1.0" 200 125 "-" "Apache/2.4.6 (Ubuntu) PHP/5.5.7-1+sury.org~precise+1 (internal dummy connection)"
127.0.0.1 - - [11/Mar/2014:00:50:13 +0000] "OPTIONS * HTTP/1.0" 200 125 "-" "Apache/2.4.6 (Ubuntu) PHP/5.5.7-1+sury.org~precise+1 (internal dummy connection)"
127.0.0.1 - - [11/Mar/2014:00:50:14 +0000] "OPTIONS * HTTP/1.0" 200 125 "-" "Apache/2.4.6 (Ubuntu) PHP/5.5.7-1+sury.org~precise+1 (internal dummy connection)"
127.0.0.1 - - [11/Mar/2014:00:50:15 +0000] "OPTIONS * HTTP/1.0" 200 125 "-" "Apache/2.4.6 (Ubuntu) PHP/5.5.7-1+sury.org~precise+1 (internal dummy connection)"
127.0.0.1 - - [11/Mar/2014:00:50:16 +0000] "OPTIONS * HTTP/1.0" 200 125 "-" "Apache/2.4.6 (Ubuntu) PHP/5.5.7-1+sury.org~precise+1 (internal dummy connection)"
127.0.0.1 - - [11/Mar/2014:00:50:17 +0000] "OPTIONS * HTTP/1.0" 200 125 "-" "Apache/2.4.6 (Ubuntu) PHP/5.5.7-1+sury.org~precise+1 (internal dummy connection)"
127.0.0.1 - - [11/Mar/2014:00:50:18 +0000] "OPTIONS * HTTP/1.0" 200 125 "-" "Apache/2.4.6 (Ubuntu) PHP/5.5.7-1+sury.org~precise+1 (internal dummy connection)"
127.0.0.1 - - [11/Mar/2014:00:50:19 +0000] "OPTIONS * HTTP/1.0" 200 125 "-" "Apache/2.4.6 (Ubuntu) PHP/5.5.7-1+sury.org~precise+1 (internal dummy connection)"
108.162.242.119 - - [11/Mar/2014:00:51:18 +0000] "GET / HTTP/1.1" 200 7929 "-" "Mozilla/5.0 (Windows NT 6.1; WOW64) AppleWebKit/537.36 (KHTML, like Gecko) Chrome/33.0.1750.146 Safari/537.36"
108.162.242.118 - - [11/Mar/2014:00:51:19 +0000] "GET /css/elusive-webfont.css HTTP/1.1" 200 2829 "http://connectnow.today/" "Mozilla/5.0 (Windows NT 6.1; WOW64) AppleWebKit/537.36 (KHTML, like Gecko) Chrome/33.0.1750.146 Safari/537.36"
108.162.242.216 - - [11/Mar/2014:00:51:19 +0000] "GET /css/main.css HTTP/1.1" 200 2277 "http://connectnow.today/" "Mozilla/5.0 (Windows NT 6.1; WOW64) AppleWebKit/537.36 (KHTML, like Gecko) Chrome/33.0.1750.146 Safari/537.36"
108.162.241.216 - - [11/Mar/2014:00:51:19 +0000] "GET /css/semantic.min.css HTTP/1.1" 200 35460 "http://connectnow.today/" "Mozilla/5.0 (Windows NT 6.1; WOW64) AppleWebKit/537.36 (KHTML, like Gecko) Chrome/33.0.1750.146 Safari/537.36"
108.162.242.216 - - [11/Mar/2014:00:51:19 +0000] "GET /css/bootstrap.min.css HTTP/1.1" 200 17170 "http://connectnow.today/" "Mozilla/5.0 (Windows NT 6.1; WOW64) AppleWebKit/537.36 (KHTML, like Gecko) Chrome/33.0.1750.146 Safari/537.36"
108.162.242.216 - - [11/Mar/2014:00:51:19 +0000] "GET /css/home.css HTTP/1.1" 200 1249 "http://connectnow.today/" "Mozilla/5.0 (Windows NT 6.1; WOW64) AppleWebKit/537.36 (KHTML, like Gecko) Chrome/33.0.1750.146 Safari/537.36"
108.162.242.216 - - [11/Mar/2014:00:51:19 +0000] "GET /webfonts.js HTTP/1.1" 200 2068 "http://connectnow.today/" "Mozilla/5.0 (Windows NT 6.1; WOW64) AppleWebKit/537.36 (KHTML, like Gecko) Chrome/33.0.1750.146 Safari/537.36"
108.162.241.216 - - [11/Mar/2014:00:51:19 +0000] "GET /js/transit.js HTTP/1.1" 200 3064 "http://connectnow.today/" "Mozilla/5.0 (Windows NT 6.1; WOW64) AppleWebKit/537.36 (KHTML, like Gecko) Chrome/33.0.1750.146 Safari/537.36"
108.162.242.216 - - [11/Mar/2014:00:51:19 +0000] "GET /img/navlogo.png HTTP/1.1" 200 3246 "http://connectnow.today/" "Mozilla/5.0 (Windows NT 6.1; WOW64) AppleWebKit/537.36 (KHTML, like Gecko) Chrome/33.0.1750.146 Safari/537.36"
108.162.242.216 - - [11/Mar/2014:00:51:19 +0000] "GET /img/home/bubbles/commit.png HTTP/1.1" 200 3330 "http://connectnow.today/" "Mozilla/5.0 (Windows NT 6.1; WOW64) AppleWebKit/537.36 (KHTML, like Gecko) Chrome/33.0.1750.146 Safari/537.36"
108.162.241.216 - - [11/Mar/2014:00:51:19 +0000] "GET /img/banner/gcn.png HTTP/1.1" 200 4931 "http://connectnow.today/" "Mozilla/5.0 (Windows NT 6.1; WOW64) AppleWebKit/537.36 (KHTML, like Gecko) Chrome/33.0.1750.146 Safari/537.36"
108.162.241.119 - - [11/Mar/2014:00:51:19 +0000] "GET /img/home/bubbles/browse.png HTTP/1.1" 200 3579 "http://connectnow.today/" "Mozilla/5.0 (Windows NT 6.1; WOW64) AppleWebKit/537.36 (KHTML, like Gecko) Chrome/33.0.1750.146 Safari/537.36"
108.162.241.216 - - [11/Mar/2014:00:51:19 +0000] "GET /js/bootstrap.min.js HTTP/1.1" 200 7637 "http://connectnow.today/" "Mozilla/5.0 (Windows NT 6.1; WOW64) AppleWebKit/537.36 (KHTML, like Gecko) Chrome/33.0.1750.146 Safari/537.36"
108.162.242.118 - - [11/Mar/2014:00:51:19 +0000] "GET /fonts/glyphicons-halflings-regular.woff HTTP/1.1" 200 23403 "http://connectnow.today/" "Mozilla/5.0 (Windows NT 6.1; WOW64) AppleWebKit/537.36 (KHTML, like Gecko) Chrome/33.0.1750.146 Safari/537.36"
108.162.242.216 - - [11/Mar/2014:00:51:19 +0000] "GET /webfonts/2964B3_0_0.woff HTTP/1.1" 200 61308 "http://connectnow.today/" "Mozilla/5.0 (Windows NT 6.1; WOW64) AppleWebKit/537.36 (KHTML, like Gecko) Chrome/33.0.1750.146 Safari/537.36"
108.162.241.216 - - [11/Mar/2014:00:51:19 +0000] "GET /img/home/bubbles/share.png HTTP/1.1" 200 3475 "http://connectnow.today/" "Mozilla/5.0 (Windows NT 6.1; WOW64) AppleWebKit/537.36 (KHTML, like Gecko) Chrome/33.0.1750.146 Safari/537.36"
108.162.241.119 - - [11/Mar/2014:00:51:19 +0000] "GET /connectnow/public/img/30perc.png HTTP/1.1" 404 13208 "http://connectnow.today/" "Mozilla/5.0 (Windows NT 6.1; WOW64) AppleWebKit/537.36 (KHTML, like Gecko) Chrome/33.0.1750.146 Safari/537.36"
108.162.242.119 - - [11/Mar/2014:00:51:19 +0000] "GET /fonts/Elusive-Icons.ttf HTTP/1.1" 200 37235 "http://connectnow.today/" "Mozilla/5.0 (Windows NT 6.1; WOW64) AppleWebKit/537.36 (KHTML, like Gecko) Chrome/33.0.1750.146 Safari/537.36"
108.162.241.216 - - [11/Mar/2014:00:51:19 +0000] "GET /js/jquery.min.js HTTP/1.1" 200 33154 "http://connectnow.today/" "Mozilla/5.0 (Windows NT 6.1; WOW64) AppleWebKit/537.36 (KHTML, like Gecko) Chrome/33.0.1750.146 Safari/537.36"
108.162.242.119 - - [11/Mar/2014:00:51:19 +0000] "GET /img/banner/banner3.jpg HTTP/1.1" 200 700891 "http://connectnow.today/" "Mozilla/5.0 (Windows NT 6.1; WOW64) AppleWebKit/537.36 (KHTML, like Gecko) Chrome/33.0.1750.146 Safari/537.36"
108.162.242.118 - - [11/Mar/2014:00:51:19 +0000] "GET /img/banner/banner2.jpg HTTP/1.1" 200 596650 "http://connectnow.today/" "Mozilla/5.0 (Windows NT 6.1; WOW64) AppleWebKit/537.36 (KHTML, like Gecko) Chrome/33.0.1750.146 Safari/537.36"
108.162.241.216 - - [11/Mar/2014:00:51:20 +0000] "GET /img/home/bubbles/track.png HTTP/1.1" 200 3865 "http://connectnow.today/" "Mozilla/5.0 (Windows NT 6.1; WOW64) AppleWebKit/537.36 (KHTML, like Gecko) Chrome/33.0.1750.146 Safari/537.36"
108.162.241.119 - - [11/Mar/2014:00:51:21 +0000] "GET /img/home/ready.jpg HTTP/1.1" 200 12634 "http://connectnow.today/" "Mozilla/5.0 (Windows NT 6.1; WOW64) AppleWebKit/537.36 (KHTML, like Gecko) Chrome/33.0.1750.146 Safari/537.36"
108.162.241.119 - - [11/Mar/2014:00:51:21 +0000] "GET /connectnow/public/img/searchbg.png HTTP/1.1" 404 13206 "http://connectnow.today/" "Mozilla/5.0 (Windows NT 6.1; WOW64) AppleWebKit/537.36 (KHTML, like Gecko) Chrome/33.0.1750.146 Safari/537.36"
108.162.242.118 - - [11/Mar/2014:00:51:20 +0000] "GET /img/banner/banner1.jpg HTTP/1.1" 200 770897 "http://connectnow.today/" "Mozilla/5.0 (Windows NT 6.1; WOW64) AppleWebKit/537.36 (KHTML, like Gecko) Chrome/33.0.1750.146 Safari/537.36"
127.0.0.1 - - [11/Mar/2014:00:51:23 +0000] "OPTIONS * HTTP/1.0" 200 125 "-" "Apache/2.4.6 (Ubuntu) PHP/5.5.7-1+sury.org~precise+1 (internal dummy connection)"
127.0.0.1 - - [11/Mar/2014:00:51:24 +0000] "OPTIONS * HTTP/1.0" 200 125 "-" "Apache/2.4.6 (Ubuntu) PHP/5.5.7-1+sury.org~precise+1 (internal dummy connection)"
127.0.0.1 - - [11/Mar/2014:00:51:25 +0000] "OPTIONS * HTTP/1.0" 200 125 "-" "Apache/2.4.6 (Ubuntu) PHP/5.5.7-1+sury.org~precise+1 (internal dummy connection)"
127.0.0.1 - - [11/Mar/2014:00:51:26 +0000] "OPTIONS * HTTP/1.0" 200 125 "-" "Apache/2.4.6 (Ubuntu) PHP/5.5.7-1+sury.org~precise+1 (internal dummy connection)"
108.162.242.119 - - [11/Mar/2014:00:51:26 +0000] "GET /explore HTTP/1.1" 200 6643 "http://connectnow.today/" "Mozilla/5.0 (Windows NT 6.1; WOW64) AppleWebKit/537.36 (KHTML, like Gecko) Chrome/33.0.1750.146 Safari/537.36"
108.162.241.119 - - [11/Mar/2014:00:51:26 +0000] "GET /connectnow/public/img/searchbg.png HTTP/1.1" 404 13218 "http://connectnow.today/explore" "Mozilla/5.0 (Windows NT 6.1; WOW64) AppleWebKit/537.36 (KHTML, like Gecko) Chrome/33.0.1750.146 Safari/537.36"
127.0.0.1 - - [11/Mar/2014:00:51:27 +0000] "OPTIONS * HTTP/1.0" 200 125 "-" "Apache/2.4.6 (Ubuntu) PHP/5.5.7-1+sury.org~precise+1 (internal dummy connection)"
127.0.0.1 - - [11/Mar/2014:00:51:28 +0000] "OPTIONS * HTTP/1.0" 200 125 "-" "Apache/2.4.6 (Ubuntu) PHP/5.5.7-1+sury.org~precise+1 (internal dummy connection)"
108.162.242.119 - - [11/Mar/2014:00:51:28 +0000] "GET /contact HTTP/1.1" 200 6205 "http://connectnow.today/explore" "Mozilla/5.0 (Windows NT 6.1; WOW64) AppleWebKit/537.36 (KHTML, like Gecko) Chrome/33.0.1750.146 Safari/537.36"
108.162.242.118 - - [11/Mar/2014:00:51:28 +0000] "GET /css/contact.css HTTP/1.1" 200 805 "http://connectnow.today/contact" "Mozilla/5.0 (Windows NT 6.1; WOW64) AppleWebKit/537.36 (KHTML, like Gecko) Chrome/33.0.1750.146 Safari/537.36"
108.162.241.119 - - [11/Mar/2014:00:51:28 +0000] "GET /connectnow/public/img/searchbg.png HTTP/1.1" 404 13218 "http://connectnow.today/contact" "Mozilla/5.0 (Windows NT 6.1; WOW64) AppleWebKit/537.36 (KHTML, like Gecko) Chrome/33.0.1750.146 Safari/537.36"
127.0.0.1 - - [11/Mar/2014:00:51:29 +0000] "OPTIONS * HTTP/1.0" 200 125 "-" "Apache/2.4.6 (Ubuntu) PHP/5.5.7-1+sury.org~precise+1 (internal dummy connection)"
108.162.242.119 - - [11/Mar/2014:00:51:29 +0000] "GET /about HTTP/1.1" 200 7548 "http://connectnow.today/contact" "Mozilla/5.0 (Windows NT 6.1; WOW64) AppleWebKit/537.36 (KHTML, like Gecko) Chrome/33.0.1750.146 Safari/537.36"
108.162.242.118 - - [11/Mar/2014:00:51:30 +0000] "GET /css/about.css HTTP/1.1" 200 805 "http://connectnow.today/about" "Mozilla/5.0 (Windows NT 6.1; WOW64) AppleWebKit/537.36 (KHTML, like Gecko) Chrome/33.0.1750.146 Safari/537.36"
108.162.241.119 - - [11/Mar/2014:00:51:30 +0000] "GET /connectnow/public/img/searchbg.png HTTP/1.1" 404 13216 "http://connectnow.today/about" "Mozilla/5.0 (Windows NT 6.1; WOW64) AppleWebKit/537.36 (KHTML, like Gecko) Chrome/33.0.1750.146 Safari/537.36"
108.162.241.119 - - [11/Mar/2014:00:51:30 +0000] "GET /img/about.jpg HTTP/1.1" 200 805 "http://connectnow.today/about" "Mozilla/5.0 (Windows NT 6.1; WOW64) AppleWebKit/537.36 (KHTML, like Gecko) Chrome/33.0.1750.146 Safari/537.36"
127.0.0.1 - - [11/Mar/2014:00:51:30 +0000] "OPTIONS * HTTP/1.0" 200 125 "-" "Apache/2.4.6 (Ubuntu) PHP/5.5.7-1+sury.org~precise+1 (internal dummy connection)"
108.162.242.119 - - [11/Mar/2014:00:51:30 +0000] "GET /contact HTTP/1.1" 200 6201 "http://connectnow.today/about" "Mozilla/5.0 (Windows NT 6.1; WOW64) AppleWebKit/537.36 (KHTML, like Gecko) Chrome/33.0.1750.146 Safari/537.36"
108.162.242.118 - - [11/Mar/2014:00:51:31 +0000] "GET /css/contact.css HTTP/1.1" 200 805 "http://connectnow.today/contact" "Mozilla/5.0 (Windows NT 6.1; WOW64) AppleWebKit/537.36 (KHTML, like Gecko) Chrome/33.0.1750.146 Safari/537.36"
108.162.241.119 - - [11/Mar/2014:00:51:31 +0000] "GET /connectnow/public/img/searchbg.png HTTP/1.1" 404 13210 "http://connectnow.today/contact" "Mozilla/5.0 (Windows NT 6.1; WOW64) AppleWebKit/537.36 (KHTML, like Gecko) Chrome/33.0.1750.146 Safari/537.36"
127.0.0.1 - - [11/Mar/2014:00:51:34 +0000] "OPTIONS * HTTP/1.0" 200 125 "-" "Apache/2.4.6 (Ubuntu) PHP/5.5.7-1+sury.org~precise+1 (internal dummy connection)"
127.0.0.1 - - [11/Mar/2014:00:51:35 +0000] "OPTIONS * HTTP/1.0" 200 125 "-" "Apache/2.4.6 (Ubuntu) PHP/5.5.7-1+sury.org~precise+1 (internal dummy connection)"
127.0.0.1 - - [11/Mar/2014:00:51:36 +0000] "OPTIONS * HTTP/1.0" 200 125 "-" "Apache/2.4.6 (Ubuntu) PHP/5.5.7-1+sury.org~precise+1 (internal dummy connection)"
127.0.0.1 - - [11/Mar/2014:00:51:37 +0000] "OPTIONS * HTTP/1.0" 200 125 "-" "Apache/2.4.6 (Ubuntu) PHP/5.5.7-1+sury.org~precise+1 (internal dummy connection)"
127.0.0.1 - - [11/Mar/2014:00:51:38 +0000] "OPTIONS * HTTP/1.0" 200 125 "-" "Apache/2.4.6 (Ubuntu) PHP/5.5.7-1+sury.org~precise+1 (internal dummy connection)"
127.0.0.1 - - [11/Mar/2014:00:51:39 +0000] "OPTIONS * HTTP/1.0" 200 125 "-" "Apache/2.4.6 (Ubuntu) PHP/5.5.7-1+sury.org~precise+1 (internal dummy connection)"
127.0.0.1 - - [11/Mar/2014:00:51:40 +0000] "OPTIONS * HTTP/1.0" 200 125 "-" "Apache/2.4.6 (Ubuntu) PHP/5.5.7-1+sury.org~precise+1 (internal dummy connection)"
108.162.216.45 - - [11/Mar/2014:00:55:20 +0000] "GET /error HTTP/1.1" 200 809 "http://connectnow.today/" "Mozilla/5.0 (Windows NT 6.1; WOW64) AppleWebKit/537.36 (KHTML, like Gecko) Chrome/33.0.1750.146 Safari/537.36"
108.162.216.45 - - [11/Mar/2014:00:55:23 +0000] "GET /about HTTP/1.1" 200 7544 "http://connectnow.today/" "Mozilla/5.0 (Windows NT 6.1; WOW64) AppleWebKit/537.36 (KHTML, like Gecko) Chrome/33.0.1750.146 Safari/537.36"
108.162.217.23 - - [11/Mar/2014:00:55:23 +0000] "GET /css/about.css HTTP/1.1" 200 809 "http://connectnow.today/about" "Mozilla/5.0 (Windows NT 6.1; WOW64) AppleWebKit/537.36 (KHTML, like Gecko) Chrome/33.0.1750.146 Safari/537.36"
108.162.216.45 - - [11/Mar/2014:00:55:24 +0000] "GET /img/about.jpg HTTP/1.1" 200 810 "http://connectnow.today/about" "Mozilla/5.0 (Windows NT 6.1; WOW64) AppleWebKit/537.36 (KHTML, like Gecko) Chrome/33.0.1750.146 Safari/537.36"
108.162.216.41 - - [11/Mar/2014:00:55:24 +0000] "GET /connectnow/public/img/searchbg.png HTTP/1.1" 404 13228 "http://connectnow.today/about" "Mozilla/5.0 (Windows NT 6.1; WOW64) AppleWebKit/537.36 (KHTML, like Gecko) Chrome/33.0.1750.146 Safari/537.36"
135.23.250.207 - - [11/Mar/2014:01:04:02 +0000] "GET /about HTTP/1.1" 200 7544 "http://connectnow.today/" "Mozilla/5.0 (Windows NT 6.3; WOW64) AppleWebKit/537.36 (KHTML, like Gecko) Chrome/33.0.1750.146 Safari/537.36"
135.23.250.207 - - [11/Mar/2014:01:04:03 +0000] "GET /about HTTP/1.1" 200 7543 "http://connectnow.today/" "Mozilla/5.0 (Windows NT 6.3; WOW64) AppleWebKit/537.36 (KHTML, like Gecko) Chrome/33.0.1750.146 Safari/537.36"
135.23.250.207 - - [11/Mar/2014:01:04:03 +0000] "GET /about HTTP/1.1" 200 7539 "http://connectnow.today/" "Mozilla/5.0 (Windows NT 6.3; WOW64) AppleWebKit/537.36 (KHTML, like Gecko) Chrome/33.0.1750.146 Safari/537.36"
135.23.250.207 - - [11/Mar/2014:01:04:04 +0000] "GET /css/about.css HTTP/1.1" 200 800 "http://connectnow.today/about" "Mozilla/5.0 (Windows NT 6.3; WOW64) AppleWebKit/537.36 (KHTML, like Gecko) Chrome/33.0.1750.146 Safari/537.36"
135.23.250.207 - - [11/Mar/2014:01:04:10 +0000] "GET /js/bootstrap.min.js HTTP/1.1" 200 7637 "http://connectnow.today/about" "Mozilla/5.0 (Windows NT 6.3; WOW64) AppleWebKit/537.36 (KHTML, like Gecko) Chrome/33.0.1750.146 Safari/537.36"
135.23.250.207 - - [11/Mar/2014:01:04:12 +0000] "GET /js/transit.js HTTP/1.1" 200 3063 "http://connectnow.today/about" "Mozilla/5.0 (Windows NT 6.3; WOW64) AppleWebKit/537.36 (KHTML, like Gecko) Chrome/33.0.1750.146 Safari/537.36"
135.23.250.207 - - [11/Mar/2014:01:04:14 +0000] "GET /webfonts.js HTTP/1.1" 200 2067 "http://connectnow.today/about" "Mozilla/5.0 (Windows NT 6.3; WOW64) AppleWebKit/537.36 (KHTML, like Gecko) Chrome/33.0.1750.146 Safari/537.36"
135.23.250.207 - - [11/Mar/2014:01:04:15 +0000] "GET /webfonts.js HTTP/1.1" 200 2067 "http://connectnow.today/about" "Mozilla/5.0 (Windows NT 6.3; WOW64) AppleWebKit/537.36 (KHTML, like Gecko) Chrome/33.0.1750.146 Safari/537.36"
135.23.250.207 - - [11/Mar/2014:01:04:15 +0000] "GET /webfonts.js HTTP/1.1" 200 2067 "http://connectnow.today/about" "Mozilla/5.0 (Windows NT 6.3; WOW64) AppleWebKit/537.36 (KHTML, like Gecko) Chrome/33.0.1750.146 Safari/537.36"
135.23.250.207 - - [11/Mar/2014:01:04:16 +0000] "GET /webfonts.js HTTP/1.1" 200 2067 "http://connectnow.today/about" "Mozilla/5.0 (Windows NT 6.3; WOW64) AppleWebKit/537.36 (KHTML, like Gecko) Chrome/33.0.1750.146 Safari/537.36"
135.23.250.207 - - [11/Mar/2014:01:04:18 +0000] "GET /about HTTP/1.1" 200 7547 "http://connectnow.today/" "Mozilla/5.0 (Windows NT 6.3; WOW64) AppleWebKit/537.36 (KHTML, like Gecko) Chrome/33.0.1750.146 Safari/537.36"
135.23.250.207 - - [11/Mar/2014:01:04:18 +0000] "GET /css/bootstrap.min.css HTTP/1.1" 200 17169 "http://connectnow.today/" "Mozilla/5.0 (Windows NT 6.3; WOW64) AppleWebKit/537.36 (KHTML, like Gecko) Chrome/33.0.1750.146 Safari/537.36"
135.23.250.207 - - [11/Mar/2014:01:04:18 +0000] "GET /css/elusive-webfont.css HTTP/1.1" 200 2829 "http://connectnow.today/" "Mozilla/5.0 (Windows NT 6.3; WOW64) AppleWebKit/537.36 (KHTML, like Gecko) Chrome/33.0.1750.146 Safari/537.36"
135.23.250.207 - - [11/Mar/2014:01:04:18 +0000] "GET /css/semantic.min.css HTTP/1.1" 200 35460 "http://connectnow.today/" "Mozilla/5.0 (Windows NT 6.3; WOW64) AppleWebKit/537.36 (KHTML, like Gecko) Chrome/33.0.1750.146 Safari/537.36"
135.23.250.207 - - [11/Mar/2014:01:04:18 +0000] "GET /css/main.css HTTP/1.1" 200 2277 "http://connectnow.today/" "Mozilla/5.0 (Windows NT 6.3; WOW64) AppleWebKit/537.36 (KHTML, like Gecko) Chrome/33.0.1750.146 Safari/537.36"
135.23.250.207 - - [11/Mar/2014:01:04:18 +0000] "GET /webfonts.js HTTP/1.1" 200 2067 "http://connectnow.today/about" "Mozilla/5.0 (Windows NT 6.3; WOW64) AppleWebKit/537.36 (KHTML, like Gecko) Chrome/33.0.1750.146 Safari/537.36"
135.23.250.207 - - [11/Mar/2014:01:04:18 +0000] "GET /js/transit.js HTTP/1.1" 200 3063 "http://connectnow.today/about" "Mozilla/5.0 (Windows NT 6.3; WOW64) AppleWebKit/537.36 (KHTML, like Gecko) Chrome/33.0.1750.146 Safari/537.36"
135.23.250.207 - - [11/Mar/2014:01:04:18 +0000] "GET /js/jquery.min.js HTTP/1.1" 200 33154 "http://connectnow.today/about" "Mozilla/5.0 (Windows NT 6.3; WOW64) AppleWebKit/537.36 (KHTML, like Gecko) Chrome/33.0.1750.146 Safari/537.36"
135.23.250.207 - - [11/Mar/2014:01:04:18 +0000] "GET /css/about.css HTTP/1.1" 200 807 "http://connectnow.today/about" "Mozilla/5.0 (Windows NT 6.3; WOW64) AppleWebKit/537.36 (KHTML, like Gecko) Chrome/33.0.1750.146 Safari/537.36"
135.23.250.207 - - [11/Mar/2014:01:04:18 +0000] "GET /js/bootstrap.min.js HTTP/1.1" 200 7636 "http://connectnow.today/about" "Mozilla/5.0 (Windows NT 6.3; WOW64) AppleWebKit/537.36 (KHTML, like Gecko) Chrome/33.0.1750.146 Safari/537.36"
135.23.250.207 - - [11/Mar/2014:01:04:18 +0000] "GET /img/navlogo.png HTTP/1.1" 200 3247 "http://connectnow.today/" "Mozilla/5.0 (Windows NT 6.3; WOW64) AppleWebKit/537.36 (KHTML, like Gecko) Chrome/33.0.1750.146 Safari/537.36"
135.23.250.207 - - [11/Mar/2014:01:04:19 +0000] "GET /img/about.jpg HTTP/1.1" 200 806 "http://connectnow.today/about" "Mozilla/5.0 (Windows NT 6.3; WOW64) AppleWebKit/537.36 (KHTML, like Gecko) Chrome/33.0.1750.146 Safari/537.36"
135.23.250.207 - - [11/Mar/2014:01:04:19 +0000] "GET /fonts/Elusive-Icons.ttf HTTP/1.1" 200 37234 "http://connectnow.today/" "Mozilla/5.0 (Windows NT 6.3; WOW64) AppleWebKit/537.36 (KHTML, like Gecko) Chrome/33.0.1750.146 Safari/537.36"
135.23.250.207 - - [11/Mar/2014:01:04:19 +0000] "GET /fonts/glyphicons-halflings-regular.woff HTTP/1.1" 200 23403 "http://connectnow.today/" "Mozilla/5.0 (Windows NT 6.3; WOW64) AppleWebKit/537.36 (KHTML, like Gecko) Chrome/33.0.1750.146 Safari/537.36"
135.23.250.207 - - [11/Mar/2014:01:04:19 +0000] "GET /connectnow/public/img/searchbg.png HTTP/1.1" 404 13092 "http://connectnow.today/about" "Mozilla/5.0 (Windows NT 6.3; WOW64) AppleWebKit/537.36 (KHTML, like Gecko) Chrome/33.0.1750.146 Safari/537.36"
135.23.250.207 - - [11/Mar/2014:01:09:23 +0000] "GET /about HTTP/1.1" 500 15283 "http://connectnow.today/" "Mozilla/5.0 (Windows NT 6.3; WOW64) AppleWebKit/537.36 (KHTML, like Gecko) Chrome/33.0.1750.146 Safari/537.36"
135.23.250.207 - - [11/Mar/2014:01:09:25 +0000] "GET /about HTTP/1.1" 500 15282 "http://connectnow.today/" "Mozilla/5.0 (Windows NT 6.3; WOW64) AppleWebKit/537.36 (KHTML, like Gecko) Chrome/33.0.1750.146 Safari/537.36"
135.23.250.207 - - [11/Mar/2014:01:09:26 +0000] "GET /about HTTP/1.1" 500 15283 "http://connectnow.today/" "Mozilla/5.0 (Windows NT 6.3; WOW64) AppleWebKit/537.36 (KHTML, like Gecko) Chrome/33.0.1750.146 Safari/537.36"
135.23.250.207 - - [11/Mar/2014:01:09:27 +0000] "GET /about HTTP/1.1" 500 15277 "http://connectnow.today/" "Mozilla/5.0 (Windows NT 6.3; WOW64) AppleWebKit/537.36 (KHTML, like Gecko) Chrome/33.0.1750.146 Safari/537.36"
135.23.250.207 - - [11/Mar/2014:01:09:40 +0000] "GET /about HTTP/1.1" 200 8270 "http://connectnow.today/" "Mozilla/5.0 (Windows NT 6.3; WOW64) AppleWebKit/537.36 (KHTML, like Gecko) Chrome/33.0.1750.146 Safari/537.36"
135.23.250.207 - - [11/Mar/2014:01:09:40 +0000] "GET /css/bootstrap.min.css HTTP/1.1" 200 17169 "http://connectnow.today/" "Mozilla/5.0 (Windows NT 6.3; WOW64) AppleWebKit/537.36 (KHTML, like Gecko) Chrome/33.0.1750.146 Safari/537.36"
135.23.250.207 - - [11/Mar/2014:01:09:40 +0000] "GET /css/elusive-webfont.css HTTP/1.1" 200 2829 "http://connectnow.today/" "Mozilla/5.0 (Windows NT 6.3; WOW64) AppleWebKit/537.36 (KHTML, like Gecko) Chrome/33.0.1750.146 Safari/537.36"
135.23.250.207 - - [11/Mar/2014:01:09:40 +0000] "GET /css/semantic.min.css HTTP/1.1" 200 35460 "http://connectnow.today/" "Mozilla/5.0 (Windows NT 6.3; WOW64) AppleWebKit/537.36 (KHTML, like Gecko) Chrome/33.0.1750.146 Safari/537.36"
135.23.250.207 - - [11/Mar/2014:01:09:40 +0000] "GET /css/about.css HTTP/1.1" 200 809 "http://connectnow.today/about" "Mozilla/5.0 (Windows NT 6.3; WOW64) AppleWebKit/537.36 (KHTML, like Gecko) Chrome/33.0.1750.146 Safari/537.36"
135.23.250.207 - - [11/Mar/2014:01:09:40 +0000] "GET /webfonts.js HTTP/1.1" 200 2067 "http://connectnow.today/about" "Mozilla/5.0 (Windows NT 6.3; WOW64) AppleWebKit/537.36 (KHTML, like Gecko) Chrome/33.0.1750.146 Safari/537.36"
135.23.250.207 - - [11/Mar/2014:01:09:40 +0000] "GET /css/main.css HTTP/1.1" 200 2323 "http://connectnow.today/" "Mozilla/5.0 (Windows NT 6.3; WOW64) AppleWebKit/537.36 (KHTML, like Gecko) Chrome/33.0.1750.146 Safari/537.36"
135.23.250.207 - - [11/Mar/2014:01:09:40 +0000] "GET /js/jquery.min.js HTTP/1.1" 200 33154 "http://connectnow.today/about" "Mozilla/5.0 (Windows NT 6.3; WOW64) AppleWebKit/537.36 (KHTML, like Gecko) Chrome/33.0.1750.146 Safari/537.36"
135.23.250.207 - - [11/Mar/2014:01:09:41 +0000] "GET /img/navlogo.png HTTP/1.1" 200 3247 "http://connectnow.today/" "Mozilla/5.0 (Windows NT 6.3; WOW64) AppleWebKit/537.36 (KHTML, like Gecko) Chrome/33.0.1750.146 Safari/537.36"
135.23.250.207 - - [11/Mar/2014:01:09:41 +0000] "GET /js/transit.js HTTP/1.1" 200 3063 "http://connectnow.today/about" "Mozilla/5.0 (Windows NT 6.3; WOW64) AppleWebKit/537.36 (KHTML, like Gecko) Chrome/33.0.1750.146 Safari/537.36"
135.23.250.207 - - [11/Mar/2014:01:09:41 +0000] "GET /js/bootstrap.min.js HTTP/1.1" 200 7636 "http://connectnow.today/about" "Mozilla/5.0 (Windows NT 6.3; WOW64) AppleWebKit/537.36 (KHTML, like Gecko) Chrome/33.0.1750.146 Safari/537.36"
135.23.250.207 - - [11/Mar/2014:01:09:41 +0000] "GET /img/about.jpg HTTP/1.1" 200 9948 "http://connectnow.today/about" "Mozilla/5.0 (Windows NT 6.3; WOW64) AppleWebKit/537.36 (KHTML, like Gecko) Chrome/33.0.1750.146 Safari/537.36"
135.23.250.207 - - [11/Mar/2014:01:09:41 +0000] "GET /fonts/Elusive-Icons.ttf HTTP/1.1" 200 37234 "http://connectnow.today/" "Mozilla/5.0 (Windows NT 6.3; WOW64) AppleWebKit/537.36 (KHTML, like Gecko) Chrome/33.0.1750.146 Safari/537.36"
135.23.250.207 - - [11/Mar/2014:01:09:41 +0000] "GET /img/blue80.png HTTP/1.1" 200 1456 "http://connectnow.today/about" "Mozilla/5.0 (Windows NT 6.3; WOW64) AppleWebKit/537.36 (KHTML, like Gecko) Chrome/33.0.1750.146 Safari/537.36"
135.23.250.207 - - [11/Mar/2014:01:09:41 +0000] "GET /connectnow/public/img/searchbg.png HTTP/1.1" 404 13101 "http://connectnow.today/about" "Mozilla/5.0 (Windows NT 6.3; WOW64) AppleWebKit/537.36 (KHTML, like Gecko) Chrome/33.0.1750.146 Safari/537.36"
135.23.250.207 - - [11/Mar/2014:01:09:41 +0000] "GET /fonts/glyphicons-halflings-regular.woff HTTP/1.1" 200 23403 "http://connectnow.today/" "Mozilla/5.0 (Windows NT 6.3; WOW64) AppleWebKit/537.36 (KHTML, like Gecko) Chrome/33.0.1750.146 Safari/537.36"
108.162.245.119 - - [11/Mar/2014:01:09:48 +0000] "GET /about HTTP/1.1" 200 8264 "-" "facebookexternalhit/1.1 (+http://www.facebook.com/externalhit_uatext.php)"
108.162.246.216 - - [11/Mar/2014:01:09:50 +0000] "GET /img/navlogo.png HTTP/1.1" 200 3247 "http://connectnow.today/about" "facebookexternalhit/1.1 (+http://www.facebook.com/externalhit_uatext.php)"
108.162.216.45 - - [11/Mar/2014:01:09:52 +0000] "GET /about HTTP/1.1" 200 8266 "-" "Mozilla/5.0 (Windows NT 6.1; WOW64) AppleWebKit/537.36 (KHTML, like Gecko) Chrome/33.0.1750.146 Safari/537.36"
108.162.217.23 - - [11/Mar/2014:01:09:53 +0000] "GET /css/about.css HTTP/1.1" 200 807 "http://connectnow.today/about" "Mozilla/5.0 (Windows NT 6.1; WOW64) AppleWebKit/537.36 (KHTML, like Gecko) Chrome/33.0.1750.146 Safari/537.36"
108.162.216.45 - - [11/Mar/2014:01:09:53 +0000] "GET /img/about.jpg HTTP/1.1" 200 9949 "http://connectnow.today/about" "Mozilla/5.0 (Windows NT 6.1; WOW64) AppleWebKit/537.36 (KHTML, like Gecko) Chrome/33.0.1750.146 Safari/537.36"
108.162.216.41 - - [11/Mar/2014:01:09:53 +0000] "GET /connectnow/public/img/searchbg.png HTTP/1.1" 404 13231 "http://connectnow.today/about" "Mozilla/5.0 (Windows NT 6.1; WOW64) AppleWebKit/537.36 (KHTML, like Gecko) Chrome/33.0.1750.146 Safari/537.36"
135.23.250.207 - - [11/Mar/2014:01:10:38 +0000] "GET /contact HTTP/1.1" 200 6442 "http://connectnow.today/about" "Mozilla/5.0 (Windows NT 6.3; WOW64) AppleWebKit/537.36 (KHTML, like Gecko) Chrome/33.0.1750.146 Safari/537.36"
135.23.250.207 - - [11/Mar/2014:01:10:38 +0000] "GET /css/bootstrap.min.css HTTP/1.1" 200 17169 "http://connectnow.today/" "Mozilla/5.0 (Windows NT 6.3; WOW64) AppleWebKit/537.36 (KHTML, like Gecko) Chrome/33.0.1750.146 Safari/537.36"
135.23.250.207 - - [11/Mar/2014:01:10:38 +0000] "GET /css/elusive-webfont.css HTTP/1.1" 200 2829 "http://connectnow.today/" "Mozilla/5.0 (Windows NT 6.3; WOW64) AppleWebKit/537.36 (KHTML, like Gecko) Chrome/33.0.1750.146 Safari/537.36"
135.23.250.207 - - [11/Mar/2014:01:10:38 +0000] "GET /img/navlogo.png HTTP/1.1" 200 3247 "http://connectnow.today/" "Mozilla/5.0 (Windows NT 6.3; WOW64) AppleWebKit/537.36 (KHTML, like Gecko) Chrome/33.0.1750.146 Safari/537.36"
135.23.250.207 - - [11/Mar/2014:01:10:38 +0000] "GET /css/main.css HTTP/1.1" 200 2323 "http://connectnow.today/" "Mozilla/5.0 (Windows NT 6.3; WOW64) AppleWebKit/537.36 (KHTML, like Gecko) Chrome/33.0.1750.146 Safari/537.36"
135.23.250.207 - - [11/Mar/2014:01:10:38 +0000] "GET /css/semantic.min.css HTTP/1.1" 200 35460 "http://connectnow.today/" "Mozilla/5.0 (Windows NT 6.3; WOW64) AppleWebKit/537.36 (KHTML, like Gecko) Chrome/33.0.1750.146 Safari/537.36"
135.23.250.207 - - [11/Mar/2014:01:10:38 +0000] "GET /css/contact.css HTTP/1.1" 200 809 "http://connectnow.today/contact" "Mozilla/5.0 (Windows NT 6.3; WOW64) AppleWebKit/537.36 (KHTML, like Gecko) Chrome/33.0.1750.146 Safari/537.36"
135.23.250.207 - - [11/Mar/2014:01:10:38 +0000] "GET /connectnow/public/img/searchbg.png HTTP/1.1" 404 13070 "http://connectnow.today/contact" "Mozilla/5.0 (Windows NT 6.3; WOW64) AppleWebKit/537.36 (KHTML, like Gecko) Chrome/33.0.1750.146 Safari/537.36"
127.0.0.1 - - [11/Mar/2014:01:10:45 +0000] "OPTIONS * HTTP/1.0" 200 125 "-" "Apache/2.4.6 (Ubuntu) PHP/5.5.7-1+sury.org~precise+1 (internal dummy connection)"
108.162.241.219 - - [11/Mar/2014:01:10:51 +0000] "GET /about HTTP/1.1" 200 8264 "-" "Mozilla/5.0 (Windows NT 6.2; WOW64) AppleWebKit/537.36 (KHTML, like Gecko) Chrome/33.0.1750.146 Safari/537.36"
108.162.242.121 - - [11/Mar/2014:01:10:52 +0000] "GET /css/about.css HTTP/1.1" 200 809 "http://connectnow.today/about" "Mozilla/5.0 (Windows NT 6.2; WOW64) AppleWebKit/537.36 (KHTML, like Gecko) Chrome/33.0.1750.146 Safari/537.36"
108.162.241.122 - - [11/Mar/2014:01:10:52 +0000] "GET /img/about.jpg HTTP/1.1" 200 9949 "http://connectnow.today/about" "Mozilla/5.0 (Windows NT 6.2; WOW64) AppleWebKit/537.36 (KHTML, like Gecko) Chrome/33.0.1750.146 Safari/537.36"
108.162.241.122 - - [11/Mar/2014:01:10:52 +0000] "GET /connectnow/public/img/searchbg.png HTTP/1.1" 404 13203 "http://connectnow.today/about" "Mozilla/5.0 (Windows NT 6.2; WOW64) AppleWebKit/537.36 (KHTML, like Gecko) Chrome/33.0.1750.146 Safari/537.36"
135.23.250.207 - - [11/Mar/2014:01:11:54 +0000] "GET /contact HTTP/1.1" 200 6454 "http://connectnow.today/about" "Mozilla/5.0 (Windows NT 6.3; WOW64) AppleWebKit/537.36 (KHTML, like Gecko) Chrome/33.0.1750.146 Safari/537.36"
135.23.250.207 - - [11/Mar/2014:01:11:54 +0000] "GET /css/bootstrap.min.css HTTP/1.1" 200 17169 "http://connectnow.today/" "Mozilla/5.0 (Windows NT 6.3; WOW64) AppleWebKit/537.36 (KHTML, like Gecko) Chrome/33.0.1750.146 Safari/537.36"
135.23.250.207 - - [11/Mar/2014:01:11:54 +0000] "GET /css/elusive-webfont.css HTTP/1.1" 200 2829 "http://connectnow.today/" "Mozilla/5.0 (Windows NT 6.3; WOW64) AppleWebKit/537.36 (KHTML, like Gecko) Chrome/33.0.1750.146 Safari/537.36"
135.23.250.207 - - [11/Mar/2014:01:11:54 +0000] "GET /css/semantic.min.css HTTP/1.1" 200 35460 "http://connectnow.today/" "Mozilla/5.0 (Windows NT 6.3; WOW64) AppleWebKit/537.36 (KHTML, like Gecko) Chrome/33.0.1750.146 Safari/537.36"
135.23.250.207 - - [11/Mar/2014:01:11:54 +0000] "GET /css/main.css HTTP/1.1" 200 2323 "http://connectnow.today/" "Mozilla/5.0 (Windows NT 6.3; WOW64) AppleWebKit/537.36 (KHTML, like Gecko) Chrome/33.0.1750.146 Safari/537.36"
135.23.250.207 - - [11/Mar/2014:01:11:54 +0000] "GET /css/contact.css HTTP/1.1" 200 813 "http://connectnow.today/contact" "Mozilla/5.0 (Windows NT 6.3; WOW64) AppleWebKit/537.36 (KHTML, like Gecko) Chrome/33.0.1750.146 Safari/537.36"
135.23.250.207 - - [11/Mar/2014:01:11:54 +0000] "GET /img/navlogo.png HTTP/1.1" 200 3247 "http://connectnow.today/" "Mozilla/5.0 (Windows NT 6.3; WOW64) AppleWebKit/537.36 (KHTML, like Gecko) Chrome/33.0.1750.146 Safari/537.36"
135.23.250.207 - - [11/Mar/2014:01:11:54 +0000] "GET /webfonts.js HTTP/1.1" 200 2067 "http://connectnow.today/about" "Mozilla/5.0 (Windows NT 6.3; WOW64) AppleWebKit/537.36 (KHTML, like Gecko) Chrome/33.0.1750.146 Safari/537.36"
135.23.250.207 - - [11/Mar/2014:01:11:54 +0000] "GET /js/jquery.min.js HTTP/1.1" 200 33154 "http://connectnow.today/about" "Mozilla/5.0 (Windows NT 6.3; WOW64) AppleWebKit/537.36 (KHTML, like Gecko) Chrome/33.0.1750.146 Safari/537.36"
135.23.250.207 - - [11/Mar/2014:01:11:54 +0000] "GET /js/transit.js HTTP/1.1" 200 3063 "http://connectnow.today/about" "Mozilla/5.0 (Windows NT 6.3; WOW64) AppleWebKit/537.36 (KHTML, like Gecko) Chrome/33.0.1750.146 Safari/537.36"
135.23.250.207 - - [11/Mar/2014:01:11:54 +0000] "GET /js/bootstrap.min.js HTTP/1.1" 200 7636 "http://connectnow.today/about" "Mozilla/5.0 (Windows NT 6.3; WOW64) AppleWebKit/537.36 (KHTML, like Gecko) Chrome/33.0.1750.146 Safari/537.36"
135.23.250.207 - - [11/Mar/2014:01:11:54 +0000] "GET /fonts/Elusive-Icons.ttf HTTP/1.1" 200 37234 "http://connectnow.today/" "Mozilla/5.0 (Windows NT 6.3; WOW64) AppleWebKit/537.36 (KHTML, like Gecko) Chrome/33.0.1750.146 Safari/537.36"
135.23.250.207 - - [11/Mar/2014:01:11:54 +0000] "GET /connectnow/public/img/searchbg.png HTTP/1.1" 404 13097 "http://connectnow.today/contact" "Mozilla/5.0 (Windows NT 6.3; WOW64) AppleWebKit/537.36 (KHTML, like Gecko) Chrome/33.0.1750.146 Safari/537.36"
135.23.250.207 - - [11/Mar/2014:01:11:54 +0000] "GET /fonts/glyphicons-halflings-regular.woff HTTP/1.1" 200 23403 "http://connectnow.today/" "Mozilla/5.0 (Windows NT 6.3; WOW64) AppleWebKit/537.36 (KHTML, like Gecko) Chrome/33.0.1750.146 Safari/537.36"
127.0.0.1 - - [11/Mar/2014:01:12:02 +0000] "OPTIONS * HTTP/1.0" 200 125 "-" "Apache/2.4.6 (Ubuntu) PHP/5.5.7-1+sury.org~precise+1 (internal dummy connection)"
135.23.250.207 - - [11/Mar/2014:01:13:54 +0000] "GET /contact HTTP/1.1" 200 6450 "http://connectnow.today/about" "Mozilla/5.0 (Windows NT 6.3; WOW64) AppleWebKit/537.36 (KHTML, like Gecko) Chrome/33.0.1750.146 Safari/537.36"
135.23.250.207 - - [11/Mar/2014:01:13:54 +0000] "GET /css/elusive-webfont.css HTTP/1.1" 200 2829 "http://connectnow.today/" "Mozilla/5.0 (Windows NT 6.3; WOW64) AppleWebKit/537.36 (KHTML, like Gecko) Chrome/33.0.1750.146 Safari/537.36"
135.23.250.207 - - [11/Mar/2014:01:13:55 +0000] "GET /css/contact.css HTTP/1.1" 200 813 "http://connectnow.today/contact" "Mozilla/5.0 (Windows NT 6.3; WOW64) AppleWebKit/537.36 (KHTML, like Gecko) Chrome/33.0.1750.146 Safari/537.36"
135.23.250.207 - - [11/Mar/2014:01:13:55 +0000] "GET /css/main.css HTTP/1.1" 200 2323 "http://connectnow.today/" "Mozilla/5.0 (Windows NT 6.3; WOW64) AppleWebKit/537.36 (KHTML, like Gecko) Chrome/33.0.1750.146 Safari/537.36"
135.23.250.207 - - [11/Mar/2014:01:13:55 +0000] "GET /css/semantic.min.css HTTP/1.1" 200 35460 "http://connectnow.today/" "Mozilla/5.0 (Windows NT 6.3; WOW64) AppleWebKit/537.36 (KHTML, like Gecko) Chrome/33.0.1750.146 Safari/537.36"
135.23.250.207 - - [11/Mar/2014:01:13:55 +0000] "GET /img/navlogo.png HTTP/1.1" 200 3247 "http://connectnow.today/" "Mozilla/5.0 (Windows NT 6.3; WOW64) AppleWebKit/537.36 (KHTML, like Gecko) Chrome/33.0.1750.146 Safari/537.36"
135.23.250.207 - - [11/Mar/2014:01:13:55 +0000] "GET /css/bootstrap.min.css HTTP/1.1" 200 17169 "http://connectnow.today/" "Mozilla/5.0 (Windows NT 6.3; WOW64) AppleWebKit/537.36 (KHTML, like Gecko) Chrome/33.0.1750.146 Safari/537.36"
135.23.250.207 - - [11/Mar/2014:01:13:55 +0000] "GET /webfonts.js HTTP/1.1" 200 2067 "http://connectnow.today/about" "Mozilla/5.0 (Windows NT 6.3; WOW64) AppleWebKit/537.36 (KHTML, like Gecko) Chrome/33.0.1750.146 Safari/537.36"
135.23.250.207 - - [11/Mar/2014:01:13:55 +0000] "GET /js/jquery.min.js HTTP/1.1" 200 33154 "http://connectnow.today/about" "Mozilla/5.0 (Windows NT 6.3; WOW64) AppleWebKit/537.36 (KHTML, like Gecko) Chrome/33.0.1750.146 Safari/537.36"
135.23.250.207 - - [11/Mar/2014:01:13:55 +0000] "GET /js/transit.js HTTP/1.1" 200 3063 "http://connectnow.today/about" "Mozilla/5.0 (Windows NT 6.3; WOW64) AppleWebKit/537.36 (KHTML, like Gecko) Chrome/33.0.1750.146 Safari/537.36"
135.23.250.207 - - [11/Mar/2014:01:13:55 +0000] "GET /js/bootstrap.min.js HTTP/1.1" 200 7636 "http://connectnow.today/about" "Mozilla/5.0 (Windows NT 6.3; WOW64) AppleWebKit/537.36 (KHTML, like Gecko) Chrome/33.0.1750.146 Safari/537.36"
135.23.250.207 - - [11/Mar/2014:01:13:55 +0000] "GET /fonts/Elusive-Icons.ttf HTTP/1.1" 200 37234 "http://connectnow.today/" "Mozilla/5.0 (Windows NT 6.3; WOW64) AppleWebKit/537.36 (KHTML, like Gecko) Chrome/33.0.1750.146 Safari/537.36"
