108.162.216.45 - - [11/Mar/2014:02:31:06 +0000] "GET /connectnow/public/img/30perc.png HTTP/1.1" 404 13217 "http://connectnow.today/" "Mozilla/5.0 (Windows NT 6.1; WOW64) AppleWebKit/537.36 (KHTML, like Gecko) Chrome/33.0.1750.146 Safari/537.36"
108.162.216.41 - - [11/Mar/2014:02:31:06 +0000] "GET /connectnow/public/img/searchbg.png HTTP/1.1" 404 13231 "http://connectnow.today/" "Mozilla/5.0 (Windows NT 6.1; WOW64) AppleWebKit/537.36 (KHTML, like Gecko) Chrome/33.0.1750.146 Safari/537.36"
108.162.216.45 - - [11/Mar/2014:02:31:58 +0000] "GET /connectnow/public/img/30perc.png HTTP/1.1" 404 13224 "http://connectnow.today/" "Mozilla/5.0 (Windows NT 6.1; WOW64) AppleWebKit/537.36 (KHTML, like Gecko) Chrome/33.0.1750.146 Safari/537.36"
108.162.216.45 - - [11/Mar/2014:02:31:59 +0000] "GET /explore HTTP/1.1" 200 7244 "http://connectnow.today/" "Mozilla/5.0 (Windows NT 6.1; WOW64) AppleWebKit/537.36 (KHTML, like Gecko) Chrome/33.0.1750.146 Safari/537.36"
108.162.216.41 - - [11/Mar/2014:02:31:59 +0000] "GET /connectnow/public/img/searchbg.png HTTP/1.1" 404 13230 "http://connectnow.today/explore" "Mozilla/5.0 (Windows NT 6.1; WOW64) AppleWebKit/537.36 (KHTML, like Gecko) Chrome/33.0.1750.146 Safari/537.36"
108.162.216.45 - - [11/Mar/2014:02:32:09 +0000] "GET /about HTTP/1.1" 200 8340 "http://connectnow.today/explore" "Mozilla/5.0 (Windows NT 6.1; WOW64) AppleWebKit/537.36 (KHTML, like Gecko) Chrome/33.0.1750.146 Safari/537.36"
108.162.217.23 - - [11/Mar/2014:02:32:10 +0000] "GET /css/about.css HTTP/1.1" 200 809 "http://connectnow.today/about" "Mozilla/5.0 (Windows NT 6.1; WOW64) AppleWebKit/537.36 (KHTML, like Gecko) Chrome/33.0.1750.146 Safari/537.36"
108.162.216.41 - - [11/Mar/2014:02:32:10 +0000] "GET /connectnow/public/img/searchbg.png HTTP/1.1" 404 13230 "http://connectnow.today/about" "Mozilla/5.0 (Windows NT 6.1; WOW64) AppleWebKit/537.36 (KHTML, like Gecko) Chrome/33.0.1750.146 Safari/537.36"
135.23.250.207 - - [11/Mar/2014:02:33:37 +0000] "GET / HTTP/1.1" 200 8112 "http://connectnow.today/explore" "Mozilla/5.0 (Windows NT 6.3; WOW64) AppleWebKit/537.36 (KHTML, like Gecko) Chrome/33.0.1750.146 Safari/537.36"
135.23.250.207 - - [11/Mar/2014:02:33:38 +0000] "GET /css/bootstrap.min.css HTTP/1.1" 200 17169 "http://connectnow.today/" "Mozilla/5.0 (Windows NT 6.3; WOW64) AppleWebKit/537.36 (KHTML, like Gecko) Chrome/33.0.1750.146 Safari/537.36"
135.23.250.207 - - [11/Mar/2014:02:33:38 +0000] "GET /css/elusive-webfont.css HTTP/1.1" 200 2829 "http://connectnow.today/" "Mozilla/5.0 (Windows NT 6.3; WOW64) AppleWebKit/537.36 (KHTML, like Gecko) Chrome/33.0.1750.146 Safari/537.36"
135.23.250.207 - - [11/Mar/2014:02:33:38 +0000] "GET /css/main.css HTTP/1.1" 200 2367 "http://connectnow.today/" "Mozilla/5.0 (Windows NT 6.3; WOW64) AppleWebKit/537.36 (KHTML, like Gecko) Chrome/33.0.1750.146 Safari/537.36"
135.23.250.207 - - [11/Mar/2014:02:33:38 +0000] "GET /css/home.css HTTP/1.1" 200 1237 "http://connectnow.today/" "Mozilla/5.0 (Windows NT 6.3; WOW64) AppleWebKit/537.36 (KHTML, like Gecko) Chrome/33.0.1750.146 Safari/537.36"
135.23.250.207 - - [11/Mar/2014:02:33:38 +0000] "GET /css/semantic.min.css HTTP/1.1" 200 35460 "http://connectnow.today/" "Mozilla/5.0 (Windows NT 6.3; WOW64) AppleWebKit/537.36 (KHTML, like Gecko) Chrome/33.0.1750.146 Safari/537.36"
135.23.250.207 - - [11/Mar/2014:02:33:38 +0000] "GET /img/navlogo.png HTTP/1.1" 200 3247 "http://connectnow.today/" "Mozilla/5.0 (Windows NT 6.3; WOW64) AppleWebKit/537.36 (KHTML, like Gecko) Chrome/33.0.1750.146 Safari/537.36"
135.23.250.207 - - [11/Mar/2014:02:33:38 +0000] "GET /webfonts.js HTTP/1.1" 200 2067 "http://connectnow.today/" "Mozilla/5.0 (Windows NT 6.3; WOW64) AppleWebKit/537.36 (KHTML, like Gecko) Chrome/33.0.1750.146 Safari/537.36"
135.23.250.207 - - [11/Mar/2014:02:33:38 +0000] "GET /js/transit.js HTTP/1.1" 200 3063 "http://connectnow.today/" "Mozilla/5.0 (Windows NT 6.3; WOW64) AppleWebKit/537.36 (KHTML, like Gecko) Chrome/33.0.1750.146 Safari/537.36"
135.23.250.207 - - [11/Mar/2014:02:33:38 +0000] "GET /js/jquery.min.js HTTP/1.1" 200 33154 "http://connectnow.today/" "Mozilla/5.0 (Windows NT 6.3; WOW64) AppleWebKit/537.36 (KHTML, like Gecko) Chrome/33.0.1750.146 Safari/537.36"
135.23.250.207 - - [11/Mar/2014:02:33:38 +0000] "GET /js/bootstrap.min.js HTTP/1.1" 200 7636 "http://connectnow.today/" "Mozilla/5.0 (Windows NT 6.3; WOW64) AppleWebKit/537.36 (KHTML, like Gecko) Chrome/33.0.1750.146 Safari/537.36"
135.23.250.207 - - [11/Mar/2014:02:33:38 +0000] "GET /img/home/bubbles/commit.png HTTP/1.1" 200 3330 "http://connectnow.today/" "Mozilla/5.0 (Windows NT 6.3; WOW64) AppleWebKit/537.36 (KHTML, like Gecko) Chrome/33.0.1750.146 Safari/537.36"
135.23.250.207 - - [11/Mar/2014:02:33:38 +0000] "GET /img/home/bubbles/browse.png HTTP/1.1" 200 3578 "http://connectnow.today/" "Mozilla/5.0 (Windows NT 6.3; WOW64) AppleWebKit/537.36 (KHTML, like Gecko) Chrome/33.0.1750.146 Safari/537.36"
135.23.250.207 - - [11/Mar/2014:02:33:38 +0000] "GET /img/banner/gcn.png HTTP/1.1" 200 4931 "http://connectnow.today/" "Mozilla/5.0 (Windows NT 6.3; WOW64) AppleWebKit/537.36 (KHTML, like Gecko) Chrome/33.0.1750.146 Safari/537.36"
135.23.250.207 - - [11/Mar/2014:02:33:38 +0000] "GET /img/home/bubbles/share.png HTTP/1.1" 200 3475 "http://connectnow.today/" "Mozilla/5.0 (Windows NT 6.3; WOW64) AppleWebKit/537.36 (KHTML, like Gecko) Chrome/33.0.1750.146 Safari/537.36"
135.23.250.207 - - [11/Mar/2014:02:33:38 +0000] "GET /img/home/ready.jpg HTTP/1.1" 200 12633 "http://connectnow.today/" "Mozilla/5.0 (Windows NT 6.3; WOW64) AppleWebKit/537.36 (KHTML, like Gecko) Chrome/33.0.1750.146 Safari/537.36"
135.23.250.207 - - [11/Mar/2014:02:33:38 +0000] "GET /img/home/bubbles/track.png HTTP/1.1" 200 3864 "http://connectnow.today/" "Mozilla/5.0 (Windows NT 6.3; WOW64) AppleWebKit/537.36 (KHTML, like Gecko) Chrome/33.0.1750.146 Safari/537.36"
135.23.250.207 - - [11/Mar/2014:02:33:38 +0000] "GET /fonts/Elusive-Icons.ttf HTTP/1.1" 200 37234 "http://connectnow.today/" "Mozilla/5.0 (Windows NT 6.3; WOW64) AppleWebKit/537.36 (KHTML, like Gecko) Chrome/33.0.1750.146 Safari/537.36"
135.23.250.207 - - [11/Mar/2014:02:33:38 +0000] "GET /fonts/glyphicons-halflings-regular.woff HTTP/1.1" 200 23403 "http://connectnow.today/" "Mozilla/5.0 (Windows NT 6.3; WOW64) AppleWebKit/537.36 (KHTML, like Gecko) Chrome/33.0.1750.146 Safari/537.36"
135.23.250.207 - - [11/Mar/2014:02:33:38 +0000] "GET /img/30perc.png HTTP/1.1" 200 1453 "http://connectnow.today/" "Mozilla/5.0 (Windows NT 6.3; WOW64) AppleWebKit/537.36 (KHTML, like Gecko) Chrome/33.0.1750.146 Safari/537.36"
135.23.250.207 - - [11/Mar/2014:02:33:38 +0000] "GET /webfonts/2964B3_0_0.woff HTTP/1.1" 200 61308 "http://connectnow.today/" "Mozilla/5.0 (Windows NT 6.3; WOW64) AppleWebKit/537.36 (KHTML, like Gecko) Chrome/33.0.1750.146 Safari/537.36"
135.23.250.207 - - [11/Mar/2014:02:33:38 +0000] "GET /img/searchbg.png HTTP/1.1" 200 1459 "http://connectnow.today/" "Mozilla/5.0 (Windows NT 6.3; WOW64) AppleWebKit/537.36 (KHTML, like Gecko) Chrome/33.0.1750.146 Safari/537.36"
135.23.250.207 - - [11/Mar/2014:02:33:38 +0000] "GET /img/banner/banner3.jpg HTTP/1.1" 200 700891 "http://connectnow.today/" "Mozilla/5.0 (Windows NT 6.3; WOW64) AppleWebKit/537.36 (KHTML, like Gecko) Chrome/33.0.1750.146 Safari/537.36"
135.23.250.207 - - [11/Mar/2014:02:33:38 +0000] "GET /img/banner/banner1.jpg HTTP/1.1" 200 770896 "http://connectnow.today/" "Mozilla/5.0 (Windows NT 6.3; WOW64) AppleWebKit/537.36 (KHTML, like Gecko) Chrome/33.0.1750.146 Safari/537.36"
135.23.250.207 - - [11/Mar/2014:02:33:38 +0000] "GET /img/banner/banner2.jpg HTTP/1.1" 200 596649 "http://connectnow.today/" "Mozilla/5.0 (Windows NT 6.3; WOW64) AppleWebKit/537.36 (KHTML, like Gecko) Chrome/33.0.1750.146 Safari/537.36"
135.23.250.207 - - [11/Mar/2014:02:33:42 +0000] "GET /img/trans.png HTTP/1.1" 200 1457 "http://connectnow.today/" "Mozilla/5.0 (Windows NT 6.3; WOW64) AppleWebKit/537.36 (KHTML, like Gecko) Chrome/33.0.1750.146 Safari/537.36"
127.0.0.1 - - [11/Mar/2014:02:33:49 +0000] "OPTIONS * HTTP/1.0" 200 125 "-" "Apache/2.4.6 (Ubuntu) PHP/5.5.7-1+sury.org~precise+1 (internal dummy connection)"
135.23.250.207 - - [11/Mar/2014:02:34:30 +0000] "GET / HTTP/1.1" 200 8118 "http://connectnow.today/explore" "Mozilla/5.0 (Windows NT 6.3; WOW64) AppleWebKit/537.36 (KHTML, like Gecko) Chrome/33.0.1750.146 Safari/537.36"
135.23.250.207 - - [11/Mar/2014:02:34:30 +0000] "GET /css/bootstrap.min.css HTTP/1.1" 200 17169 "http://connectnow.today/" "Mozilla/5.0 (Windows NT 6.3; WOW64) AppleWebKit/537.36 (KHTML, like Gecko) Chrome/33.0.1750.146 Safari/537.36"
135.23.250.207 - - [11/Mar/2014:02:34:30 +0000] "GET /css/elusive-webfont.css HTTP/1.1" 200 2829 "http://connectnow.today/" "Mozilla/5.0 (Windows NT 6.3; WOW64) AppleWebKit/537.36 (KHTML, like Gecko) Chrome/33.0.1750.146 Safari/537.36"
135.23.250.207 - - [11/Mar/2014:02:34:30 +0000] "GET /css/main.css HTTP/1.1" 200 2367 "http://connectnow.today/" "Mozilla/5.0 (Windows NT 6.3; WOW64) AppleWebKit/537.36 (KHTML, like Gecko) Chrome/33.0.1750.146 Safari/537.36"
135.23.250.207 - - [11/Mar/2014:02:34:30 +0000] "GET /css/semantic.min.css HTTP/1.1" 200 35460 "http://connectnow.today/" "Mozilla/5.0 (Windows NT 6.3; WOW64) AppleWebKit/537.36 (KHTML, like Gecko) Chrome/33.0.1750.146 Safari/537.36"
135.23.250.207 - - [11/Mar/2014:02:34:30 +0000] "GET /css/home.css HTTP/1.1" 200 1237 "http://connectnow.today/" "Mozilla/5.0 (Windows NT 6.3; WOW64) AppleWebKit/537.36 (KHTML, like Gecko) Chrome/33.0.1750.146 Safari/537.36"
135.23.250.207 - - [11/Mar/2014:02:34:30 +0000] "GET /webfonts.js HTTP/1.1" 200 2067 "http://connectnow.today/" "Mozilla/5.0 (Windows NT 6.3; WOW64) AppleWebKit/537.36 (KHTML, like Gecko) Chrome/33.0.1750.146 Safari/537.36"
135.23.250.207 - - [11/Mar/2014:02:34:30 +0000] "GET /img/navlogo.png HTTP/1.1" 200 3247 "http://connectnow.today/" "Mozilla/5.0 (Windows NT 6.3; WOW64) AppleWebKit/537.36 (KHTML, like Gecko) Chrome/33.0.1750.146 Safari/537.36"
135.23.250.207 - - [11/Mar/2014:02:34:30 +0000] "GET /js/jquery.min.js HTTP/1.1" 200 33154 "http://connectnow.today/" "Mozilla/5.0 (Windows NT 6.3; WOW64) AppleWebKit/537.36 (KHTML, like Gecko) Chrome/33.0.1750.146 Safari/537.36"
135.23.250.207 - - [11/Mar/2014:02:34:30 +0000] "GET /js/transit.js HTTP/1.1" 200 3063 "http://connectnow.today/" "Mozilla/5.0 (Windows NT 6.3; WOW64) AppleWebKit/537.36 (KHTML, like Gecko) Chrome/33.0.1750.146 Safari/537.36"
135.23.250.207 - - [11/Mar/2014:02:34:30 +0000] "GET /js/bootstrap.min.js HTTP/1.1" 200 7636 "http://connectnow.today/" "Mozilla/5.0 (Windows NT 6.3; WOW64) AppleWebKit/537.36 (KHTML, like Gecko) Chrome/33.0.1750.146 Safari/537.36"
135.23.250.207 - - [11/Mar/2014:02:34:31 +0000] "GET /img/home/bubbles/browse.png HTTP/1.1" 200 3578 "http://connectnow.today/" "Mozilla/5.0 (Windows NT 6.3; WOW64) AppleWebKit/537.36 (KHTML, like Gecko) Chrome/33.0.1750.146 Safari/537.36"
135.23.250.207 - - [11/Mar/2014:02:34:31 +0000] "GET /img/home/bubbles/track.png HTTP/1.1" 200 3864 "http://connectnow.today/" "Mozilla/5.0 (Windows NT 6.3; WOW64) AppleWebKit/537.36 (KHTML, like Gecko) Chrome/33.0.1750.146 Safari/537.36"
135.23.250.207 - - [11/Mar/2014:02:34:31 +0000] "GET /img/banner/gcn.png HTTP/1.1" 200 4931 "http://connectnow.today/" "Mozilla/5.0 (Windows NT 6.3; WOW64) AppleWebKit/537.36 (KHTML, like Gecko) Chrome/33.0.1750.146 Safari/537.36"
135.23.250.207 - - [11/Mar/2014:02:34:31 +0000] "GET /img/home/bubbles/commit.png HTTP/1.1" 200 3330 "http://connectnow.today/" "Mozilla/5.0 (Windows NT 6.3; WOW64) AppleWebKit/537.36 (KHTML, like Gecko) Chrome/33.0.1750.146 Safari/537.36"
135.23.250.207 - - [11/Mar/2014:02:34:31 +0000] "GET /fonts/Elusive-Icons.ttf HTTP/1.1" 200 37234 "http://connectnow.today/" "Mozilla/5.0 (Windows NT 6.3; WOW64) AppleWebKit/537.36 (KHTML, like Gecko) Chrome/33.0.1750.146 Safari/537.36"
135.23.250.207 - - [11/Mar/2014:02:34:31 +0000] "GET /fonts/glyphicons-halflings-regular.woff HTTP/1.1" 200 23403 "http://connectnow.today/" "Mozilla/5.0 (Windows NT 6.3; WOW64) AppleWebKit/537.36 (KHTML, like Gecko) Chrome/33.0.1750.146 Safari/537.36"
135.23.250.207 - - [11/Mar/2014:02:34:31 +0000] "GET /webfonts/2964B3_0_0.woff HTTP/1.1" 200 61308 "http://connectnow.today/" "Mozilla/5.0 (Windows NT 6.3; WOW64) AppleWebKit/537.36 (KHTML, like Gecko) Chrome/33.0.1750.146 Safari/537.36"
135.23.250.207 - - [11/Mar/2014:02:34:31 +0000] "GET /img/home/ready.jpg HTTP/1.1" 200 12633 "http://connectnow.today/" "Mozilla/5.0 (Windows NT 6.3; WOW64) AppleWebKit/537.36 (KHTML, like Gecko) Chrome/33.0.1750.146 Safari/537.36"
135.23.250.207 - - [11/Mar/2014:02:34:31 +0000] "GET /img/home/bubbles/share.png HTTP/1.1" 200 3475 "http://connectnow.today/" "Mozilla/5.0 (Windows NT 6.3; WOW64) AppleWebKit/537.36 (KHTML, like Gecko) Chrome/33.0.1750.146 Safari/537.36"
135.23.250.207 - - [11/Mar/2014:02:34:31 +0000] "GET /img/30perc.png HTTP/1.1" 200 1453 "http://connectnow.today/" "Mozilla/5.0 (Windows NT 6.3; WOW64) AppleWebKit/537.36 (KHTML, like Gecko) Chrome/33.0.1750.146 Safari/537.36"
135.23.250.207 - - [11/Mar/2014:02:34:31 +0000] "GET /img/searchbg.png HTTP/1.1" 200 1459 "http://connectnow.today/" "Mozilla/5.0 (Windows NT 6.3; WOW64) AppleWebKit/537.36 (KHTML, like Gecko) Chrome/33.0.1750.146 Safari/537.36"
135.23.250.207 - - [11/Mar/2014:02:34:31 +0000] "GET /img/banner/banner2.jpg HTTP/1.1" 200 596649 "http://connectnow.today/" "Mozilla/5.0 (Windows NT 6.3; WOW64) AppleWebKit/537.36 (KHTML, like Gecko) Chrome/33.0.1750.146 Safari/537.36"
135.23.250.207 - - [11/Mar/2014:02:34:31 +0000] "GET /img/banner/banner1.jpg HTTP/1.1" 200 770896 "http://connectnow.today/" "Mozilla/5.0 (Windows NT 6.3; WOW64) AppleWebKit/537.36 (KHTML, like Gecko) Chrome/33.0.1750.146 Safari/537.36"
135.23.250.207 - - [11/Mar/2014:02:34:31 +0000] "GET /img/banner/banner3.jpg HTTP/1.1" 200 700891 "http://connectnow.today/" "Mozilla/5.0 (Windows NT 6.3; WOW64) AppleWebKit/537.36 (KHTML, like Gecko) Chrome/33.0.1750.146 Safari/537.36"
127.0.0.1 - - [11/Mar/2014:02:34:39 +0000] "OPTIONS * HTTP/1.0" 200 125 "-" "Apache/2.4.6 (Ubuntu) PHP/5.5.7-1+sury.org~precise+1 (internal dummy connection)"
135.23.250.207 - - [11/Mar/2014:02:34:58 +0000] "GET /error?q=asadasdasd HTTP/1.1" 200 813 "http://connectnow.today/" "Mozilla/5.0 (Windows NT 6.3; WOW64) AppleWebKit/537.36 (KHTML, like Gecko) Chrome/33.0.1750.146 Safari/537.36"
135.23.250.207 - - [11/Mar/2014:02:35:16 +0000] "GET / HTTP/1.1" 200 8118 "http://connectnow.today/explore" "Mozilla/5.0 (Windows NT 6.3; WOW64) AppleWebKit/537.36 (KHTML, like Gecko) Chrome/33.0.1750.146 Safari/537.36"
135.23.250.207 - - [11/Mar/2014:02:35:16 +0000] "GET /css/bootstrap.min.css HTTP/1.1" 200 17169 "http://connectnow.today/" "Mozilla/5.0 (Windows NT 6.3; WOW64) AppleWebKit/537.36 (KHTML, like Gecko) Chrome/33.0.1750.146 Safari/537.36"
135.23.250.207 - - [11/Mar/2014:02:35:16 +0000] "GET /css/elusive-webfont.css HTTP/1.1" 200 2829 "http://connectnow.today/" "Mozilla/5.0 (Windows NT 6.3; WOW64) AppleWebKit/537.36 (KHTML, like Gecko) Chrome/33.0.1750.146 Safari/537.36"
135.23.250.207 - - [11/Mar/2014:02:35:16 +0000] "GET /webfonts.js HTTP/1.1" 200 2067 "http://connectnow.today/" "Mozilla/5.0 (Windows NT 6.3; WOW64) AppleWebKit/537.36 (KHTML, like Gecko) Chrome/33.0.1750.146 Safari/537.36"
135.23.250.207 - - [11/Mar/2014:02:35:16 +0000] "GET /css/semantic.min.css HTTP/1.1" 200 35460 "http://connectnow.today/" "Mozilla/5.0 (Windows NT 6.3; WOW64) AppleWebKit/537.36 (KHTML, like Gecko) Chrome/33.0.1750.146 Safari/537.36"
135.23.250.207 - - [11/Mar/2014:02:35:16 +0000] "GET /css/main.css HTTP/1.1" 200 2367 "http://connectnow.today/" "Mozilla/5.0 (Windows NT 6.3; WOW64) AppleWebKit/537.36 (KHTML, like Gecko) Chrome/33.0.1750.146 Safari/537.36"
135.23.250.207 - - [11/Mar/2014:02:35:16 +0000] "GET /img/navlogo.png HTTP/1.1" 200 3247 "http://connectnow.today/" "Mozilla/5.0 (Windows NT 6.3; WOW64) AppleWebKit/537.36 (KHTML, like Gecko) Chrome/33.0.1750.146 Safari/537.36"
135.23.250.207 - - [11/Mar/2014:02:35:16 +0000] "GET /css/home.css HTTP/1.1" 200 1237 "http://connectnow.today/" "Mozilla/5.0 (Windows NT 6.3; WOW64) AppleWebKit/537.36 (KHTML, like Gecko) Chrome/33.0.1750.146 Safari/537.36"
135.23.250.207 - - [11/Mar/2014:02:35:16 +0000] "GET /js/transit.js HTTP/1.1" 200 3063 "http://connectnow.today/" "Mozilla/5.0 (Windows NT 6.3; WOW64) AppleWebKit/537.36 (KHTML, like Gecko) Chrome/33.0.1750.146 Safari/537.36"
135.23.250.207 - - [11/Mar/2014:02:35:16 +0000] "GET /js/jquery.min.js HTTP/1.1" 200 33154 "http://connectnow.today/" "Mozilla/5.0 (Windows NT 6.3; WOW64) AppleWebKit/537.36 (KHTML, like Gecko) Chrome/33.0.1750.146 Safari/537.36"
135.23.250.207 - - [11/Mar/2014:02:35:16 +0000] "GET /js/bootstrap.min.js HTTP/1.1" 200 7636 "http://connectnow.today/" "Mozilla/5.0 (Windows NT 6.3; WOW64) AppleWebKit/537.36 (KHTML, like Gecko) Chrome/33.0.1750.146 Safari/537.36"
135.23.250.207 - - [11/Mar/2014:02:35:16 +0000] "GET /img/home/bubbles/track.png HTTP/1.1" 200 3864 "http://connectnow.today/" "Mozilla/5.0 (Windows NT 6.3; WOW64) AppleWebKit/537.36 (KHTML, like Gecko) Chrome/33.0.1750.146 Safari/537.36"
135.23.250.207 - - [11/Mar/2014:02:35:16 +0000] "GET /img/banner/gcn.png HTTP/1.1" 200 4931 "http://connectnow.today/" "Mozilla/5.0 (Windows NT 6.3; WOW64) AppleWebKit/537.36 (KHTML, like Gecko) Chrome/33.0.1750.146 Safari/537.36"
135.23.250.207 - - [11/Mar/2014:02:35:16 +0000] "GET /img/home/bubbles/browse.png HTTP/1.1" 200 3578 "http://connectnow.today/" "Mozilla/5.0 (Windows NT 6.3; WOW64) AppleWebKit/537.36 (KHTML, like Gecko) Chrome/33.0.1750.146 Safari/537.36"
135.23.250.207 - - [11/Mar/2014:02:35:16 +0000] "GET /fonts/Elusive-Icons.ttf HTTP/1.1" 200 37234 "http://connectnow.today/" "Mozilla/5.0 (Windows NT 6.3; WOW64) AppleWebKit/537.36 (KHTML, like Gecko) Chrome/33.0.1750.146 Safari/537.36"
135.23.250.207 - - [11/Mar/2014:02:35:16 +0000] "GET /fonts/glyphicons-halflings-regular.woff HTTP/1.1" 200 23403 "http://connectnow.today/" "Mozilla/5.0 (Windows NT 6.3; WOW64) AppleWebKit/537.36 (KHTML, like Gecko) Chrome/33.0.1750.146 Safari/537.36"
135.23.250.207 - - [11/Mar/2014:02:35:16 +0000] "GET /img/home/bubbles/commit.png HTTP/1.1" 200 3330 "http://connectnow.today/" "Mozilla/5.0 (Windows NT 6.3; WOW64) AppleWebKit/537.36 (KHTML, like Gecko) Chrome/33.0.1750.146 Safari/537.36"
135.23.250.207 - - [11/Mar/2014:02:35:16 +0000] "GET /webfonts/2964B3_0_0.woff HTTP/1.1" 200 61308 "http://connectnow.today/" "Mozilla/5.0 (Windows NT 6.3; WOW64) AppleWebKit/537.36 (KHTML, like Gecko) Chrome/33.0.1750.146 Safari/537.36"
135.23.250.207 - - [11/Mar/2014:02:35:16 +0000] "GET /img/home/bubbles/share.png HTTP/1.1" 200 3475 "http://connectnow.today/" "Mozilla/5.0 (Windows NT 6.3; WOW64) AppleWebKit/537.36 (KHTML, like Gecko) Chrome/33.0.1750.146 Safari/537.36"
135.23.250.207 - - [11/Mar/2014:02:35:16 +0000] "GET /img/30perc.png HTTP/1.1" 200 1453 "http://connectnow.today/" "Mozilla/5.0 (Windows NT 6.3; WOW64) AppleWebKit/537.36 (KHTML, like Gecko) Chrome/33.0.1750.146 Safari/537.36"
135.23.250.207 - - [11/Mar/2014:02:35:16 +0000] "GET /img/home/ready.jpg HTTP/1.1" 200 12633 "http://connectnow.today/" "Mozilla/5.0 (Windows NT 6.3; WOW64) AppleWebKit/537.36 (KHTML, like Gecko) Chrome/33.0.1750.146 Safari/537.36"
135.23.250.207 - - [11/Mar/2014:02:35:16 +0000] "GET /img/searchbg.png HTTP/1.1" 200 1459 "http://connectnow.today/" "Mozilla/5.0 (Windows NT 6.3; WOW64) AppleWebKit/537.36 (KHTML, like Gecko) Chrome/33.0.1750.146 Safari/537.36"
135.23.250.207 - - [11/Mar/2014:02:35:16 +0000] "GET /img/banner/banner2.jpg HTTP/1.1" 200 596649 "http://connectnow.today/" "Mozilla/5.0 (Windows NT 6.3; WOW64) AppleWebKit/537.36 (KHTML, like Gecko) Chrome/33.0.1750.146 Safari/537.36"
135.23.250.207 - - [11/Mar/2014:02:35:16 +0000] "GET /img/banner/banner1.jpg HTTP/1.1" 200 770896 "http://connectnow.today/" "Mozilla/5.0 (Windows NT 6.3; WOW64) AppleWebKit/537.36 (KHTML, like Gecko) Chrome/33.0.1750.146 Safari/537.36"
135.23.250.207 - - [11/Mar/2014:02:35:16 +0000] "GET /img/banner/banner3.jpg HTTP/1.1" 200 700891 "http://connectnow.today/" "Mozilla/5.0 (Windows NT 6.3; WOW64) AppleWebKit/537.36 (KHTML, like Gecko) Chrome/33.0.1750.146 Safari/537.36"
127.0.0.1 - - [11/Mar/2014:02:35:25 +0000] "OPTIONS * HTTP/1.0" 200 125 "-" "Apache/2.4.6 (Ubuntu) PHP/5.5.7-1+sury.org~precise+1 (internal dummy connection)"
108.162.216.238 - - [11/Mar/2014:02:36:22 +0000] "GET / HTTP/1.1" 200 8112 "-" "Mozilla/5.0 (Windows NT 6.1; WOW64) AppleWebKit/537.36 (KHTML, like Gecko) Chrome/33.0.1750.146 Safari/537.36"
173.245.55.26 - - [11/Mar/2014:02:36:23 +0000] "GET /connectnow/public/img/30perc.png HTTP/1.1" 404 13220 "http://connectnow.today/" "Mozilla/5.0 (Windows NT 6.1; WOW64) AppleWebKit/537.36 (KHTML, like Gecko) Chrome/33.0.1750.146 Safari/537.36"
108.162.217.89 - - [11/Mar/2014:02:36:23 +0000] "GET /connectnow/public/img/searchbg.png HTTP/1.1" 404 13226 "http://connectnow.today/" "Mozilla/5.0 (Windows NT 6.1; WOW64) AppleWebKit/537.36 (KHTML, like Gecko) Chrome/33.0.1750.146 Safari/537.36"
108.162.217.107 - - [11/Mar/2014:02:36:25 +0000] "GET /connectnow/public/img/trans.png HTTP/1.1" 404 13219 "http://connectnow.today/" "Mozilla/5.0 (Windows NT 6.1; WOW64) AppleWebKit/537.36 (KHTML, like Gecko) Chrome/33.0.1750.146 Safari/537.36"
108.162.216.238 - - [11/Mar/2014:02:36:31 +0000] "GET /explore HTTP/1.1" 200 7325 "http://connectnow.today/" "Mozilla/5.0 (Windows NT 6.1; WOW64) AppleWebKit/537.36 (KHTML, like Gecko) Chrome/33.0.1750.146 Safari/537.36"
108.162.217.89 - - [11/Mar/2014:02:36:32 +0000] "GET /connectnow/public/img/searchbg.png HTTP/1.1" 404 13228 "http://connectnow.today/explore" "Mozilla/5.0 (Windows NT 6.1; WOW64) AppleWebKit/537.36 (KHTML, like Gecko) Chrome/33.0.1750.146 Safari/537.36"
108.162.217.107 - - [11/Mar/2014:02:36:33 +0000] "GET /connectnow/public/img/trans.png HTTP/1.1" 404 13222 "http://connectnow.today/explore" "Mozilla/5.0 (Windows NT 6.1; WOW64) AppleWebKit/537.36 (KHTML, like Gecko) Chrome/33.0.1750.146 Safari/537.36"
108.162.241.219 - - [11/Mar/2014:02:43:12 +0000] "GET /about HTTP/1.1" 200 8432 "-" "Mozilla/5.0 (Windows NT 6.2; WOW64) AppleWebKit/537.36 (KHTML, like Gecko) Chrome/33.0.1750.146 Safari/537.36"
108.162.242.121 - - [11/Mar/2014:02:43:13 +0000] "GET /css/about.css HTTP/1.1" 200 809 "http://connectnow.today/about" "Mozilla/5.0 (Windows NT 6.2; WOW64) AppleWebKit/537.36 (KHTML, like Gecko) Chrome/33.0.1750.146 Safari/537.36"
108.162.241.122 - - [11/Mar/2014:02:43:13 +0000] "GET /connectnow/public/img/searchbg.png HTTP/1.1" 404 13216 "http://connectnow.today/about" "Mozilla/5.0 (Windows NT 6.2; WOW64) AppleWebKit/537.36 (KHTML, like Gecko) Chrome/33.0.1750.146 Safari/537.36"
108.162.241.219 - - [11/Mar/2014:02:46:38 +0000] "GET / HTTP/1.1" 200 8120 "http://connectnow.today/about" "Mozilla/5.0 (Windows NT 6.2; WOW64) AppleWebKit/537.36 (KHTML, like Gecko) Chrome/33.0.1750.146 Safari/537.36"
108.162.241.122 - - [11/Mar/2014:02:46:39 +0000] "GET /connectnow/public/img/searchbg.png HTTP/1.1" 404 13204 "http://connectnow.today/" "Mozilla/5.0 (Windows NT 6.2; WOW64) AppleWebKit/537.36 (KHTML, like Gecko) Chrome/33.0.1750.146 Safari/537.36"
108.162.241.122 - - [11/Mar/2014:02:46:39 +0000] "GET /connectnow/public/img/30perc.png HTTP/1.1" 404 13206 "http://connectnow.today/" "Mozilla/5.0 (Windows NT 6.2; WOW64) AppleWebKit/537.36 (KHTML, like Gecko) Chrome/33.0.1750.146 Safari/537.36"
108.162.241.219 - - [11/Mar/2014:02:47:23 +0000] "GET /about HTTP/1.1" 200 8430 "http://connectnow.today/" "Mozilla/5.0 (Windows NT 6.2; WOW64) AppleWebKit/537.36 (KHTML, like Gecko) Chrome/33.0.1750.146 Safari/537.36"
108.162.242.121 - - [11/Mar/2014:02:47:23 +0000] "GET /css/about.css HTTP/1.1" 200 813 "http://connectnow.today/about" "Mozilla/5.0 (Windows NT 6.2; WOW64) AppleWebKit/537.36 (KHTML, like Gecko) Chrome/33.0.1750.146 Safari/537.36"
108.162.241.122 - - [11/Mar/2014:02:47:23 +0000] "GET /connectnow/public/img/searchbg.png HTTP/1.1" 404 13209 "http://connectnow.today/about" "Mozilla/5.0 (Windows NT 6.2; WOW64) AppleWebKit/537.36 (KHTML, like Gecko) Chrome/33.0.1750.146 Safari/537.36"
108.162.241.219 - - [11/Mar/2014:02:47:33 +0000] "GET /contact HTTP/1.1" 200 6571 "http://connectnow.today/about" "Mozilla/5.0 (Windows NT 6.2; WOW64) AppleWebKit/537.36 (KHTML, like Gecko) Chrome/33.0.1750.146 Safari/537.36"
108.162.241.121 - - [11/Mar/2014:02:47:33 +0000] "GET /css/contact.css HTTP/1.1" 200 807 "http://connectnow.today/contact" "Mozilla/5.0 (Windows NT 6.2; WOW64) AppleWebKit/537.36 (KHTML, like Gecko) Chrome/33.0.1750.146 Safari/537.36"
108.162.241.122 - - [11/Mar/2014:02:47:33 +0000] "GET /connectnow/public/img/searchbg.png HTTP/1.1" 404 13222 "http://connectnow.today/contact" "Mozilla/5.0 (Windows NT 6.2; WOW64) AppleWebKit/537.36 (KHTML, like Gecko) Chrome/33.0.1750.146 Safari/537.36"
108.162.241.219 - - [11/Mar/2014:02:47:35 +0000] "GET /about HTTP/1.1" 200 8428 "http://connectnow.today/contact" "Mozilla/5.0 (Windows NT 6.2; WOW64) AppleWebKit/537.36 (KHTML, like Gecko) Chrome/33.0.1750.146 Safari/537.36"
108.162.242.121 - - [11/Mar/2014:02:47:35 +0000] "GET /css/about.css HTTP/1.1" 200 807 "http://connectnow.today/about" "Mozilla/5.0 (Windows NT 6.2; WOW64) AppleWebKit/537.36 (KHTML, like Gecko) Chrome/33.0.1750.146 Safari/537.36"
108.162.241.122 - - [11/Mar/2014:02:47:35 +0000] "GET /connectnow/public/img/searchbg.png HTTP/1.1" 404 13209 "http://connectnow.today/about" "Mozilla/5.0 (Windows NT 6.2; WOW64) AppleWebKit/537.36 (KHTML, like Gecko) Chrome/33.0.1750.146 Safari/537.36"
108.162.241.219 - - [11/Mar/2014:02:47:36 +0000] "GET /error HTTP/1.1" 200 812 "http://connectnow.today/about" "Mozilla/5.0 (Windows NT 6.2; WOW64) AppleWebKit/537.36 (KHTML, like Gecko) Chrome/33.0.1750.146 Safari/537.36"
108.162.241.219 - - [11/Mar/2014:02:47:39 +0000] "GET /explore HTTP/1.1" 200 7334 "http://connectnow.today/about" "Mozilla/5.0 (Windows NT 6.2; WOW64) AppleWebKit/537.36 (KHTML, like Gecko) Chrome/33.0.1750.146 Safari/537.36"
108.162.241.219 - - [11/Mar/2014:02:47:39 +0000] "GET /css/explore.css HTTP/1.1" 200 278 "http://connectnow.today/explore" "Mozilla/5.0 (Windows NT 6.2; WOW64) AppleWebKit/537.36 (KHTML, like Gecko) Chrome/33.0.1750.146 Safari/537.36"
108.162.241.122 - - [11/Mar/2014:02:47:39 +0000] "GET /connectnow/public/img/searchbg.png HTTP/1.1" 404 13224 "http://connectnow.today/explore" "Mozilla/5.0 (Windows NT 6.2; WOW64) AppleWebKit/537.36 (KHTML, like Gecko) Chrome/33.0.1750.146 Safari/537.36"
173.245.55.241 - - [11/Mar/2014:03:14:11 +0000] "GET /about HTTP/1.1" 200 8422 "-" "Mozilla/5.0 (Linux; Android 4.3; GT-I9300 Build/JSS15J) AppleWebKit/537.36 (KHTML, like Gecko) Chrome/33.0.1750.136 Mobile Safari/537.36"
173.245.55.247 - - [11/Mar/2014:03:14:11 +0000] "GET /css/bootstrap.min.css HTTP/1.1" 200 17170 "http://connectnow.today/about" "Mozilla/5.0 (Linux; Android 4.3; GT-I9300 Build/JSS15J) AppleWebKit/537.36 (KHTML, like Gecko) Chrome/33.0.1750.136 Mobile Safari/537.36"
173.245.55.224 - - [11/Mar/2014:03:14:11 +0000] "GET /css/elusive-webfont.css HTTP/1.1" 200 2829 "http://connectnow.today/about" "Mozilla/5.0 (Linux; Android 4.3; GT-I9300 Build/JSS15J) AppleWebKit/537.36 (KHTML, like Gecko) Chrome/33.0.1750.136 Mobile Safari/537.36"
173.245.55.243 - - [11/Mar/2014:03:14:11 +0000] "GET /css/semantic.min.css HTTP/1.1" 200 35460 "http://connectnow.today/about" "Mozilla/5.0 (Linux; Android 4.3; GT-I9300 Build/JSS15J) AppleWebKit/537.36 (KHTML, like Gecko) Chrome/33.0.1750.136 Mobile Safari/537.36"
108.162.216.244 - - [11/Mar/2014:03:14:11 +0000] "GET /css/main.css HTTP/1.1" 200 2367 "http://connectnow.today/about" "Mozilla/5.0 (Linux; Android 4.3; GT-I9300 Build/JSS15J) AppleWebKit/537.36 (KHTML, like Gecko) Chrome/33.0.1750.136 Mobile Safari/537.36"
173.245.55.247 - - [11/Mar/2014:03:14:11 +0000] "GET /webfonts.js HTTP/1.1" 304 181 "http://connectnow.today/about" "Mozilla/5.0 (Linux; Android 4.3; GT-I9300 Build/JSS15J) AppleWebKit/537.36 (KHTML, like Gecko) Chrome/33.0.1750.136 Mobile Safari/537.36"
173.245.55.224 - - [11/Mar/2014:03:14:11 +0000] "GET /css/about.css HTTP/1.1" 200 801 "http://connectnow.today/about" "Mozilla/5.0 (Linux; Android 4.3; GT-I9300 Build/JSS15J) AppleWebKit/537.36 (KHTML, like Gecko) Chrome/33.0.1750.136 Mobile Safari/537.36"
108.162.216.240 - - [11/Mar/2014:03:14:11 +0000] "GET /js/transit.js HTTP/1.1" 304 181 "http://connectnow.today/about" "Mozilla/5.0 (Linux; Android 4.3; GT-I9300 Build/JSS15J) AppleWebKit/537.36 (KHTML, like Gecko) Chrome/33.0.1750.136 Mobile Safari/537.36"
108.162.216.240 - - [11/Mar/2014:03:14:11 +0000] "GET /js/jquery.min.js HTTP/1.1" 304 182 "http://connectnow.today/about" "Mozilla/5.0 (Linux; Android 4.3; GT-I9300 Build/JSS15J) AppleWebKit/537.36 (KHTML, like Gecko) Chrome/33.0.1750.136 Mobile Safari/537.36"
173.245.55.243 - - [11/Mar/2014:03:14:11 +0000] "GET /js/bootstrap.min.js HTTP/1.1" 304 181 "http://connectnow.today/about" "Mozilla/5.0 (Linux; Android 4.3; GT-I9300 Build/JSS15J) AppleWebKit/537.36 (KHTML, like Gecko) Chrome/33.0.1750.136 Mobile Safari/537.36"
173.245.55.247 - - [11/Mar/2014:03:14:11 +0000] "GET /img/navlogo.png HTTP/1.1" 200 3247 "http://connectnow.today/about" "Mozilla/5.0 (Linux; Android 4.3; GT-I9300 Build/JSS15J) AppleWebKit/537.36 (KHTML, like Gecko) Chrome/33.0.1750.136 Mobile Safari/537.36"
173.245.55.244 - - [11/Mar/2014:03:14:12 +0000] "GET /img/about.jpg HTTP/1.1" 304 181 "http://connectnow.today/about" "Mozilla/5.0 (Linux; Android 4.3; GT-I9300 Build/JSS15J) AppleWebKit/537.36 (KHTML, like Gecko) Chrome/33.0.1750.136 Mobile Safari/537.36"
173.245.55.239 - - [11/Mar/2014:03:14:12 +0000] "GET /fonts/Elusive-Icons.ttf HTTP/1.1" 304 181 "http://connectnow.today/about" "Mozilla/5.0 (Linux; Android 4.3; GT-I9300 Build/JSS15J) AppleWebKit/537.36 (KHTML, like Gecko) Chrome/33.0.1750.136 Mobile Safari/537.36"
173.245.55.240 - - [11/Mar/2014:03:14:13 +0000] "GET /img/searchbg.png HTTP/1.1" 200 1460 "http://connectnow.today/about" "Mozilla/5.0 (Linux; Android 4.3; GT-I9300 Build/JSS15J) AppleWebKit/537.36 (KHTML, like Gecko) Chrome/33.0.1750.136 Mobile Safari/537.36"
173.245.55.240 - - [11/Mar/2014:03:14:13 +0000] "GET /img/blue80.png HTTP/1.1" 200 1457 "http://connectnow.today/about" "Mozilla/5.0 (Linux; Android 4.3; GT-I9300 Build/JSS15J) AppleWebKit/537.36 (KHTML, like Gecko) Chrome/33.0.1750.136 Mobile Safari/537.36"
108.162.216.244 - - [11/Mar/2014:03:14:16 +0000] "GET /favicon.ico HTTP/1.1" 304 182 "-" "Mozilla/5.0 (Linux; Android 4.3; GT-I9300 Build/JSS15J) AppleWebKit/537.36 (KHTML, like Gecko) Chrome/33.0.1750.136 Mobile Safari/537.36"
127.0.0.1 - - [11/Mar/2014:03:14:17 +0000] "OPTIONS * HTTP/1.0" 200 125 "-" "Apache/2.4.6 (Ubuntu) PHP/5.5.7-1+sury.org~precise+1 (internal dummy connection)"
173.245.55.224 - - [11/Mar/2014:03:14:17 +0000] "GET /img/trans.png HTTP/1.1" 200 1458 "http://connectnow.today/about" "Mozilla/5.0 (Linux; Android 4.3; GT-I9300 Build/JSS15J) AppleWebKit/537.36 (KHTML, like Gecko) Chrome/33.0.1750.136 Mobile Safari/537.36"
127.0.0.1 - - [11/Mar/2014:03:14:18 +0000] "OPTIONS * HTTP/1.0" 200 125 "-" "Apache/2.4.6 (Ubuntu) PHP/5.5.7-1+sury.org~precise+1 (internal dummy connection)"
127.0.0.1 - - [11/Mar/2014:03:14:19 +0000] "OPTIONS * HTTP/1.0" 200 125 "-" "Apache/2.4.6 (Ubuntu) PHP/5.5.7-1+sury.org~precise+1 (internal dummy connection)"
127.0.0.1 - - [11/Mar/2014:03:14:20 +0000] "OPTIONS * HTTP/1.0" 200 125 "-" "Apache/2.4.6 (Ubuntu) PHP/5.5.7-1+sury.org~precise+1 (internal dummy connection)"
127.0.0.1 - - [11/Mar/2014:03:14:21 +0000] "OPTIONS * HTTP/1.0" 200 125 "-" "Apache/2.4.6 (Ubuntu) PHP/5.5.7-1+sury.org~precise+1 (internal dummy connection)"
127.0.0.1 - - [11/Mar/2014:03:14:22 +0000] "OPTIONS * HTTP/1.0" 200 125 "-" "Apache/2.4.6 (Ubuntu) PHP/5.5.7-1+sury.org~precise+1 (internal dummy connection)"
127.0.0.1 - - [11/Mar/2014:03:14:23 +0000] "OPTIONS * HTTP/1.0" 200 125 "-" "Apache/2.4.6 (Ubuntu) PHP/5.5.7-1+sury.org~precise+1 (internal dummy connection)"
127.0.0.1 - - [11/Mar/2014:03:14:24 +0000] "OPTIONS * HTTP/1.0" 200 125 "-" "Apache/2.4.6 (Ubuntu) PHP/5.5.7-1+sury.org~precise+1 (internal dummy connection)"
127.0.0.1 - - [11/Mar/2014:03:14:25 +0000] "OPTIONS * HTTP/1.0" 200 125 "-" "Apache/2.4.6 (Ubuntu) PHP/5.5.7-1+sury.org~precise+1 (internal dummy connection)"
127.0.0.1 - - [11/Mar/2014:03:14:26 +0000] "OPTIONS * HTTP/1.0" 200 125 "-" "Apache/2.4.6 (Ubuntu) PHP/5.5.7-1+sury.org~precise+1 (internal dummy connection)"
127.0.0.1 - - [11/Mar/2014:03:14:27 +0000] "OPTIONS * HTTP/1.0" 200 125 "-" "Apache/2.4.6 (Ubuntu) PHP/5.5.7-1+sury.org~precise+1 (internal dummy connection)"
127.0.0.1 - - [11/Mar/2014:03:14:28 +0000] "OPTIONS * HTTP/1.0" 200 125 "-" "Apache/2.4.6 (Ubuntu) PHP/5.5.7-1+sury.org~precise+1 (internal dummy connection)"
127.0.0.1 - - [11/Mar/2014:03:14:29 +0000] "OPTIONS * HTTP/1.0" 200 125 "-" "Apache/2.4.6 (Ubuntu) PHP/5.5.7-1+sury.org~precise+1 (internal dummy connection)"
127.0.0.1 - - [11/Mar/2014:03:14:30 +0000] "OPTIONS * HTTP/1.0" 200 125 "-" "Apache/2.4.6 (Ubuntu) PHP/5.5.7-1+sury.org~precise+1 (internal dummy connection)"
127.0.0.1 - - [11/Mar/2014:03:14:31 +0000] "OPTIONS * HTTP/1.0" 200 125 "-" "Apache/2.4.6 (Ubuntu) PHP/5.5.7-1+sury.org~precise+1 (internal dummy connection)"
108.162.245.116 - - [11/Mar/2014:03:54:15 +0000] "GET /about HTTP/1.1" 200 8428 "-" "Mozilla/5.0 (Macintosh; Intel Mac OS X 10_9_0) AppleWebKit/537.36 (KHTML, like Gecko) Chrome/33.0.1750.146 Safari/537.36"
108.162.246.213 - - [11/Mar/2014:03:54:15 +0000] "GET /css/bootstrap.min.css HTTP/1.1" 200 17170 "http://connectnow.today/about" "Mozilla/5.0 (Macintosh; Intel Mac OS X 10_9_0) AppleWebKit/537.36 (KHTML, like Gecko) Chrome/33.0.1750.146 Safari/537.36"
108.162.246.115 - - [11/Mar/2014:03:54:15 +0000] "GET /css/elusive-webfont.css HTTP/1.1" 200 2829 "http://connectnow.today/about" "Mozilla/5.0 (Macintosh; Intel Mac OS X 10_9_0) AppleWebKit/537.36 (KHTML, like Gecko) Chrome/33.0.1750.146 Safari/537.36"
108.162.246.213 - - [11/Mar/2014:03:54:15 +0000] "GET /css/main.css HTTP/1.1" 200 2367 "http://connectnow.today/about" "Mozilla/5.0 (Macintosh; Intel Mac OS X 10_9_0) AppleWebKit/537.36 (KHTML, like Gecko) Chrome/33.0.1750.146 Safari/537.36"
108.162.245.213 - - [11/Mar/2014:03:54:15 +0000] "GET /css/semantic.min.css HTTP/1.1" 200 35460 "http://connectnow.today/about" "Mozilla/5.0 (Macintosh; Intel Mac OS X 10_9_0) AppleWebKit/537.36 (KHTML, like Gecko) Chrome/33.0.1750.146 Safari/537.36"
108.162.246.213 - - [11/Mar/2014:03:54:15 +0000] "GET /img/navlogo.png HTTP/1.1" 304 181 "http://connectnow.today/about" "Mozilla/5.0 (Macintosh; Intel Mac OS X 10_9_0) AppleWebKit/537.36 (KHTML, like Gecko) Chrome/33.0.1750.146 Safari/537.36"
108.162.246.115 - - [11/Mar/2014:03:54:15 +0000] "GET /css/about.css HTTP/1.1" 200 807 "http://connectnow.today/about" "Mozilla/5.0 (Macintosh; Intel Mac OS X 10_9_0) AppleWebKit/537.36 (KHTML, like Gecko) Chrome/33.0.1750.146 Safari/537.36"
108.162.246.213 - - [11/Mar/2014:03:54:15 +0000] "GET /webfonts.js HTTP/1.1" 200 2068 "http://connectnow.today/about" "Mozilla/5.0 (Macintosh; Intel Mac OS X 10_9_0) AppleWebKit/537.36 (KHTML, like Gecko) Chrome/33.0.1750.146 Safari/537.36"
108.162.245.213 - - [11/Mar/2014:03:54:15 +0000] "GET /js/jquery.min.js HTTP/1.1" 200 33155 "http://connectnow.today/about" "Mozilla/5.0 (Macintosh; Intel Mac OS X 10_9_0) AppleWebKit/537.36 (KHTML, like Gecko) Chrome/33.0.1750.146 Safari/537.36"
108.162.245.213 - - [11/Mar/2014:03:54:15 +0000] "GET /js/transit.js HTTP/1.1" 200 3064 "http://connectnow.today/about" "Mozilla/5.0 (Macintosh; Intel Mac OS X 10_9_0) AppleWebKit/537.36 (KHTML, like Gecko) Chrome/33.0.1750.146 Safari/537.36"
108.162.246.213 - - [11/Mar/2014:03:54:15 +0000] "GET /img/blue80.png HTTP/1.1" 200 1456 "http://connectnow.today/about" "Mozilla/5.0 (Macintosh; Intel Mac OS X 10_9_0) AppleWebKit/537.36 (KHTML, like Gecko) Chrome/33.0.1750.146 Safari/537.36"
108.162.245.213 - - [11/Mar/2014:03:54:16 +0000] "GET /js/bootstrap.min.js HTTP/1.1" 200 7637 "http://connectnow.today/about" "Mozilla/5.0 (Macintosh; Intel Mac OS X 10_9_0) AppleWebKit/537.36 (KHTML, like Gecko) Chrome/33.0.1750.146 Safari/537.36"
108.162.245.116 - - [11/Mar/2014:03:54:17 +0000] "GET /img/about.jpg HTTP/1.1" 200 9949 "http://connectnow.today/about" "Mozilla/5.0 (Macintosh; Intel Mac OS X 10_9_0) AppleWebKit/537.36 (KHTML, like Gecko) Chrome/33.0.1750.146 Safari/537.36"
108.162.246.116 - - [11/Mar/2014:03:54:17 +0000] "GET /fonts/Elusive-Icons.ttf HTTP/1.1" 200 37235 "http://connectnow.today/about" "Mozilla/5.0 (Macintosh; Intel Mac OS X 10_9_0) AppleWebKit/537.36 (KHTML, like Gecko) Chrome/33.0.1750.146 Safari/537.36"
108.162.246.213 - - [11/Mar/2014:03:54:18 +0000] "GET /img/searchbg.png HTTP/1.1" 200 1460 "http://connectnow.today/about" "Mozilla/5.0 (Macintosh; Intel Mac OS X 10_9_0) AppleWebKit/537.36 (KHTML, like Gecko) Chrome/33.0.1750.146 Safari/537.36"
108.162.246.115 - - [11/Mar/2014:03:54:18 +0000] "GET /fonts/glyphicons-halflings-regular.woff HTTP/1.1" 200 23404 "http://connectnow.today/about" "Mozilla/5.0 (Macintosh; Intel Mac OS X 10_9_0) AppleWebKit/537.36 (KHTML, like Gecko) Chrome/33.0.1750.146 Safari/537.36"
108.162.246.213 - - [11/Mar/2014:03:54:18 +0000] "GET /favicon.ico HTTP/1.1" 200 10491 "-" "Mozilla/5.0 (Macintosh; Intel Mac OS X 10_9_0) AppleWebKit/537.36 (KHTML, like Gecko) Chrome/33.0.1750.146 Safari/537.36"
108.162.245.116 - - [11/Mar/2014:03:54:19 +0000] "GET / HTTP/1.1" 200 8117 "http://connectnow.today/about" "Mozilla/5.0 (Macintosh; Intel Mac OS X 10_9_0) AppleWebKit/537.36 (KHTML, like Gecko) Chrome/33.0.1750.146 Safari/537.36"
108.162.246.213 - - [11/Mar/2014:03:54:19 +0000] "GET /css/home.css HTTP/1.1" 200 1236 "http://connectnow.today/" "Mozilla/5.0 (Macintosh; Intel Mac OS X 10_9_0) AppleWebKit/537.36 (KHTML, like Gecko) Chrome/33.0.1750.146 Safari/537.36"
108.162.246.213 - - [11/Mar/2014:03:54:19 +0000] "GET /img/home/bubbles/commit.png HTTP/1.1" 200 3330 "http://connectnow.today/" "Mozilla/5.0 (Macintosh; Intel Mac OS X 10_9_0) AppleWebKit/537.36 (KHTML, like Gecko) Chrome/33.0.1750.146 Safari/537.36"
108.162.245.213 - - [11/Mar/2014:03:54:19 +0000] "GET /img/home/bubbles/track.png HTTP/1.1" 200 3864 "http://connectnow.today/" "Mozilla/5.0 (Macintosh; Intel Mac OS X 10_9_0) AppleWebKit/537.36 (KHTML, like Gecko) Chrome/33.0.1750.146 Safari/537.36"
108.162.245.116 - - [11/Mar/2014:03:54:19 +0000] "GET /img/home/bubbles/browse.png HTTP/1.1" 200 3578 "http://connectnow.today/" "Mozilla/5.0 (Macintosh; Intel Mac OS X 10_9_0) AppleWebKit/537.36 (KHTML, like Gecko) Chrome/33.0.1750.146 Safari/537.36"
108.162.245.213 - - [11/Mar/2014:03:54:19 +0000] "GET /img/banner/gcn.png HTTP/1.1" 200 4932 "http://connectnow.today/" "Mozilla/5.0 (Macintosh; Intel Mac OS X 10_9_0) AppleWebKit/537.36 (KHTML, like Gecko) Chrome/33.0.1750.146 Safari/537.36"
108.162.245.213 - - [11/Mar/2014:03:54:19 +0000] "GET /img/home/bubbles/share.png HTTP/1.1" 200 3476 "http://connectnow.today/" "Mozilla/5.0 (Macintosh; Intel Mac OS X 10_9_0) AppleWebKit/537.36 (KHTML, like Gecko) Chrome/33.0.1750.146 Safari/537.36"
108.162.246.213 - - [11/Mar/2014:03:54:20 +0000] "GET /img/30perc.png HTTP/1.1" 200 1453 "http://connectnow.today/" "Mozilla/5.0 (Macintosh; Intel Mac OS X 10_9_0) AppleWebKit/537.36 (KHTML, like Gecko) Chrome/33.0.1750.146 Safari/537.36"
108.162.245.116 - - [11/Mar/2014:03:54:20 +0000] "GET /webfonts/2964B3_0_unhinted_0.woff HTTP/1.1" 200 29521 "http://connectnow.today/about" "Mozilla/5.0 (Macintosh; Intel Mac OS X 10_9_0) AppleWebKit/537.36 (KHTML, like Gecko) Chrome/33.0.1750.146 Safari/537.36"
108.162.245.116 - - [11/Mar/2014:03:54:20 +0000] "GET /img/home/ready.jpg HTTP/1.1" 200 12634 "http://connectnow.today/" "Mozilla/5.0 (Macintosh; Intel Mac OS X 10_9_0) AppleWebKit/537.36 (KHTML, like Gecko) Chrome/33.0.1750.146 Safari/537.36"
108.162.246.116 - - [11/Mar/2014:03:54:20 +0000] "GET /img/banner/banner3.jpg HTTP/1.1" 200 700892 "http://connectnow.today/" "Mozilla/5.0 (Macintosh; Intel Mac OS X 10_9_0) AppleWebKit/537.36 (KHTML, like Gecko) Chrome/33.0.1750.146 Safari/537.36"
108.162.246.115 - - [11/Mar/2014:03:54:20 +0000] "GET /img/banner/banner2.jpg HTTP/1.1" 200 596650 "http://connectnow.today/" "Mozilla/5.0 (Macintosh; Intel Mac OS X 10_9_0) AppleWebKit/537.36 (KHTML, like Gecko) Chrome/33.0.1750.146 Safari/537.36"
108.162.246.115 - - [11/Mar/2014:03:54:20 +0000] "GET /img/banner/banner1.jpg HTTP/1.1" 200 770896 "http://connectnow.today/" "Mozilla/5.0 (Macintosh; Intel Mac OS X 10_9_0) AppleWebKit/537.36 (KHTML, like Gecko) Chrome/33.0.1750.146 Safari/537.36"
127.0.0.1 - - [11/Mar/2014:03:54:21 +0000] "OPTIONS * HTTP/1.0" 200 125 "-" "Apache/2.4.6 (Ubuntu) PHP/5.5.7-1+sury.org~precise+1 (internal dummy connection)"
127.0.0.1 - - [11/Mar/2014:03:54:22 +0000] "OPTIONS * HTTP/1.0" 200 125 "-" "Apache/2.4.6 (Ubuntu) PHP/5.5.7-1+sury.org~precise+1 (internal dummy connection)"
127.0.0.1 - - [11/Mar/2014:03:54:23 +0000] "OPTIONS * HTTP/1.0" 200 125 "-" "Apache/2.4.6 (Ubuntu) PHP/5.5.7-1+sury.org~precise+1 (internal dummy connection)"
127.0.0.1 - - [11/Mar/2014:03:54:24 +0000] "OPTIONS * HTTP/1.0" 200 125 "-" "Apache/2.4.6 (Ubuntu) PHP/5.5.7-1+sury.org~precise+1 (internal dummy connection)"
127.0.0.1 - - [11/Mar/2014:03:54:25 +0000] "OPTIONS * HTTP/1.0" 200 125 "-" "Apache/2.4.6 (Ubuntu) PHP/5.5.7-1+sury.org~precise+1 (internal dummy connection)"
127.0.0.1 - - [11/Mar/2014:03:54:26 +0000] "OPTIONS * HTTP/1.0" 200 125 "-" "Apache/2.4.6 (Ubuntu) PHP/5.5.7-1+sury.org~precise+1 (internal dummy connection)"
127.0.0.1 - - [11/Mar/2014:03:54:27 +0000] "OPTIONS * HTTP/1.0" 200 125 "-" "Apache/2.4.6 (Ubuntu) PHP/5.5.7-1+sury.org~precise+1 (internal dummy connection)"
127.0.0.1 - - [11/Mar/2014:03:54:28 +0000] "OPTIONS * HTTP/1.0" 200 125 "-" "Apache/2.4.6 (Ubuntu) PHP/5.5.7-1+sury.org~precise+1 (internal dummy connection)"
127.0.0.1 - - [11/Mar/2014:03:54:29 +0000] "OPTIONS * HTTP/1.0" 200 125 "-" "Apache/2.4.6 (Ubuntu) PHP/5.5.7-1+sury.org~precise+1 (internal dummy connection)"
127.0.0.1 - - [11/Mar/2014:03:54:30 +0000] "OPTIONS * HTTP/1.0" 200 125 "-" "Apache/2.4.6 (Ubuntu) PHP/5.5.7-1+sury.org~precise+1 (internal dummy connection)"
127.0.0.1 - - [11/Mar/2014:03:54:31 +0000] "OPTIONS * HTTP/1.0" 200 125 "-" "Apache/2.4.6 (Ubuntu) PHP/5.5.7-1+sury.org~precise+1 (internal dummy connection)"
127.0.0.1 - - [11/Mar/2014:03:54:32 +0000] "OPTIONS * HTTP/1.0" 200 125 "-" "Apache/2.4.6 (Ubuntu) PHP/5.5.7-1+sury.org~precise+1 (internal dummy connection)"
127.0.0.1 - - [11/Mar/2014:03:54:33 +0000] "OPTIONS * HTTP/1.0" 200 125 "-" "Apache/2.4.6 (Ubuntu) PHP/5.5.7-1+sury.org~precise+1 (internal dummy connection)"
127.0.0.1 - - [11/Mar/2014:03:54:34 +0000] "OPTIONS * HTTP/1.0" 200 125 "-" "Apache/2.4.6 (Ubuntu) PHP/5.5.7-1+sury.org~precise+1 (internal dummy connection)"
127.0.0.1 - - [11/Mar/2014:03:54:35 +0000] "OPTIONS * HTTP/1.0" 200 125 "-" "Apache/2.4.6 (Ubuntu) PHP/5.5.7-1+sury.org~precise+1 (internal dummy connection)"
127.0.0.1 - - [11/Mar/2014:03:54:36 +0000] "OPTIONS * HTTP/1.0" 200 125 "-" "Apache/2.4.6 (Ubuntu) PHP/5.5.7-1+sury.org~precise+1 (internal dummy connection)"
127.0.0.1 - - [11/Mar/2014:03:54:37 +0000] "OPTIONS * HTTP/1.0" 200 125 "-" "Apache/2.4.6 (Ubuntu) PHP/5.5.7-1+sury.org~precise+1 (internal dummy connection)"
127.0.0.1 - - [11/Mar/2014:03:54:38 +0000] "OPTIONS * HTTP/1.0" 200 125 "-" "Apache/2.4.6 (Ubuntu) PHP/5.5.7-1+sury.org~precise+1 (internal dummy connection)"
127.0.0.1 - - [11/Mar/2014:03:54:39 +0000] "OPTIONS * HTTP/1.0" 200 125 "-" "Apache/2.4.6 (Ubuntu) PHP/5.5.7-1+sury.org~precise+1 (internal dummy connection)"
127.0.0.1 - - [11/Mar/2014:03:54:40 +0000] "OPTIONS * HTTP/1.0" 200 125 "-" "Apache/2.4.6 (Ubuntu) PHP/5.5.7-1+sury.org~precise+1 (internal dummy connection)"
127.0.0.1 - - [11/Mar/2014:03:54:41 +0000] "OPTIONS * HTTP/1.0" 200 125 "-" "Apache/2.4.6 (Ubuntu) PHP/5.5.7-1+sury.org~precise+1 (internal dummy connection)"
127.0.0.1 - - [11/Mar/2014:03:54:42 +0000] "OPTIONS * HTTP/1.0" 200 125 "-" "Apache/2.4.6 (Ubuntu) PHP/5.5.7-1+sury.org~precise+1 (internal dummy connection)"
127.0.0.1 - - [11/Mar/2014:03:54:43 +0000] "OPTIONS * HTTP/1.0" 200 125 "-" "Apache/2.4.6 (Ubuntu) PHP/5.5.7-1+sury.org~precise+1 (internal dummy connection)"
127.0.0.1 - - [11/Mar/2014:03:54:44 +0000] "OPTIONS * HTTP/1.0" 200 125 "-" "Apache/2.4.6 (Ubuntu) PHP/5.5.7-1+sury.org~precise+1 (internal dummy connection)"
127.0.0.1 - - [11/Mar/2014:03:54:45 +0000] "OPTIONS * HTTP/1.0" 200 125 "-" "Apache/2.4.6 (Ubuntu) PHP/5.5.7-1+sury.org~precise+1 (internal dummy connection)"
127.0.0.1 - - [11/Mar/2014:03:54:46 +0000] "OPTIONS * HTTP/1.0" 200 125 "-" "Apache/2.4.6 (Ubuntu) PHP/5.5.7-1+sury.org~precise+1 (internal dummy connection)"
127.0.0.1 - - [11/Mar/2014:03:54:47 +0000] "OPTIONS * HTTP/1.0" 200 125 "-" "Apache/2.4.6 (Ubuntu) PHP/5.5.7-1+sury.org~precise+1 (internal dummy connection)"
127.0.0.1 - - [11/Mar/2014:03:54:48 +0000] "OPTIONS * HTTP/1.0" 200 125 "-" "Apache/2.4.6 (Ubuntu) PHP/5.5.7-1+sury.org~precise+1 (internal dummy connection)"
127.0.0.1 - - [11/Mar/2014:03:54:49 +0000] "OPTIONS * HTTP/1.0" 200 125 "-" "Apache/2.4.6 (Ubuntu) PHP/5.5.7-1+sury.org~precise+1 (internal dummy connection)"
127.0.0.1 - - [11/Mar/2014:03:54:50 +0000] "OPTIONS * HTTP/1.0" 200 125 "-" "Apache/2.4.6 (Ubuntu) PHP/5.5.7-1+sury.org~precise+1 (internal dummy connection)"
127.0.0.1 - - [11/Mar/2014:03:54:51 +0000] "OPTIONS * HTTP/1.0" 200 125 "-" "Apache/2.4.6 (Ubuntu) PHP/5.5.7-1+sury.org~precise+1 (internal dummy connection)"
135.23.250.207 - - [11/Mar/2014:04:02:56 +0000] "GET /about HTTP/1.1" 200 8426 "-" "Mozilla/5.0 (Windows NT 6.3; WOW64) AppleWebKit/537.36 (KHTML, like Gecko) Chrome/33.0.1750.146 Safari/537.36"
135.23.250.207 - - [11/Mar/2014:04:02:56 +0000] "GET /css/bootstrap.min.css HTTP/1.1" 200 17169 "http://connectnow.today/about" "Mozilla/5.0 (Windows NT 6.3; WOW64) AppleWebKit/537.36 (KHTML, like Gecko) Chrome/33.0.1750.146 Safari/537.36"
135.23.250.207 - - [11/Mar/2014:04:02:56 +0000] "GET /css/elusive-webfont.css HTTP/1.1" 200 2829 "http://connectnow.today/about" "Mozilla/5.0 (Windows NT 6.3; WOW64) AppleWebKit/537.36 (KHTML, like Gecko) Chrome/33.0.1750.146 Safari/537.36"
135.23.250.207 - - [11/Mar/2014:04:02:56 +0000] "GET /css/semantic.min.css HTTP/1.1" 200 35460 "http://connectnow.today/about" "Mozilla/5.0 (Windows NT 6.3; WOW64) AppleWebKit/537.36 (KHTML, like Gecko) Chrome/33.0.1750.146 Safari/537.36"
135.23.250.207 - - [11/Mar/2014:04:02:56 +0000] "GET /css/main.css HTTP/1.1" 200 2367 "http://connectnow.today/about" "Mozilla/5.0 (Windows NT 6.3; WOW64) AppleWebKit/537.36 (KHTML, like Gecko) Chrome/33.0.1750.146 Safari/537.36"
135.23.250.207 - - [11/Mar/2014:04:02:56 +0000] "GET /webfonts.js HTTP/1.1" 200 2067 "http://connectnow.today/about" "Mozilla/5.0 (Windows NT 6.3; WOW64) AppleWebKit/537.36 (KHTML, like Gecko) Chrome/33.0.1750.146 Safari/537.36"
135.23.250.207 - - [11/Mar/2014:04:02:56 +0000] "GET /img/navlogo.png HTTP/1.1" 200 3247 "http://connectnow.today/about" "Mozilla/5.0 (Windows NT 6.3; WOW64) AppleWebKit/537.36 (KHTML, like Gecko) Chrome/33.0.1750.146 Safari/537.36"
135.23.250.207 - - [11/Mar/2014:04:02:56 +0000] "GET /js/jquery.min.js HTTP/1.1" 200 33154 "http://connectnow.today/about" "Mozilla/5.0 (Windows NT 6.3; WOW64) AppleWebKit/537.36 (KHTML, like Gecko) Chrome/33.0.1750.146 Safari/537.36"
135.23.250.207 - - [11/Mar/2014:04:02:56 +0000] "GET /css/about.css HTTP/1.1" 200 807 "http://connectnow.today/about" "Mozilla/5.0 (Windows NT 6.3; WOW64) AppleWebKit/537.36 (KHTML, like Gecko) Chrome/33.0.1750.146 Safari/537.36"
135.23.250.207 - - [11/Mar/2014:04:02:56 +0000] "GET /js/transit.js HTTP/1.1" 200 3063 "http://connectnow.today/about" "Mozilla/5.0 (Windows NT 6.3; WOW64) AppleWebKit/537.36 (KHTML, like Gecko) Chrome/33.0.1750.146 Safari/537.36"
135.23.250.207 - - [11/Mar/2014:04:02:56 +0000] "GET /js/bootstrap.min.js HTTP/1.1" 200 7636 "http://connectnow.today/about" "Mozilla/5.0 (Windows NT 6.3; WOW64) AppleWebKit/537.36 (KHTML, like Gecko) Chrome/33.0.1750.146 Safari/537.36"
135.23.250.207 - - [11/Mar/2014:04:02:56 +0000] "GET /img/about.jpg HTTP/1.1" 200 9948 "http://connectnow.today/about" "Mozilla/5.0 (Windows NT 6.3; WOW64) AppleWebKit/537.36 (KHTML, like Gecko) Chrome/33.0.1750.146 Safari/537.36"
135.23.250.207 - - [11/Mar/2014:04:02:57 +0000] "GET /fonts/Elusive-Icons.ttf HTTP/1.1" 200 37234 "http://connectnow.today/about" "Mozilla/5.0 (Windows NT 6.3; WOW64) AppleWebKit/537.36 (KHTML, like Gecko) Chrome/33.0.1750.146 Safari/537.36"
135.23.250.207 - - [11/Mar/2014:04:02:57 +0000] "GET /img/blue80.png HTTP/1.1" 200 1456 "http://connectnow.today/about" "Mozilla/5.0 (Windows NT 6.3; WOW64) AppleWebKit/537.36 (KHTML, like Gecko) Chrome/33.0.1750.146 Safari/537.36"
135.23.250.207 - - [11/Mar/2014:04:02:57 +0000] "GET /img/searchbg.png HTTP/1.1" 200 1459 "http://connectnow.today/about" "Mozilla/5.0 (Windows NT 6.3; WOW64) AppleWebKit/537.36 (KHTML, like Gecko) Chrome/33.0.1750.146 Safari/537.36"
135.23.250.207 - - [11/Mar/2014:04:02:57 +0000] "GET /fonts/glyphicons-halflings-regular.woff HTTP/1.1" 200 23403 "http://connectnow.today/about" "Mozilla/5.0 (Windows NT 6.3; WOW64) AppleWebKit/537.36 (KHTML, like Gecko) Chrome/33.0.1750.146 Safari/537.36"
127.0.0.1 - - [11/Mar/2014:04:03:04 +0000] "OPTIONS * HTTP/1.0" 200 125 "-" "Apache/2.4.6 (Ubuntu) PHP/5.5.7-1+sury.org~precise+1 (internal dummy connection)"
135.23.250.207 - - [11/Mar/2014:04:03:50 +0000] "GET /img/trans.png HTTP/1.1" 200 1458 "http://connectnow.today/about" "Mozilla/5.0 (Windows NT 6.3; WOW64) AppleWebKit/537.36 (KHTML, like Gecko) Chrome/33.0.1750.146 Safari/537.36"
135.23.250.207 - - [11/Mar/2014:04:04:00 +0000] "GET /about HTTP/1.1" 200 8426 "-" "Mozilla/5.0 (Windows NT 6.3; WOW64) AppleWebKit/537.36 (KHTML, like Gecko) Chrome/33.0.1750.146 Safari/537.36"
