[Sun Mar 16 15:37:58.907413 2014] [authz_core:debug] [pid 1540] mod_authz_core.c(802): [client 135.23.250.207:7257] AH01626: authorization result of <RequireAny>: granted, referer: https://connectnow.today/
[Sun Mar 16 15:37:58.907716 2014] [deflate:debug] [pid 1540] mod_deflate.c(764): [client 135.23.250.207:7257] AH01384: Zlib: Compressed 3245 to 907 : URL /css/home.css, referer: https://connectnow.today/
[Sun Mar 16 15:37:58.917322 2014] [ssl:debug] [pid 1542] ssl_engine_kernel.c(1891): [client 135.23.250.207:7259] AH02041: Protocol: TLSv1.2, Cipher: ECDHE-RSA-AES128-GCM-SHA256 (128/128 bits)
[Sun Mar 16 15:37:58.918420 2014] [ssl:debug] [pid 1542] ssl_engine_kernel.c(222): [client 135.23.250.207:7259] AH02034: Initial (No.1) HTTPS request received for child 15 (server connectnow.today:443), referer: https://connectnow.today/
[Sun Mar 16 15:37:58.918734 2014] [authz_core:debug] [pid 1542] mod_authz_core.c(802): [client 135.23.250.207:7259] AH01626: authorization result of Require all granted: granted, referer: https://connectnow.today/
[Sun Mar 16 15:37:58.918747 2014] [authz_core:debug] [pid 1542] mod_authz_core.c(802): [client 135.23.250.207:7259] AH01626: authorization result of <RequireAny>: granted, referer: https://connectnow.today/
[Sun Mar 16 15:37:58.919350 2014] [deflate:debug] [pid 1542] mod_deflate.c(764): [client 135.23.250.207:7259] AH01384: Zlib: Compressed 6270 to 1699 : URL /webfonts.js, referer: https://connectnow.today/
[Sun Mar 16 15:37:58.926601 2014] [ssl:debug] [pid 1515] ssl_engine_kernel.c(1891): [client 135.23.250.207:7260] AH02041: Protocol: TLSv1.2, Cipher: ECDHE-RSA-AES128-GCM-SHA256 (128/128 bits)
[Sun Mar 16 15:37:58.929750 2014] [ssl:debug] [pid 1515] ssl_engine_kernel.c(222): [client 135.23.250.207:7260] AH02034: Initial (No.1) HTTPS request received for child 4 (server connectnow.today:443), referer: https://connectnow.today/
[Sun Mar 16 15:37:58.929908 2014] [authz_core:debug] [pid 1515] mod_authz_core.c(802): [client 135.23.250.207:7260] AH01626: authorization result of Require all granted: granted, referer: https://connectnow.today/
[Sun Mar 16 15:37:58.929920 2014] [authz_core:debug] [pid 1515] mod_authz_core.c(802): [client 135.23.250.207:7260] AH01626: authorization result of <RequireAny>: granted, referer: https://connectnow.today/
[Sun Mar 16 15:37:58.931410 2014] [ssl:debug] [pid 1536] ssl_engine_kernel.c(1891): [client 135.23.250.207:7261] AH02041: Protocol: TLSv1.2, Cipher: ECDHE-RSA-AES128-GCM-SHA256 (128/128 bits)
[Sun Mar 16 15:37:58.932424 2014] [ssl:debug] [pid 1536] ssl_engine_kernel.c(222): [client 135.23.250.207:7261] AH02034: Initial (No.1) HTTPS request received for child 14 (server connectnow.today:443), referer: https://connectnow.today/
[Sun Mar 16 15:37:58.932521 2014] [authz_core:debug] [pid 1536] mod_authz_core.c(802): [client 135.23.250.207:7261] AH01626: authorization result of Require all granted: granted, referer: https://connectnow.today/
[Sun Mar 16 15:37:58.932532 2014] [authz_core:debug] [pid 1536] mod_authz_core.c(802): [client 135.23.250.207:7261] AH01626: authorization result of <RequireAny>: granted, referer: https://connectnow.today/
[Sun Mar 16 15:37:58.932930 2014] [deflate:debug] [pid 1536] mod_deflate.c(764): [client 135.23.250.207:7261] AH01384: Zlib: Compressed 7507 to 2695 : URL /js/transit.js, referer: https://connectnow.today/
[Sun Mar 16 15:37:58.933606 2014] [ssl:debug] [pid 1541] ssl_engine_kernel.c(1891): [client 135.23.250.207:7262] AH02041: Protocol: TLSv1.2, Cipher: ECDHE-RSA-AES128-GCM-SHA256 (128/128 bits)
[Sun Mar 16 15:37:58.937396 2014] [deflate:debug] [pid 1515] mod_deflate.c(764): [client 135.23.250.207:7260] AH01384: Zlib: Compressed 93107 to 32784 : URL /js/jquery.min.js, referer: https://connectnow.today/
[Sun Mar 16 15:37:58.937699 2014] [ssl:debug] [pid 1541] ssl_engine_kernel.c(222): [client 135.23.250.207:7262] AH02034: Initial (No.1) HTTPS request received for child 13 (server connectnow.today:443), referer: https://connectnow.today/
[Sun Mar 16 15:37:58.937811 2014] [authz_core:debug] [pid 1541] mod_authz_core.c(802): [client 135.23.250.207:7262] AH01626: authorization result of Require all granted: granted, referer: https://connectnow.today/
[Sun Mar 16 15:37:58.937822 2014] [authz_core:debug] [pid 1541] mod_authz_core.c(802): [client 135.23.250.207:7262] AH01626: authorization result of <RequireAny>: granted, referer: https://connectnow.today/
[Sun Mar 16 15:37:58.939001 2014] [deflate:debug] [pid 1541] mod_deflate.c(764): [client 135.23.250.207:7262] AH01384: Zlib: Compressed 27957 to 7268 : URL /js/bootstrap.min.js, referer: https://connectnow.today/
[Sun Mar 16 15:37:58.972313 2014] [ssl:debug] [pid 1540] ssl_engine_kernel.c(222): [client 135.23.250.207:7257] AH02034: Subsequent (No.5) HTTPS request received for child 7 (server connectnow.today:443), referer: https://connectnow.today/
[Sun Mar 16 15:37:58.972510 2014] [authz_core:debug] [pid 1540] mod_authz_core.c(802): [client 135.23.250.207:7257] AH01626: authorization result of Require all granted: granted, referer: https://connectnow.today/
[Sun Mar 16 15:37:58.972522 2014] [authz_core:debug] [pid 1540] mod_authz_core.c(802): [client 135.23.250.207:7257] AH01626: authorization result of <RequireAny>: granted, referer: https://connectnow.today/
[Sun Mar 16 15:37:58.979000 2014] [deflate:debug] [pid 1540] mod_deflate.c(764): [client 135.23.250.207:7257] AH01384: Zlib: Compressed 134757 to 32442 : URL /js/semantic.min.js, referer: https://connectnow.today/
[Sun Mar 16 15:37:59.001806 2014] [ssl:debug] [pid 1542] ssl_engine_kernel.c(222): [client 135.23.250.207:7259] AH02034: Subsequent (No.2) HTTPS request received for child 15 (server connectnow.today:443), referer: https://connectnow.today/
[Sun Mar 16 15:37:59.001995 2014] [authz_core:debug] [pid 1542] mod_authz_core.c(802): [client 135.23.250.207:7259] AH01626: authorization result of Require all granted: granted, referer: https://connectnow.today/
[Sun Mar 16 15:37:59.002010 2014] [authz_core:debug] [pid 1542] mod_authz_core.c(802): [client 135.23.250.207:7259] AH01626: authorization result of <RequireAny>: granted, referer: https://connectnow.today/
[Sun Mar 16 15:37:59.002494 2014] [deflate:debug] [pid 1542] mod_deflate.c(764): [client 135.23.250.207:7259] AH01384: Zlib: Compressed 16991 to 2891 : URL /img/navlogo.png, referer: https://connectnow.today/
[Sun Mar 16 15:37:59.007478 2014] [ssl:debug] [pid 1536] ssl_engine_kernel.c(222): [client 135.23.250.207:7261] AH02034: Subsequent (No.2) HTTPS request received for child 14 (server connectnow.today:443), referer: https://connectnow.today/
[Sun Mar 16 15:37:59.007633 2014] [authz_core:debug] [pid 1536] mod_authz_core.c(802): [client 135.23.250.207:7261] AH01626: authorization result of Require all granted: granted, referer: https://connectnow.today/
[Sun Mar 16 15:37:59.007645 2014] [authz_core:debug] [pid 1536] mod_authz_core.c(802): [client 135.23.250.207:7261] AH01626: authorization result of <RequireAny>: granted, referer: https://connectnow.today/
[Sun Mar 16 15:37:59.008080 2014] [deflate:debug] [pid 1536] mod_deflate.c(764): [client 135.23.250.207:7261] AH01384: Zlib: Compressed 17985 to 4576 : URL /img/banner/gcn.png, referer: https://connectnow.today/
[Sun Mar 16 15:37:59.013822 2014] [ssl:debug] [pid 1541] ssl_engine_kernel.c(222): [client 135.23.250.207:7262] AH02034: Subsequent (No.2) HTTPS request received for child 13 (server connectnow.today:443), referer: https://connectnow.today/
[Sun Mar 16 15:37:59.013995 2014] [authz_core:debug] [pid 1541] mod_authz_core.c(802): [client 135.23.250.207:7262] AH01626: authorization result of Require all granted: granted, referer: https://connectnow.today/
[Sun Mar 16 15:37:59.014011 2014] [authz_core:debug] [pid 1541] mod_authz_core.c(802): [client 135.23.250.207:7262] AH01626: authorization result of <RequireAny>: granted, referer: https://connectnow.today/
[Sun Mar 16 15:37:59.036889 2014] [ssl:debug] [pid 1520] ssl_engine_kernel.c(222): [client 135.23.250.207:7258] AH02034: Subsequent (No.3) HTTPS request received for child 6 (server connectnow.today:443), referer: https://connectnow.today/
[Sun Mar 16 15:37:59.037086 2014] [authz_core:debug] [pid 1520] mod_authz_core.c(802): [client 135.23.250.207:7258] AH01626: authorization result of Require all granted: granted, referer: https://connectnow.today/
[Sun Mar 16 15:37:59.037097 2014] [authz_core:debug] [pid 1520] mod_authz_core.c(802): [client 135.23.250.207:7258] AH01626: authorization result of <RequireAny>: granted, referer: https://connectnow.today/
[Sun Mar 16 15:37:59.037563 2014] [deflate:debug] [pid 1520] mod_deflate.c(764): [client 135.23.250.207:7258] AH01384: Zlib: Compressed 16551 to 3223 : URL /img/home/bubbles/browse.png, referer: https://connectnow.today/
[Sun Mar 16 15:37:59.078556 2014] [ssl:debug] [pid 1542] ssl_engine_kernel.c(222): [client 135.23.250.207:7259] AH02034: Subsequent (No.3) HTTPS request received for child 15 (server connectnow.today:443), referer: https://connectnow.today/
[Sun Mar 16 15:37:59.078789 2014] [authz_core:debug] [pid 1542] mod_authz_core.c(802): [client 135.23.250.207:7259] AH01626: authorization result of Require all granted: granted, referer: https://connectnow.today/
[Sun Mar 16 15:37:59.078803 2014] [authz_core:debug] [pid 1542] mod_authz_core.c(802): [client 135.23.250.207:7259] AH01626: authorization result of <RequireAny>: granted, referer: https://connectnow.today/
[Sun Mar 16 15:37:59.097887 2014] [deflate:debug] [pid 1542] mod_deflate.c(764): [client 135.23.250.207:7259] AH01384: Zlib: Compressed 197829 to 55534 : URL /fonts/icons.svg, referer: https://connectnow.today/
[Sun Mar 16 15:37:59.104486 2014] [ssl:debug] [pid 1520] ssl_engine_kernel.c(222): [client 135.23.250.207:7258] AH02034: Subsequent (No.4) HTTPS request received for child 6 (server connectnow.today:443), referer: https://connectnow.today/
[Sun Mar 16 15:37:59.104670 2014] [authz_core:debug] [pid 1520] mod_authz_core.c(802): [client 135.23.250.207:7258] AH01626: authorization result of Require all granted: granted, referer: https://connectnow.today/
[Sun Mar 16 15:37:59.104683 2014] [authz_core:debug] [pid 1520] mod_authz_core.c(802): [client 135.23.250.207:7258] AH01626: authorization result of <RequireAny>: granted, referer: https://connectnow.today/
[Sun Mar 16 15:37:59.105469 2014] [deflate:debug] [pid 1520] mod_deflate.c(764): [client 135.23.250.207:7258] AH01384: Zlib: Compressed 23292 to 23072 : URL /fonts/glyphicons-halflings-regular.woff, referer: https://connectnow.today/
[Sun Mar 16 15:37:59.115280 2014] [ssl:debug] [pid 1540] ssl_engine_kernel.c(222): [client 135.23.250.207:7257] AH02034: Subsequent (No.6) HTTPS request received for child 7 (server connectnow.today:443), referer: https://connectnow.today/
[Sun Mar 16 15:37:59.115413 2014] [authz_core:debug] [pid 1540] mod_authz_core.c(802): [client 135.23.250.207:7257] AH01626: authorization result of Require all granted: granted, referer: https://connectnow.today/
[Sun Mar 16 15:37:59.115424 2014] [authz_core:debug] [pid 1540] mod_authz_core.c(802): [client 135.23.250.207:7257] AH01626: authorization result of <RequireAny>: granted, referer: https://connectnow.today/
[Sun Mar 16 15:37:59.117522 2014] [deflate:debug] [pid 1540] mod_deflate.c(764): [client 135.23.250.207:7257] AH01384: Zlib: Compressed 61024 to 60977 : URL /webfonts/2964B3_0_0.woff, referer: https://connectnow.today/
[Sun Mar 16 15:37:59.254885 2014] [ssl:debug] [pid 1515] ssl_engine_kernel.c(222): [client 135.23.250.207:7260] AH02034: Subsequent (No.2) HTTPS request received for child 4 (server connectnow.today:443), referer: https://connectnow.today/
[Sun Mar 16 15:37:59.255109 2014] [authz_core:debug] [pid 1515] mod_authz_core.c(802): [client 135.23.250.207:7260] AH01626: authorization result of Require all granted: granted, referer: https://connectnow.today/
[Sun Mar 16 15:37:59.255121 2014] [authz_core:debug] [pid 1515] mod_authz_core.c(802): [client 135.23.250.207:7260] AH01626: authorization result of <RequireAny>: granted, referer: https://connectnow.today/
[Sun Mar 16 15:37:59.325615 2014] [ssl:debug] [pid 1542] ssl_engine_kernel.c(222): [client 135.23.250.207:7259] AH02034: Subsequent (No.4) HTTPS request received for child 15 (server connectnow.today:443), referer: https://connectnow.today/
[Sun Mar 16 15:37:59.325878 2014] [authz_core:debug] [pid 1542] mod_authz_core.c(802): [client 135.23.250.207:7259] AH01626: authorization result of Require all granted: granted, referer: https://connectnow.today/
[Sun Mar 16 15:37:59.325891 2014] [authz_core:debug] [pid 1542] mod_authz_core.c(802): [client 135.23.250.207:7259] AH01626: authorization result of <RequireAny>: granted, referer: https://connectnow.today/
[Sun Mar 16 15:37:59.326356 2014] [deflate:debug] [pid 1542] mod_deflate.c(764): [client 135.23.250.207:7259] AH01384: Zlib: Compressed 16459 to 3120 : URL /img/home/bubbles/share.png, referer: https://connectnow.today/
[Sun Mar 16 15:37:59.329203 2014] [ssl:debug] [pid 1540] ssl_engine_kernel.c(222): [client 135.23.250.207:7257] AH02034: Subsequent (No.7) HTTPS request received for child 7 (server connectnow.today:443), referer: https://connectnow.today/
[Sun Mar 16 15:37:59.329315 2014] [authz_core:debug] [pid 1540] mod_authz_core.c(802): [client 135.23.250.207:7257] AH01626: authorization result of Require all granted: granted, referer: https://connectnow.today/
[Sun Mar 16 15:37:59.329339 2014] [authz_core:debug] [pid 1540] mod_authz_core.c(802): [client 135.23.250.207:7257] AH01626: authorization result of <RequireAny>: granted, referer: https://connectnow.today/
[Sun Mar 16 15:37:59.379664 2014] [ssl:debug] [pid 1520] ssl_engine_kernel.c(222): [client 135.23.250.207:7258] AH02034: Subsequent (No.5) HTTPS request received for child 6 (server connectnow.today:443), referer: https://connectnow.today/
[Sun Mar 16 15:37:59.379858 2014] [authz_core:debug] [pid 1520] mod_authz_core.c(802): [client 135.23.250.207:7258] AH01626: authorization result of Require all granted: granted, referer: https://connectnow.today/
[Sun Mar 16 15:37:59.379869 2014] [authz_core:debug] [pid 1520] mod_authz_core.c(802): [client 135.23.250.207:7258] AH01626: authorization result of <RequireAny>: granted, referer: https://connectnow.today/
[Sun Mar 16 15:37:59.380306 2014] [deflate:debug] [pid 1520] mod_deflate.c(764): [client 135.23.250.207:7258] AH01384: Zlib: Compressed 16319 to 2975 : URL /img/home/bubbles/commit.png, referer: https://connectnow.today/
[Sun Mar 16 15:37:59.386633 2014] [ssl:debug] [pid 1542] ssl_engine_kernel.c(222): [client 135.23.250.207:7259] AH02034: Subsequent (No.5) HTTPS request received for child 15 (server connectnow.today:443), referer: https://connectnow.today/
[Sun Mar 16 15:37:59.386790 2014] [authz_core:debug] [pid 1542] mod_authz_core.c(802): [client 135.23.250.207:7259] AH01626: authorization result of Require all granted: granted, referer: https://connectnow.today/
[Sun Mar 16 15:37:59.386802 2014] [authz_core:debug] [pid 1542] mod_authz_core.c(802): [client 135.23.250.207:7259] AH01626: authorization result of <RequireAny>: granted, referer: https://connectnow.today/
[Sun Mar 16 15:37:59.387253 2014] [deflate:debug] [pid 1542] mod_deflate.c(764): [client 135.23.250.207:7259] AH01384: Zlib: Compressed 16840 to 3509 : URL /img/home/bubbles/track.png, referer: https://connectnow.today/
[Sun Mar 16 15:37:59.445133 2014] [ssl:debug] [pid 1520] ssl_engine_kernel.c(222): [client 135.23.250.207:7258] AH02034: Subsequent (No.6) HTTPS request received for child 6 (server connectnow.today:443), referer: https://connectnow.today/
[Sun Mar 16 15:37:59.445322 2014] [authz_core:debug] [pid 1520] mod_authz_core.c(802): [client 135.23.250.207:7258] AH01626: authorization result of Require all granted: granted, referer: https://connectnow.today/
[Sun Mar 16 15:37:59.445334 2014] [authz_core:debug] [pid 1520] mod_authz_core.c(802): [client 135.23.250.207:7258] AH01626: authorization result of <RequireAny>: granted, referer: https://connectnow.today/
[Sun Mar 16 15:37:59.446847 2014] [deflate:debug] [pid 1520] mod_deflate.c(764): [client 135.23.250.207:7258] AH01384: Zlib: Compressed 43572 to 43550 : URL /fonts/icons.woff, referer: https://connectnow.today/
[Sun Mar 16 15:37:59.457530 2014] [ssl:debug] [pid 1542] ssl_engine_kernel.c(222): [client 135.23.250.207:7259] AH02034: Subsequent (No.6) HTTPS request received for child 15 (server connectnow.today:443), referer: https://connectnow.today/
[Sun Mar 16 15:37:59.457659 2014] [authz_core:debug] [pid 1542] mod_authz_core.c(802): [client 135.23.250.207:7259] AH01626: authorization result of Require all granted: granted, referer: https://connectnow.today/
[Sun Mar 16 15:37:59.457670 2014] [authz_core:debug] [pid 1542] mod_authz_core.c(802): [client 135.23.250.207:7259] AH01626: authorization result of <RequireAny>: granted, referer: https://connectnow.today/
[Sun Mar 16 15:37:59.458038 2014] [deflate:debug] [pid 1542] mod_deflate.c(764): [client 135.23.250.207:7259] AH01384: Zlib: Compressed 14950 to 1098 : URL /img/30perc.png, referer: https://connectnow.today/
[Sun Mar 16 15:37:59.529427 2014] [ssl:debug] [pid 1542] ssl_engine_kernel.c(222): [client 135.23.250.207:7259] AH02034: Subsequent (No.7) HTTPS request received for child 15 (server connectnow.today:443), referer: https://connectnow.today/
[Sun Mar 16 15:37:59.529612 2014] [authz_core:debug] [pid 1542] mod_authz_core.c(802): [client 135.23.250.207:7259] AH01626: authorization result of Require all granted: granted, referer: https://connectnow.today/
[Sun Mar 16 15:37:59.529640 2014] [authz_core:debug] [pid 1542] mod_authz_core.c(802): [client 135.23.250.207:7259] AH01626: authorization result of <RequireAny>: granted, referer: https://connectnow.today/
[Sun Mar 16 15:37:59.530561 2014] [deflate:debug] [pid 1542] mod_deflate.c(764): [client 135.23.250.207:7259] AH01384: Zlib: Compressed 19553 to 12276 : URL /img/home/ready.jpg, referer: https://connectnow.today/
[Sun Mar 16 15:37:59.533661 2014] [ssl:debug] [pid 1536] ssl_engine_kernel.c(222): [client 135.23.250.207:7261] AH02034: Subsequent (No.3) HTTPS request received for child 14 (server connectnow.today:443), referer: https://connectnow.today/
[Sun Mar 16 15:37:59.533810 2014] [authz_core:debug] [pid 1536] mod_authz_core.c(802): [client 135.23.250.207:7261] AH01626: authorization result of Require all granted: granted, referer: https://connectnow.today/
[Sun Mar 16 15:37:59.533821 2014] [authz_core:debug] [pid 1536] mod_authz_core.c(802): [client 135.23.250.207:7261] AH01626: authorization result of <RequireAny>: granted, referer: https://connectnow.today/
[Sun Mar 16 15:37:59.534165 2014] [deflate:debug] [pid 1536] mod_deflate.c(764): [client 135.23.250.207:7261] AH01384: Zlib: Compressed 14950 to 1104 : URL /img/searchbg.png, referer: https://connectnow.today/
[Sun Mar 16 15:37:59.589470 2014] [ssl:debug] [pid 1542] ssl_engine_kernel.c(222): [client 135.23.250.207:7259] AH02034: Subsequent (No.8) HTTPS request received for child 15 (server connectnow.today:443), referer: https://connectnow.today/
[Sun Mar 16 15:37:59.589845 2014] [authz_core:debug] [pid 1542] mod_authz_core.c(802): [client 135.23.250.207:7259] AH01626: authorization result of Require all granted: granted, referer: https://connectnow.today/
[Sun Mar 16 15:37:59.589859 2014] [authz_core:debug] [pid 1542] mod_authz_core.c(802): [client 135.23.250.207:7259] AH01626: authorization result of <RequireAny>: granted, referer: https://connectnow.today/
[Sun Mar 16 15:37:59.590276 2014] [deflate:debug] [pid 1542] mod_deflate.c(764): [client 135.23.250.207:7259] AH01384: Zlib: Compressed 14950 to 1102 : URL /img/trans.png, referer: https://connectnow.today/
[Sun Mar 16 15:37:59.669382 2014] [ssl:debug] [pid 1542] ssl_engine_kernel.c(222): [client 135.23.250.207:7259] AH02034: Subsequent (No.9) HTTPS request received for child 15 (server connectnow.today:443), referer: https://connectnow.today/
[Sun Mar 16 15:37:59.669587 2014] [authz_core:debug] [pid 1542] mod_authz_core.c(802): [client 135.23.250.207:7259] AH01626: authorization result of Require all granted: granted, referer: https://connectnow.today/
[Sun Mar 16 15:37:59.669600 2014] [authz_core:debug] [pid 1542] mod_authz_core.c(802): [client 135.23.250.207:7259] AH01626: authorization result of <RequireAny>: granted, referer: https://connectnow.today/
[Sun Mar 16 15:37:59.670141 2014] [deflate:debug] [pid 1542] mod_deflate.c(764): [client 135.23.250.207:7259] AH01384: Zlib: Compressed 16991 to 2891 : URL /img/navlogo.png, referer: https://connectnow.today/
[Sun Mar 16 15:37:59.670607 2014] [ssl:debug] [pid 1536] ssl_engine_kernel.c(222): [client 135.23.250.207:7261] AH02034: Subsequent (No.4) HTTPS request received for child 14 (server connectnow.today:443), referer: https://connectnow.today/
[Sun Mar 16 15:37:59.670739 2014] [authz_core:debug] [pid 1536] mod_authz_core.c(802): [client 135.23.250.207:7261] AH01626: authorization result of Require all granted: granted, referer: https://connectnow.today/
[Sun Mar 16 15:37:59.670753 2014] [authz_core:debug] [pid 1536] mod_authz_core.c(802): [client 135.23.250.207:7261] AH01626: authorization result of <RequireAny>: granted, referer: https://connectnow.today/
[Sun Mar 16 15:37:59.671165 2014] [deflate:debug] [pid 1536] mod_deflate.c(764): [client 135.23.250.207:7261] AH01384: Zlib: Compressed 17985 to 4576 : URL /img/banner/gcn.png, referer: https://connectnow.today/
[Sun Mar 16 15:37:59.720743 2014] [ssl:debug] [pid 1542] ssl_engine_kernel.c(222): [client 135.23.250.207:7259] AH02034: Subsequent (No.10) HTTPS request received for child 15 (server connectnow.today:443), referer: https://connectnow.today/
[Sun Mar 16 15:37:59.720967 2014] [authz_core:debug] [pid 1542] mod_authz_core.c(802): [client 135.23.250.207:7259] AH01626: authorization result of Require all granted: granted, referer: https://connectnow.today/
[Sun Mar 16 15:37:59.720983 2014] [authz_core:debug] [pid 1542] mod_authz_core.c(802): [client 135.23.250.207:7259] AH01626: authorization result of <RequireAny>: granted, referer: https://connectnow.today/
[Sun Mar 16 15:37:59.721469 2014] [deflate:debug] [pid 1542] mod_deflate.c(764): [client 135.23.250.207:7259] AH01384: Zlib: Compressed 16551 to 3223 : URL /img/home/bubbles/browse.png, referer: https://connectnow.today/
[Sun Mar 16 15:37:59.769907 2014] [ssl:debug] [pid 1536] ssl_engine_kernel.c(222): [client 135.23.250.207:7261] AH02034: Subsequent (No.5) HTTPS request received for child 14 (server connectnow.today:443), referer: https://connectnow.today/
[Sun Mar 16 15:37:59.770162 2014] [authz_core:debug] [pid 1536] mod_authz_core.c(802): [client 135.23.250.207:7261] AH01626: authorization result of Require all granted: granted, referer: https://connectnow.today/
[Sun Mar 16 15:37:59.770180 2014] [authz_core:debug] [pid 1536] mod_authz_core.c(802): [client 135.23.250.207:7261] AH01626: authorization result of <RequireAny>: granted, referer: https://connectnow.today/
[Sun Mar 16 15:37:59.770630 2014] [deflate:debug] [pid 1536] mod_deflate.c(764): [client 135.23.250.207:7261] AH01384: Zlib: Compressed 16319 to 2975 : URL /img/home/bubbles/commit.png, referer: https://connectnow.today/
[Sun Mar 16 15:37:59.772678 2014] [ssl:debug] [pid 1542] ssl_engine_kernel.c(222): [client 135.23.250.207:7259] AH02034: Subsequent (No.11) HTTPS request received for child 15 (server connectnow.today:443), referer: https://connectnow.today/
[Sun Mar 16 15:37:59.772785 2014] [authz_core:debug] [pid 1542] mod_authz_core.c(802): [client 135.23.250.207:7259] AH01626: authorization result of Require all granted: granted, referer: https://connectnow.today/
[Sun Mar 16 15:37:59.772795 2014] [authz_core:debug] [pid 1542] mod_authz_core.c(802): [client 135.23.250.207:7259] AH01626: authorization result of <RequireAny>: granted, referer: https://connectnow.today/
[Sun Mar 16 15:37:59.773221 2014] [deflate:debug] [pid 1542] mod_deflate.c(764): [client 135.23.250.207:7259] AH01384: Zlib: Compressed 16840 to 3509 : URL /img/home/bubbles/track.png, referer: https://connectnow.today/
[Sun Mar 16 15:37:59.821064 2014] [ssl:debug] [pid 1536] ssl_engine_kernel.c(222): [client 135.23.250.207:7261] AH02034: Subsequent (No.6) HTTPS request received for child 14 (server connectnow.today:443), referer: https://connectnow.today/
[Sun Mar 16 15:37:59.821238 2014] [authz_core:debug] [pid 1536] mod_authz_core.c(802): [client 135.23.250.207:7261] AH01626: authorization result of Require all granted: granted, referer: https://connectnow.today/
[Sun Mar 16 15:37:59.821249 2014] [authz_core:debug] [pid 1536] mod_authz_core.c(802): [client 135.23.250.207:7261] AH01626: authorization result of <RequireAny>: granted, referer: https://connectnow.today/
[Sun Mar 16 15:37:59.821751 2014] [deflate:debug] [pid 1536] mod_deflate.c(764): [client 135.23.250.207:7261] AH01384: Zlib: Compressed 16459 to 3120 : URL /img/home/bubbles/share.png, referer: https://connectnow.today/
[Sun Mar 16 15:37:59.874302 2014] [deflate:debug] [pid 1540] mod_deflate.c(764): [client 135.23.250.207:7257] AH01384: Zlib: Compressed 605852 to 595721 : URL /img/banner/banner2.jpg, referer: https://connectnow.today/
[Sun Mar 16 15:38:00.973323 2014] [deflate:debug] [pid 1541] mod_deflate.c(764): [client 135.23.250.207:7262] AH01384: Zlib: Compressed 785347 to 769800 : URL /img/banner/banner1.jpg, referer: https://connectnow.today/
[Sun Mar 16 15:38:01.143617 2014] [deflate:debug] [pid 1515] mod_deflate.c(764): [client 135.23.250.207:7260] AH01384: Zlib: Compressed 714361 to 699867 : URL /img/banner/banner3.jpg, referer: https://connectnow.today/
[Sun Mar 16 15:38:04.452808 2014] [reqtimeout:info] [pid 1520] [client 135.23.250.207:7258] AH01382: Request header read timeout
[Sun Mar 16 15:38:04.452902 2014] [ssl:info] [pid 1520] (70007)The timeout specified has expired: [client 135.23.250.207:7258] AH01991: SSL input filter read failed.
[Sun Mar 16 15:38:04.452977 2014] [ssl:debug] [pid 1520] ssl_engine_io.c(991): [client 135.23.250.207:7258] AH02001: Connection closed to child 6 with standard shutdown (server connectnow.today:443)
[Sun Mar 16 15:38:04.778508 2014] [reqtimeout:info] [pid 1542] [client 135.23.250.207:7259] AH01382: Request header read timeout
[Sun Mar 16 15:38:04.778590 2014] [ssl:info] [pid 1542] (70007)The timeout specified has expired: [client 135.23.250.207:7259] AH01991: SSL input filter read failed.
[Sun Mar 16 15:38:04.778656 2014] [ssl:debug] [pid 1542] ssl_engine_io.c(991): [client 135.23.250.207:7259] AH02001: Connection closed to child 15 with standard shutdown (server connectnow.today:443)
[Sun Mar 16 15:38:04.826990 2014] [reqtimeout:info] [pid 1536] [client 135.23.250.207:7261] AH01382: Request header read timeout
[Sun Mar 16 15:38:04.827069 2014] [ssl:info] [pid 1536] (70007)The timeout specified has expired: [client 135.23.250.207:7261] AH01991: SSL input filter read failed.
[Sun Mar 16 15:38:04.827134 2014] [ssl:debug] [pid 1536] ssl_engine_io.c(991): [client 135.23.250.207:7261] AH02001: Connection closed to child 14 with standard shutdown (server connectnow.today:443)
[Sun Mar 16 15:38:04.884228 2014] [reqtimeout:info] [pid 1540] [client 135.23.250.207:7257] AH01382: Request header read timeout
[Sun Mar 16 15:38:04.884306 2014] [ssl:info] [pid 1540] (70007)The timeout specified has expired: [client 135.23.250.207:7257] AH01991: SSL input filter read failed.
[Sun Mar 16 15:38:04.884371 2014] [ssl:debug] [pid 1540] ssl_engine_io.c(991): [client 135.23.250.207:7257] AH02001: Connection closed to child 7 with standard shutdown (server connectnow.today:443)
[Sun Mar 16 15:38:06.257916 2014] [reqtimeout:info] [pid 1541] [client 135.23.250.207:7262] AH01382: Request header read timeout
[Sun Mar 16 15:38:06.257991 2014] [ssl:info] [pid 1541] (70007)The timeout specified has expired: [client 135.23.250.207:7262] AH01991: SSL input filter read failed.
[Sun Mar 16 15:38:06.258046 2014] [ssl:debug] [pid 1541] ssl_engine_io.c(991): [client 135.23.250.207:7262] AH02001: Connection closed to child 13 with standard shutdown (server connectnow.today:443)
[Sun Mar 16 15:38:06.296174 2014] [reqtimeout:info] [pid 1515] [client 135.23.250.207:7260] AH01382: Request header read timeout
[Sun Mar 16 15:38:06.296247 2014] [ssl:info] [pid 1515] (70007)The timeout specified has expired: [client 135.23.250.207:7260] AH01991: SSL input filter read failed.
[Sun Mar 16 15:38:06.296303 2014] [ssl:debug] [pid 1515] ssl_engine_io.c(991): [client 135.23.250.207:7260] AH02001: Connection closed to child 4 with standard shutdown (server connectnow.today:443)
[Sun Mar 16 15:38:25.778556 2014] [ssl:info] [pid 1523] [client 135.23.250.207:7271] AH01964: Connection to child 9 established (server connectnow.today:443)
[Sun Mar 16 15:38:25.779068 2014] [ssl:debug] [pid 1523] ssl_engine_kernel.c(1958): [client 135.23.250.207:7271] AH02043: SSL virtual host for servername connectnow.today found
[Sun Mar 16 15:38:25.782735 2014] [ssl:info] [pid 1552] [client 135.23.250.207:7272] AH01964: Connection to child 0 established (server connectnow.today:443)
[Sun Mar 16 15:38:25.783193 2014] [ssl:debug] [pid 1552] ssl_engine_kernel.c(1958): [client 135.23.250.207:7272] AH02043: SSL virtual host for servername connectnow.today found
[Sun Mar 16 15:38:25.826664 2014] [ssl:debug] [pid 1523] ssl_engine_kernel.c(1891): [client 135.23.250.207:7271] AH02041: Protocol: TLSv1.2, Cipher: ECDHE-RSA-AES128-GCM-SHA256 (128/128 bits)
[Sun Mar 16 15:38:25.826838 2014] [ssl:debug] [pid 1523] ssl_engine_kernel.c(222): [client 135.23.250.207:7271] AH02034: Initial (No.1) HTTPS request received for child 9 (server connectnow.today:443)
[Sun Mar 16 15:38:25.827000 2014] [authz_core:debug] [pid 1523] mod_authz_core.c(802): [client 135.23.250.207:7271] AH01626: authorization result of Require all granted: granted
[Sun Mar 16 15:38:25.827029 2014] [authz_core:debug] [pid 1523] mod_authz_core.c(802): [client 135.23.250.207:7271] AH01626: authorization result of <RequireAny>: granted
[Sun Mar 16 15:38:25.827128 2014] [authz_core:debug] [pid 1523] mod_authz_core.c(802): [client 135.23.250.207:7271] AH01626: authorization result of Require all granted: granted
[Sun Mar 16 15:38:25.827138 2014] [authz_core:debug] [pid 1523] mod_authz_core.c(802): [client 135.23.250.207:7271] AH01626: authorization result of <RequireAny>: granted
[Sun Mar 16 15:38:25.827375 2014] [authz_core:debug] [pid 1523] mod_authz_core.c(802): [client 135.23.250.207:7271] AH01626: authorization result of Require all granted: granted
[Sun Mar 16 15:38:25.827387 2014] [authz_core:debug] [pid 1523] mod_authz_core.c(802): [client 135.23.250.207:7271] AH01626: authorization result of <RequireAny>: granted
[Sun Mar 16 15:38:25.831429 2014] [ssl:debug] [pid 1552] ssl_engine_kernel.c(1891): [client 135.23.250.207:7272] AH02041: Protocol: TLSv1.2, Cipher: ECDHE-RSA-AES128-GCM-SHA256 (128/128 bits)
[Sun Mar 16 15:38:25.981715 2014] [deflate:debug] [pid 1523] mod_deflate.c(764): [client 135.23.250.207:7271] AH01384: Zlib: Compressed 30593 to 7099 : URL /index.php
[Sun Mar 16 15:38:26.120610 2014] [ssl:debug] [pid 1523] ssl_engine_kernel.c(222): [client 135.23.250.207:7271] AH02034: Subsequent (No.2) HTTPS request received for child 9 (server connectnow.today:443), referer: https://connectnow.today/
[Sun Mar 16 15:38:26.120837 2014] [authz_core:debug] [pid 1523] mod_authz_core.c(802): [client 135.23.250.207:7271] AH01626: authorization result of Require all granted: granted, referer: https://connectnow.today/
[Sun Mar 16 15:38:26.120850 2014] [authz_core:debug] [pid 1523] mod_authz_core.c(802): [client 135.23.250.207:7271] AH01626: authorization result of <RequireAny>: granted, referer: https://connectnow.today/
[Sun Mar 16 15:38:26.123293 2014] [deflate:debug] [pid 1523] mod_deflate.c(764): [client 135.23.250.207:7271] AH01384: Zlib: Compressed 56500 to 11006 : URL /css/bootstrap.min.css, referer: https://connectnow.today/
[Sun Mar 16 15:38:26.127844 2014] [ssl:debug] [pid 1552] ssl_engine_kernel.c(222): [client 135.23.250.207:7272] AH02034: Initial (No.1) HTTPS request received for child 0 (server connectnow.today:443), referer: https://connectnow.today/
[Sun Mar 16 15:38:26.128133 2014] [authz_core:debug] [pid 1552] mod_authz_core.c(802): [client 135.23.250.207:7272] AH01626: authorization result of Require all granted: granted, referer: https://connectnow.today/
[Sun Mar 16 15:38:26.128146 2014] [authz_core:debug] [pid 1552] mod_authz_core.c(802): [client 135.23.250.207:7272] AH01626: authorization result of <RequireAny>: granted, referer: https://connectnow.today/
[Sun Mar 16 15:38:26.128920 2014] [deflate:debug] [pid 1552] mod_deflate.c(764): [client 135.23.250.207:7272] AH01384: Zlib: Compressed 15035 to 2474 : URL /css/elusive-webfont.css, referer: https://connectnow.today/
[Sun Mar 16 15:38:26.174651 2014] [ssl:debug] [pid 1523] ssl_engine_kernel.c(222): [client 135.23.250.207:7271] AH02034: Subsequent (No.3) HTTPS request received for child 9 (server connectnow.today:443), referer: https://connectnow.today/
[Sun Mar 16 15:38:26.174899 2014] [authz_core:debug] [pid 1523] mod_authz_core.c(802): [client 135.23.250.207:7271] AH01626: authorization result of Require all granted: granted, referer: https://connectnow.today/
[Sun Mar 16 15:38:26.174913 2014] [authz_core:debug] [pid 1523] mod_authz_core.c(802): [client 135.23.250.207:7271] AH01626: authorization result of <RequireAny>: granted, referer: https://connectnow.today/
[Sun Mar 16 15:38:26.185569 2014] [deflate:debug] [pid 1523] mod_deflate.c(764): [client 135.23.250.207:7271] AH01384: Zlib: Compressed 221232 to 35103 : URL /css/semantic.min.css, referer: https://connectnow.today/
[Sun Mar 16 15:38:26.188972 2014] [ssl:info] [pid 1539] [client 135.23.250.207:7273] AH01964: Connection to child 3 established (server connectnow.today:443)
[Sun Mar 16 15:38:26.189299 2014] [ssl:debug] [pid 1539] ssl_engine_kernel.c(1958): [client 135.23.250.207:7273] AH02043: SSL virtual host for servername connectnow.today found
[Sun Mar 16 15:38:26.189597 2014] [ssl:debug] [pid 1552] ssl_engine_kernel.c(222): [client 135.23.250.207:7272] AH02034: Subsequent (No.2) HTTPS request received for child 0 (server connectnow.today:443), referer: https://connectnow.today/
[Sun Mar 16 15:38:26.189747 2014] [authz_core:debug] [pid 1552] mod_authz_core.c(802): [client 135.23.250.207:7272] AH01626: authorization result of Require all granted: granted, referer: https://connectnow.today/
[Sun Mar 16 15:38:26.189760 2014] [authz_core:debug] [pid 1552] mod_authz_core.c(802): [client 135.23.250.207:7272] AH01626: authorization result of <RequireAny>: granted, referer: https://connectnow.today/
[Sun Mar 16 15:38:26.190275 2014] [deflate:debug] [pid 1552] mod_deflate.c(764): [client 135.23.250.207:7272] AH01384: Zlib: Compressed 9261 to 2198 : URL /css/main.css, referer: https://connectnow.today/
[Sun Mar 16 15:38:26.193118 2014] [ssl:info] [pid 1519] [client 135.23.250.207:7274] AH01964: Connection to child 5 established (server connectnow.today:443)
[Sun Mar 16 15:38:26.193505 2014] [ssl:debug] [pid 1519] ssl_engine_kernel.c(1958): [client 135.23.250.207:7274] AH02043: SSL virtual host for servername connectnow.today found
[Sun Mar 16 15:38:26.193697 2014] [ssl:info] [pid 1520] [client 135.23.250.207:7276] AH01964: Connection to child 6 established (server connectnow.today:443)
[Sun Mar 16 15:38:26.193929 2014] [ssl:debug] [pid 1520] ssl_engine_kernel.c(1958): [client 135.23.250.207:7276] AH02043: SSL virtual host for servername connectnow.today found
[Sun Mar 16 15:38:26.194342 2014] [ssl:info] [pid 1542] [client 135.23.250.207:7275] AH01964: Connection to child 15 established (server connectnow.today:443)
[Sun Mar 16 15:38:26.194570 2014] [ssl:debug] [pid 1542] ssl_engine_kernel.c(1958): [client 135.23.250.207:7275] AH02043: SSL virtual host for servername connectnow.today found
[Sun Mar 16 15:38:26.241818 2014] [ssl:debug] [pid 1552] ssl_engine_kernel.c(222): [client 135.23.250.207:7272] AH02034: Subsequent (No.3) HTTPS request received for child 0 (server connectnow.today:443), referer: https://connectnow.today/
[Sun Mar 16 15:38:26.242035 2014] [authz_core:debug] [pid 1552] mod_authz_core.c(802): [client 135.23.250.207:7272] AH01626: authorization result of Require all granted: granted, referer: https://connectnow.today/
[Sun Mar 16 15:38:26.242049 2014] [authz_core:debug] [pid 1552] mod_authz_core.c(802): [client 135.23.250.207:7272] AH01626: authorization result of <RequireAny>: granted, referer: https://connectnow.today/
[Sun Mar 16 15:38:26.242358 2014] [deflate:debug] [pid 1552] mod_deflate.c(764): [client 135.23.250.207:7272] AH01384: Zlib: Compressed 3245 to 907 : URL /css/home.css, referer: https://connectnow.today/
[Sun Mar 16 15:38:26.248094 2014] [ssl:debug] [pid 1542] ssl_engine_kernel.c(1891): [client 135.23.250.207:7275] AH02041: Protocol: TLSv1.2, Cipher: ECDHE-RSA-AES128-GCM-SHA256 (128/128 bits)
[Sun Mar 16 15:38:26.248210 2014] [ssl:debug] [pid 1542] ssl_engine_kernel.c(222): [client 135.23.250.207:7275] AH02034: Initial (No.1) HTTPS request received for child 15 (server connectnow.today:443), referer: https://connectnow.today/
[Sun Mar 16 15:38:26.248318 2014] [authz_core:debug] [pid 1542] mod_authz_core.c(802): [client 135.23.250.207:7275] AH01626: authorization result of Require all granted: granted, referer: https://connectnow.today/
[Sun Mar 16 15:38:26.248330 2014] [authz_core:debug] [pid 1542] mod_authz_core.c(802): [client 135.23.250.207:7275] AH01626: authorization result of <RequireAny>: granted, referer: https://connectnow.today/
[Sun Mar 16 15:38:26.248824 2014] [deflate:debug] [pid 1542] mod_deflate.c(764): [client 135.23.250.207:7275] AH01384: Zlib: Compressed 7507 to 2695 : URL /js/transit.js, referer: https://connectnow.today/
[Sun Mar 16 15:38:26.249138 2014] [ssl:debug] [pid 1539] ssl_engine_kernel.c(1891): [client 135.23.250.207:7273] AH02041: Protocol: TLSv1.2, Cipher: ECDHE-RSA-AES128-GCM-SHA256 (128/128 bits)
[Sun Mar 16 15:38:26.249276 2014] [ssl:debug] [pid 1519] ssl_engine_kernel.c(1891): [client 135.23.250.207:7274] AH02041: Protocol: TLSv1.2, Cipher: ECDHE-RSA-AES128-GCM-SHA256 (128/128 bits)
[Sun Mar 16 15:38:26.249343 2014] [ssl:debug] [pid 1519] ssl_engine_kernel.c(222): [client 135.23.250.207:7274] AH02034: Initial (No.1) HTTPS request received for child 5 (server connectnow.today:443), referer: https://connectnow.today/
[Sun Mar 16 15:38:26.249441 2014] [authz_core:debug] [pid 1519] mod_authz_core.c(802): [client 135.23.250.207:7274] AH01626: authorization result of Require all granted: granted, referer: https://connectnow.today/
[Sun Mar 16 15:38:26.249453 2014] [authz_core:debug] [pid 1519] mod_authz_core.c(802): [client 135.23.250.207:7274] AH01626: authorization result of <RequireAny>: granted, referer: https://connectnow.today/
[Sun Mar 16 15:38:26.253564 2014] [ssl:debug] [pid 1539] ssl_engine_kernel.c(222): [client 135.23.250.207:7273] AH02034: Initial (No.1) HTTPS request received for child 3 (server connectnow.today:443), referer: https://connectnow.today/
[Sun Mar 16 15:38:26.253799 2014] [authz_core:debug] [pid 1539] mod_authz_core.c(802): [client 135.23.250.207:7273] AH01626: authorization result of Require all granted: granted, referer: https://connectnow.today/
[Sun Mar 16 15:38:26.253813 2014] [authz_core:debug] [pid 1539] mod_authz_core.c(802): [client 135.23.250.207:7273] AH01626: authorization result of <RequireAny>: granted, referer: https://connectnow.today/
[Sun Mar 16 15:38:26.254328 2014] [deflate:debug] [pid 1539] mod_deflate.c(764): [client 135.23.250.207:7273] AH01384: Zlib: Compressed 6270 to 1699 : URL /webfonts.js, referer: https://connectnow.today/
[Sun Mar 16 15:38:26.254660 2014] [ssl:debug] [pid 1520] ssl_engine_kernel.c(1891): [client 135.23.250.207:7276] AH02041: Protocol: TLSv1.2, Cipher: ECDHE-RSA-AES128-GCM-SHA256 (128/128 bits)
[Sun Mar 16 15:38:26.254772 2014] [ssl:debug] [pid 1520] ssl_engine_kernel.c(222): [client 135.23.250.207:7276] AH02034: Initial (No.1) HTTPS request received for child 6 (server connectnow.today:443), referer: https://connectnow.today/
[Sun Mar 16 15:38:26.254877 2014] [authz_core:debug] [pid 1520] mod_authz_core.c(802): [client 135.23.250.207:7276] AH01626: authorization result of Require all granted: granted, referer: https://connectnow.today/
[Sun Mar 16 15:38:26.254889 2014] [authz_core:debug] [pid 1520] mod_authz_core.c(802): [client 135.23.250.207:7276] AH01626: authorization result of <RequireAny>: granted, referer: https://connectnow.today/
[Sun Mar 16 15:38:26.256244 2014] [deflate:debug] [pid 1520] mod_deflate.c(764): [client 135.23.250.207:7276] AH01384: Zlib: Compressed 27957 to 7268 : URL /js/bootstrap.min.js, referer: https://connectnow.today/
[Sun Mar 16 15:38:26.259107 2014] [deflate:debug] [pid 1519] mod_deflate.c(764): [client 135.23.250.207:7274] AH01384: Zlib: Compressed 93107 to 32784 : URL /js/jquery.min.js, referer: https://connectnow.today/
[Sun Mar 16 15:38:26.291200 2014] [ssl:debug] [pid 1552] ssl_engine_kernel.c(222): [client 135.23.250.207:7272] AH02034: Subsequent (No.4) HTTPS request received for child 0 (server connectnow.today:443), referer: https://connectnow.today/
[Sun Mar 16 15:38:26.291441 2014] [authz_core:debug] [pid 1552] mod_authz_core.c(802): [client 135.23.250.207:7272] AH01626: authorization result of Require all granted: granted, referer: https://connectnow.today/
[Sun Mar 16 15:38:26.291457 2014] [authz_core:debug] [pid 1552] mod_authz_core.c(802): [client 135.23.250.207:7272] AH01626: authorization result of <RequireAny>: granted, referer: https://connectnow.today/
[Sun Mar 16 15:38:26.298740 2014] [ssl:debug] [pid 1542] ssl_engine_kernel.c(222): [client 135.23.250.207:7275] AH02034: Subsequent (No.2) HTTPS request received for child 15 (server connectnow.today:443), referer: https://connectnow.today/
[Sun Mar 16 15:38:26.298893 2014] [authz_core:debug] [pid 1542] mod_authz_core.c(802): [client 135.23.250.207:7275] AH01626: authorization result of Require all granted: granted, referer: https://connectnow.today/
[Sun Mar 16 15:38:26.298920 2014] [authz_core:debug] [pid 1542] mod_authz_core.c(802): [client 135.23.250.207:7275] AH01626: authorization result of <RequireAny>: granted, referer: https://connectnow.today/
[Sun Mar 16 15:38:26.299608 2014] [deflate:debug] [pid 1542] mod_deflate.c(764): [client 135.23.250.207:7275] AH01384: Zlib: Compressed 16991 to 2891 : URL /img/navlogo.png, referer: https://connectnow.today/
[Sun Mar 16 15:38:26.302092 2014] [deflate:debug] [pid 1552] mod_deflate.c(764): [client 135.23.250.207:7272] AH01384: Zlib: Compressed 134757 to 32442 : URL /js/semantic.min.js, referer: https://connectnow.today/
[Sun Mar 16 15:38:26.307494 2014] [ssl:debug] [pid 1539] ssl_engine_kernel.c(222): [client 135.23.250.207:7273] AH02034: Subsequent (No.2) HTTPS request received for child 3 (server connectnow.today:443), referer: https://connectnow.today/
[Sun Mar 16 15:38:26.307700 2014] [authz_core:debug] [pid 1539] mod_authz_core.c(802): [client 135.23.250.207:7273] AH01626: authorization result of Require all granted: granted, referer: https://connectnow.today/
[Sun Mar 16 15:38:26.307717 2014] [authz_core:debug] [pid 1539] mod_authz_core.c(802): [client 135.23.250.207:7273] AH01626: authorization result of <RequireAny>: granted, referer: https://connectnow.today/
[Sun Mar 16 15:38:26.311318 2014] [ssl:debug] [pid 1520] ssl_engine_kernel.c(222): [client 135.23.250.207:7276] AH02034: Subsequent (No.2) HTTPS request received for child 6 (server connectnow.today:443), referer: https://connectnow.today/
[Sun Mar 16 15:38:26.311461 2014] [authz_core:debug] [pid 1520] mod_authz_core.c(802): [client 135.23.250.207:7276] AH01626: authorization result of Require all granted: granted, referer: https://connectnow.today/
[Sun Mar 16 15:38:26.311476 2014] [authz_core:debug] [pid 1520] mod_authz_core.c(802): [client 135.23.250.207:7276] AH01626: authorization result of <RequireAny>: granted, referer: https://connectnow.today/
[Sun Mar 16 15:38:26.312233 2014] [deflate:debug] [pid 1520] mod_deflate.c(764): [client 135.23.250.207:7276] AH01384: Zlib: Compressed 17985 to 4576 : URL /img/banner/gcn.png, referer: https://connectnow.today/
[Sun Mar 16 15:38:26.333559 2014] [ssl:debug] [pid 1523] ssl_engine_kernel.c(222): [client 135.23.250.207:7271] AH02034: Subsequent (No.4) HTTPS request received for child 9 (server connectnow.today:443), referer: https://connectnow.today/
[Sun Mar 16 15:38:26.333791 2014] [authz_core:debug] [pid 1523] mod_authz_core.c(802): [client 135.23.250.207:7271] AH01626: authorization result of Require all granted: granted, referer: https://connectnow.today/
[Sun Mar 16 15:38:26.333807 2014] [authz_core:debug] [pid 1523] mod_authz_core.c(802): [client 135.23.250.207:7271] AH01626: authorization result of <RequireAny>: granted, referer: https://connectnow.today/
[Sun Mar 16 15:38:26.351236 2014] [ssl:debug] [pid 1542] ssl_engine_kernel.c(222): [client 135.23.250.207:7275] AH02034: Subsequent (No.3) HTTPS request received for child 15 (server connectnow.today:443), referer: https://connectnow.today/
[Sun Mar 16 15:38:26.351414 2014] [authz_core:debug] [pid 1542] mod_authz_core.c(802): [client 135.23.250.207:7275] AH01626: authorization result of Require all granted: granted, referer: https://connectnow.today/
[Sun Mar 16 15:38:26.351427 2014] [authz_core:debug] [pid 1542] mod_authz_core.c(802): [client 135.23.250.207:7275] AH01626: authorization result of <RequireAny>: granted, referer: https://connectnow.today/
[Sun Mar 16 15:38:26.352262 2014] [deflate:debug] [pid 1542] mod_deflate.c(764): [client 135.23.250.207:7275] AH01384: Zlib: Compressed 16840 to 3509 : URL /img/home/bubbles/track.png, referer: https://connectnow.today/
[Sun Mar 16 15:38:26.373194 2014] [ssl:debug] [pid 1520] ssl_engine_kernel.c(222): [client 135.23.250.207:7276] AH02034: Subsequent (No.3) HTTPS request received for child 6 (server connectnow.today:443), referer: https://connectnow.today/
[Sun Mar 16 15:38:26.373428 2014] [authz_core:debug] [pid 1520] mod_authz_core.c(802): [client 135.23.250.207:7276] AH01626: authorization result of Require all granted: granted, referer: https://connectnow.today/
[Sun Mar 16 15:38:26.373444 2014] [authz_core:debug] [pid 1520] mod_authz_core.c(802): [client 135.23.250.207:7276] AH01626: authorization result of <RequireAny>: granted, referer: https://connectnow.today/
[Sun Mar 16 15:38:26.396200 2014] [deflate:debug] [pid 1520] mod_deflate.c(764): [client 135.23.250.207:7276] AH01384: Zlib: Compressed 197829 to 55534 : URL /fonts/icons.svg, referer: https://connectnow.today/
[Sun Mar 16 15:38:26.405688 2014] [ssl:debug] [pid 1552] ssl_engine_kernel.c(222): [client 135.23.250.207:7272] AH02034: Subsequent (No.5) HTTPS request received for child 0 (server connectnow.today:443), referer: https://connectnow.today/
[Sun Mar 16 15:38:26.405875 2014] [authz_core:debug] [pid 1552] mod_authz_core.c(802): [client 135.23.250.207:7272] AH01626: authorization result of Require all granted: granted, referer: https://connectnow.today/
[Sun Mar 16 15:38:26.405888 2014] [authz_core:debug] [pid 1552] mod_authz_core.c(802): [client 135.23.250.207:7272] AH01626: authorization result of <RequireAny>: granted, referer: https://connectnow.today/
[Sun Mar 16 15:38:26.406859 2014] [deflate:debug] [pid 1552] mod_deflate.c(764): [client 135.23.250.207:7272] AH01384: Zlib: Compressed 23292 to 23072 : URL /fonts/glyphicons-halflings-regular.woff, referer: https://connectnow.today/
[Sun Mar 16 15:38:26.407548 2014] [ssl:debug] [pid 1519] ssl_engine_kernel.c(222): [client 135.23.250.207:7274] AH02034: Subsequent (No.2) HTTPS request received for child 5 (server connectnow.today:443), referer: https://connectnow.today/
[Sun Mar 16 15:38:26.407653 2014] [authz_core:debug] [pid 1519] mod_authz_core.c(802): [client 135.23.250.207:7274] AH01626: authorization result of Require all granted: granted, referer: https://connectnow.today/
[Sun Mar 16 15:38:26.407665 2014] [authz_core:debug] [pid 1519] mod_authz_core.c(802): [client 135.23.250.207:7274] AH01626: authorization result of <RequireAny>: granted, referer: https://connectnow.today/
[Sun Mar 16 15:38:26.408939 2014] [ssl:debug] [pid 1542] ssl_engine_kernel.c(222): [client 135.23.250.207:7275] AH02034: Subsequent (No.4) HTTPS request received for child 15 (server connectnow.today:443), referer: https://connectnow.today/
[Sun Mar 16 15:38:26.409049 2014] [authz_core:debug] [pid 1542] mod_authz_core.c(802): [client 135.23.250.207:7275] AH01626: authorization result of Require all granted: granted, referer: https://connectnow.today/
[Sun Mar 16 15:38:26.409061 2014] [authz_core:debug] [pid 1542] mod_authz_core.c(802): [client 135.23.250.207:7275] AH01626: authorization result of <RequireAny>: granted, referer: https://connectnow.today/
[Sun Mar 16 15:38:26.409519 2014] [deflate:debug] [pid 1542] mod_deflate.c(764): [client 135.23.250.207:7275] AH01384: Zlib: Compressed 16319 to 2975 : URL /img/home/bubbles/commit.png, referer: https://connectnow.today/
[Sun Mar 16 15:38:26.410903 2014] [deflate:debug] [pid 1519] mod_deflate.c(764): [client 135.23.250.207:7274] AH01384: Zlib: Compressed 61024 to 60977 : URL /webfonts/2964B3_0_0.woff, referer: https://connectnow.today/
[Sun Mar 16 15:38:26.463492 2014] [ssl:debug] [pid 1542] ssl_engine_kernel.c(222): [client 135.23.250.207:7275] AH02034: Subsequent (No.5) HTTPS request received for child 15 (server connectnow.today:443), referer: https://connectnow.today/
[Sun Mar 16 15:38:26.463819 2014] [authz_core:debug] [pid 1542] mod_authz_core.c(802): [client 135.23.250.207:7275] AH01626: authorization result of Require all granted: granted, referer: https://connectnow.today/
