[Sun Mar 16 15:36:03.899016 2014] [ssl:debug] [pid 1524] ssl_engine_kernel.c(1891): [client 207.245.236.158:31508] AH02041: Protocol: TLSv1.2, Cipher: AES128-SHA256 (128/128 bits)
[Sun Mar 16 15:36:03.910114 2014] [ssl:debug] [pid 1526] ssl_engine_kernel.c(1891): [client 207.245.236.158:31401] AH02041: Protocol: TLSv1.2, Cipher: AES128-SHA256 (128/128 bits)
[Sun Mar 16 15:36:03.914962 2014] [ssl:debug] [pid 1525] ssl_engine_kernel.c(1891): [client 207.245.236.158:31507] AH02041: Protocol: TLSv1.2, Cipher: AES128-SHA256 (128/128 bits)
[Sun Mar 16 15:36:03.929625 2014] [ssl:debug] [pid 1525] ssl_engine_kernel.c(222): [client 207.245.236.158:31507] AH02034: Initial (No.1) HTTPS request received for child 11 (server connectnow.today:443), referer: https://connectnow.today/
[Sun Mar 16 15:36:03.930074 2014] [authz_core:debug] [pid 1525] mod_authz_core.c(802): [client 207.245.236.158:31507] AH01626: authorization result of Require all granted: granted, referer: https://connectnow.today/
[Sun Mar 16 15:36:03.930093 2014] [authz_core:debug] [pid 1525] mod_authz_core.c(802): [client 207.245.236.158:31507] AH01626: authorization result of <RequireAny>: granted, referer: https://connectnow.today/
[Sun Mar 16 15:36:03.931334 2014] [deflate:debug] [pid 1525] mod_deflate.c(764): [client 207.245.236.158:31507] AH01384: Zlib: Compressed 16319 to 2975 : URL /img/home/bubbles/commit.png, referer: https://connectnow.today/
[Sun Mar 16 15:36:03.949343 2014] [ssl:debug] [pid 1526] ssl_engine_kernel.c(222): [client 207.245.236.158:31401] AH02034: Initial (No.1) HTTPS request received for child 12 (server connectnow.today:443), referer: https://connectnow.today/
[Sun Mar 16 15:36:03.949759 2014] [authz_core:debug] [pid 1526] mod_authz_core.c(802): [client 207.245.236.158:31401] AH01626: authorization result of Require all granted: granted, referer: https://connectnow.today/
[Sun Mar 16 15:36:03.949777 2014] [authz_core:debug] [pid 1526] mod_authz_core.c(802): [client 207.245.236.158:31401] AH01626: authorization result of <RequireAny>: granted, referer: https://connectnow.today/
[Sun Mar 16 15:36:03.950835 2014] [deflate:debug] [pid 1526] mod_deflate.c(764): [client 207.245.236.158:31401] AH01384: Zlib: Compressed 14950 to 1098 : URL /img/30perc.png, referer: https://connectnow.today/
[Sun Mar 16 15:36:03.969465 2014] [ssl:debug] [pid 1524] ssl_engine_kernel.c(222): [client 207.245.236.158:31508] AH02034: Initial (No.1) HTTPS request received for child 10 (server connectnow.today:443), referer: https://connectnow.today/
[Sun Mar 16 15:36:03.969892 2014] [authz_core:debug] [pid 1524] mod_authz_core.c(802): [client 207.245.236.158:31508] AH01626: authorization result of Require all granted: granted, referer: https://connectnow.today/
[Sun Mar 16 15:36:03.969910 2014] [authz_core:debug] [pid 1524] mod_authz_core.c(802): [client 207.245.236.158:31508] AH01626: authorization result of <RequireAny>: granted, referer: https://connectnow.today/
[Sun Mar 16 15:36:03.971104 2014] [deflate:debug] [pid 1524] mod_deflate.c(764): [client 207.245.236.158:31508] AH01384: Zlib: Compressed 16840 to 3509 : URL /img/home/bubbles/track.png, referer: https://connectnow.today/
[Sun Mar 16 15:36:04.498964 2014] [ssl:info] [pid 1523] [client 207.245.236.158:31782] AH01964: Connection to child 9 established (server connectnow.today:443)
[Sun Mar 16 15:36:04.502622 2014] [ssl:debug] [pid 1523] ssl_engine_kernel.c(1958): [client 207.245.236.158:31782] AH02043: SSL virtual host for servername connectnow.today found
[Sun Mar 16 15:36:04.508646 2014] [ssl:info] [pid 1526] (70014)End of file found: [client 207.245.236.158:31401] AH01991: SSL input filter read failed.
[Sun Mar 16 15:36:04.508769 2014] [ssl:debug] [pid 1526] ssl_engine_io.c(991): [client 207.245.236.158:31401] AH02001: Connection closed to child 12 with standard shutdown (server connectnow.today:443)
[Sun Mar 16 15:36:04.509269 2014] [ssl:info] [pid 1525] (70014)End of file found: [client 207.245.236.158:31507] AH01991: SSL input filter read failed.
[Sun Mar 16 15:36:04.509339 2014] [ssl:debug] [pid 1525] ssl_engine_io.c(991): [client 207.245.236.158:31507] AH02001: Connection closed to child 11 with standard shutdown (server connectnow.today:443)
[Sun Mar 16 15:36:04.518649 2014] [ssl:info] [pid 1526] [client 207.245.236.158:31781] AH01964: Connection to child 12 established (server connectnow.today:443)
[Sun Mar 16 15:36:04.519083 2014] [ssl:debug] [pid 1526] ssl_engine_kernel.c(1958): [client 207.245.236.158:31781] AH02043: SSL virtual host for servername connectnow.today found
[Sun Mar 16 15:36:04.588298 2014] [ssl:debug] [pid 1523] ssl_engine_kernel.c(1891): [client 207.245.236.158:31782] AH02041: Protocol: TLSv1.2, Cipher: AES128-SHA256 (128/128 bits)
[Sun Mar 16 15:36:04.608958 2014] [ssl:debug] [pid 1523] ssl_engine_kernel.c(222): [client 207.245.236.158:31782] AH02034: Initial (No.1) HTTPS request received for child 9 (server connectnow.today:443), referer: https://connectnow.today/
[Sun Mar 16 15:36:04.609427 2014] [authz_core:debug] [pid 1523] mod_authz_core.c(802): [client 207.245.236.158:31782] AH01626: authorization result of Require all granted: granted, referer: https://connectnow.today/
[Sun Mar 16 15:36:04.609446 2014] [authz_core:debug] [pid 1523] mod_authz_core.c(802): [client 207.245.236.158:31782] AH01626: authorization result of <RequireAny>: granted, referer: https://connectnow.today/
[Sun Mar 16 15:36:04.610393 2014] [deflate:debug] [pid 1523] mod_deflate.c(764): [client 207.245.236.158:31782] AH01384: Zlib: Compressed 14950 to 1102 : URL /img/trans.png, referer: https://connectnow.today/
[Sun Mar 16 15:36:04.618609 2014] [ssl:debug] [pid 1526] ssl_engine_kernel.c(1891): [client 207.245.236.158:31781] AH02041: Protocol: TLSv1.2, Cipher: AES128-SHA256 (128/128 bits)
[Sun Mar 16 15:36:04.648859 2014] [ssl:debug] [pid 1526] ssl_engine_kernel.c(222): [client 207.245.236.158:31781] AH02034: Initial (No.1) HTTPS request received for child 12 (server connectnow.today:443), referer: https://connectnow.today/
[Sun Mar 16 15:36:04.649095 2014] [authz_core:debug] [pid 1526] mod_authz_core.c(802): [client 207.245.236.158:31781] AH01626: authorization result of Require all granted: granted, referer: https://connectnow.today/
[Sun Mar 16 15:36:04.649113 2014] [authz_core:debug] [pid 1526] mod_authz_core.c(802): [client 207.245.236.158:31781] AH01626: authorization result of <RequireAny>: granted, referer: https://connectnow.today/
[Sun Mar 16 15:36:04.650524 2014] [deflate:debug] [pid 1526] mod_deflate.c(764): [client 207.245.236.158:31781] AH01384: Zlib: Compressed 19553 to 12276 : URL /img/home/ready.jpg, referer: https://connectnow.today/
[Sun Mar 16 15:36:08.625271 2014] [reqtimeout:info] [pid 1514] [client 207.245.236.158:30938] AH01382: Request header read timeout
[Sun Mar 16 15:36:08.625348 2014] [ssl:info] [pid 1514] (70007)The timeout specified has expired: [client 207.245.236.158:30938] AH01991: SSL input filter read failed.
[Sun Mar 16 15:36:08.625430 2014] [ssl:debug] [pid 1514] ssl_engine_io.c(991): [client 207.245.236.158:30938] AH02001: Connection closed to child 3 with standard shutdown (server connectnow.today:443)
[Sun Mar 16 15:36:08.657803 2014] [reqtimeout:info] [pid 1519] [client 207.245.236.158:31383] AH01382: Request header read timeout
[Sun Mar 16 15:36:08.657867 2014] [ssl:info] [pid 1519] (70007)The timeout specified has expired: [client 207.245.236.158:31383] AH01991: SSL input filter read failed.
[Sun Mar 16 15:36:08.657996 2014] [ssl:debug] [pid 1519] ssl_engine_io.c(991): [client 207.245.236.158:31383] AH02001: Connection closed to child 5 with standard shutdown (server connectnow.today:443)
[Sun Mar 16 15:36:08.686766 2014] [reqtimeout:info] [pid 1512] [client 207.245.236.158:31386] AH01382: Request header read timeout
[Sun Mar 16 15:36:08.686857 2014] [ssl:info] [pid 1512] (70007)The timeout specified has expired: [client 207.245.236.158:31386] AH01991: SSL input filter read failed.
[Sun Mar 16 15:36:08.686964 2014] [ssl:debug] [pid 1512] ssl_engine_io.c(991): [client 207.245.236.158:31386] AH02001: Connection closed to child 1 with standard shutdown (server connectnow.today:443)
[Sun Mar 16 15:36:08.974742 2014] [reqtimeout:info] [pid 1524] [client 207.245.236.158:31508] AH01382: Request header read timeout
[Sun Mar 16 15:36:08.974811 2014] [ssl:info] [pid 1524] (70007)The timeout specified has expired: [client 207.245.236.158:31508] AH01991: SSL input filter read failed.
[Sun Mar 16 15:36:08.974894 2014] [ssl:debug] [pid 1524] ssl_engine_io.c(991): [client 207.245.236.158:31508] AH02001: Connection closed to child 10 with standard shutdown (server connectnow.today:443)
[Sun Mar 16 15:36:09.614761 2014] [reqtimeout:info] [pid 1523] [client 207.245.236.158:31782] AH01382: Request header read timeout
[Sun Mar 16 15:36:09.614830 2014] [ssl:info] [pid 1523] (70007)The timeout specified has expired: [client 207.245.236.158:31782] AH01991: SSL input filter read failed.
[Sun Mar 16 15:36:09.614925 2014] [ssl:debug] [pid 1523] ssl_engine_io.c(991): [client 207.245.236.158:31782] AH02001: Connection closed to child 9 with standard shutdown (server connectnow.today:443)
[Sun Mar 16 15:36:09.646851 2014] [ssl:info] [pid 1525] [client 135.23.250.207:7077] AH01964: Connection to child 11 established (server connectnow.today:443)
[Sun Mar 16 15:36:09.650815 2014] [ssl:info] [pid 1533] [client 135.23.250.207:7078] AH01964: Connection to child 19 established (server connectnow.today:443)
[Sun Mar 16 15:36:09.654802 2014] [reqtimeout:info] [pid 1526] [client 207.245.236.158:31781] AH01382: Request header read timeout
[Sun Mar 16 15:36:09.654849 2014] [ssl:info] [pid 1526] (70007)The timeout specified has expired: [client 207.245.236.158:31781] AH01991: SSL input filter read failed.
[Sun Mar 16 15:36:09.654919 2014] [ssl:debug] [pid 1526] ssl_engine_io.c(991): [client 207.245.236.158:31781] AH02001: Connection closed to child 12 with standard shutdown (server connectnow.today:443)
[Sun Mar 16 15:36:09.724292 2014] [ssl:debug] [pid 1525] ssl_engine_kernel.c(1891): [client 135.23.250.207:7077] AH02041: Protocol: TLSv1.2, Cipher: ECDHE-RSA-AES128-GCM-SHA256 (128/128 bits)
[Sun Mar 16 15:36:09.725468 2014] [ssl:debug] [pid 1533] ssl_engine_kernel.c(1891): [client 135.23.250.207:7078] AH02041: Protocol: TLSv1.2, Cipher: ECDHE-RSA-AES128-GCM-SHA256 (128/128 bits)
[Sun Mar 16 15:36:09.904361 2014] [ssl:info] [pid 1533] (70014)End of file found: [client 135.23.250.207:7078] AH01991: SSL input filter read failed.
[Sun Mar 16 15:36:09.904468 2014] [ssl:debug] [pid 1533] ssl_engine_io.c(991): [client 135.23.250.207:7078] AH02001: Connection closed to child 19 with standard shutdown (server connectnow.today:443)
[Sun Mar 16 15:36:09.904910 2014] [ssl:info] [pid 1525] (70014)End of file found: [client 135.23.250.207:7077] AH01991: SSL input filter read failed.
[Sun Mar 16 15:36:09.904955 2014] [ssl:debug] [pid 1525] ssl_engine_io.c(991): [client 135.23.250.207:7077] AH02001: Connection closed to child 11 with standard shutdown (server connectnow.today:443)
[Sun Mar 16 15:36:11.990507 2014] [deflate:debug] [pid 1520] mod_deflate.c(764): [client 207.245.236.158:31384] AH01384: Zlib: Compressed 714361 to 699867 : URL /img/banner/banner3.jpg, referer: https://connectnow.today/
[Sun Mar 16 15:36:12.444670 2014] [deflate:debug] [pid 1515] mod_deflate.c(764): [client 207.245.236.158:31400] AH01384: Zlib: Compressed 714361 to 699867 : URL /img/banner/banner3.jpg, referer: https://connectnow.today/
[Sun Mar 16 15:36:17.134180 2014] [deflate:debug] [pid 1522] mod_deflate.c(764): [client 207.245.236.158:31403] AH01384: Zlib: Compressed 605852 to 595721 : URL /img/banner/banner2.jpg, referer: https://connectnow.today/
[Sun Mar 16 15:36:17.741138 2014] [deflate:debug] [pid 1513] mod_deflate.c(764): [client 207.245.236.158:31387] AH01384: Zlib: Compressed 605852 to 595721 : URL /img/banner/banner2.jpg, referer: https://connectnow.today/
[Sun Mar 16 15:36:18.068757 2014] [reqtimeout:info] [pid 1520] [client 207.245.236.158:31384] AH01382: Request header read timeout
[Sun Mar 16 15:36:18.068838 2014] [ssl:info] [pid 1520] (70007)The timeout specified has expired: [client 207.245.236.158:31384] AH01991: SSL input filter read failed.
[Sun Mar 16 15:36:18.068949 2014] [ssl:debug] [pid 1520] ssl_engine_io.c(991): [client 207.245.236.158:31384] AH02001: Connection closed to child 6 with standard shutdown (server connectnow.today:443)
[Sun Mar 16 15:36:18.113268 2014] [reqtimeout:info] [pid 1515] [client 207.245.236.158:31400] AH01382: Request header read timeout
[Sun Mar 16 15:36:18.113339 2014] [ssl:info] [pid 1515] (70007)The timeout specified has expired: [client 207.245.236.158:31400] AH01991: SSL input filter read failed.
[Sun Mar 16 15:36:18.113407 2014] [ssl:debug] [pid 1515] ssl_engine_io.c(991): [client 207.245.236.158:31400] AH02001: Connection closed to child 4 with standard shutdown (server connectnow.today:443)
[Sun Mar 16 15:36:18.820081 2014] [deflate:debug] [pid 1521] mod_deflate.c(764): [client 207.245.236.158:31397] AH01384: Zlib: Compressed 785347 to 769800 : URL /img/banner/banner1.jpg, referer: https://connectnow.today/
[Sun Mar 16 15:36:20.772800 2014] [deflate:debug] [pid 1511] mod_deflate.c(764): [client 207.245.236.158:31393] AH01384: Zlib: Compressed 785347 to 769800 : URL /img/banner/banner1.jpg, referer: https://connectnow.today/
[Sun Mar 16 15:36:21.318099 2014] [ssl:info] [pid 1527] [client 207.245.236.158:34335] AH01964: Connection to child 13 established (server connectnow.today:443)
[Sun Mar 16 15:36:21.318585 2014] [ssl:debug] [pid 1527] ssl_engine_kernel.c(1958): [client 207.245.236.158:34335] AH02043: SSL virtual host for servername connectnow.today found
[Sun Mar 16 15:36:21.337992 2014] [ssl:info] [pid 1533] [client 207.245.236.158:34333] AH01964: Connection to child 19 established (server connectnow.today:443)
[Sun Mar 16 15:36:21.338208 2014] [ssl:debug] [pid 1533] ssl_engine_kernel.c(1958): [client 207.245.236.158:34333] AH02043: SSL virtual host for servername connectnow.today found
[Sun Mar 16 15:36:21.425602 2014] [ssl:debug] [pid 1527] ssl_engine_kernel.c(1891): [client 207.245.236.158:34335] AH02041: Protocol: TLSv1.2, Cipher: AES128-SHA256 (128/128 bits)
[Sun Mar 16 15:36:21.448763 2014] [ssl:debug] [pid 1527] ssl_engine_kernel.c(222): [client 207.245.236.158:34335] AH02034: Initial (No.1) HTTPS request received for child 13 (server connectnow.today:443)
[Sun Mar 16 15:36:21.449037 2014] [authz_core:debug] [pid 1527] mod_authz_core.c(802): [client 207.245.236.158:34335] AH01626: authorization result of Require all granted: granted
[Sun Mar 16 15:36:21.449049 2014] [authz_core:debug] [pid 1527] mod_authz_core.c(802): [client 207.245.236.158:34335] AH01626: authorization result of <RequireAny>: granted
[Sun Mar 16 15:36:21.450267 2014] [deflate:debug] [pid 1527] mod_deflate.c(764): [client 207.245.236.158:34335] AH01384: Zlib: Compressed 18807 to 4982 : URL /favicon-128.png
[Sun Mar 16 15:36:21.466262 2014] [ssl:debug] [pid 1533] ssl_engine_kernel.c(1891): [client 207.245.236.158:34333] AH02041: Protocol: TLSv1.2, Cipher: AES128-SHA256 (128/128 bits)
[Sun Mar 16 15:36:21.468863 2014] [ssl:debug] [pid 1533] ssl_engine_kernel.c(222): [client 207.245.236.158:34333] AH02034: Initial (No.1) HTTPS request received for child 19 (server connectnow.today:443)
[Sun Mar 16 15:36:21.469187 2014] [authz_core:debug] [pid 1533] mod_authz_core.c(802): [client 207.245.236.158:34333] AH01626: authorization result of Require all granted: granted
[Sun Mar 16 15:36:21.469200 2014] [authz_core:debug] [pid 1533] mod_authz_core.c(802): [client 207.245.236.158:34333] AH01626: authorization result of <RequireAny>: granted
[Sun Mar 16 15:36:21.469315 2014] [authz_core:debug] [pid 1533] mod_authz_core.c(802): [client 207.245.236.158:34333] AH01626: authorization result of Require all granted: granted
[Sun Mar 16 15:36:21.469325 2014] [authz_core:debug] [pid 1533] mod_authz_core.c(802): [client 207.245.236.158:34333] AH01626: authorization result of <RequireAny>: granted
[Sun Mar 16 15:36:21.511727 2014] [deflate:debug] [pid 1533] mod_deflate.c(764): [client 207.245.236.158:34333] AH01384: Zlib: Compressed 23361 to 5464 : URL /index.php
[Sun Mar 16 15:36:22.747502 2014] [reqtimeout:info] [pid 1513] [client 207.245.236.158:31387] AH01382: Request header read timeout
[Sun Mar 16 15:36:22.747590 2014] [ssl:info] [pid 1513] (70007)The timeout specified has expired: [client 207.245.236.158:31387] AH01991: SSL input filter read failed.
[Sun Mar 16 15:36:22.747708 2014] [ssl:debug] [pid 1513] ssl_engine_io.c(991): [client 207.245.236.158:31387] AH02001: Connection closed to child 2 with standard shutdown (server connectnow.today:443)
[Sun Mar 16 15:36:23.375277 2014] [ssl:info] [pid 1520] [client 135.23.250.207:7081] AH01964: Connection to child 6 established (server connectnow.today:443)
[Sun Mar 16 15:36:23.375608 2014] [ssl:debug] [pid 1520] ssl_engine_kernel.c(1958): [client 135.23.250.207:7081] AH02043: SSL virtual host for servername connectnow.today found
[Sun Mar 16 15:36:23.380074 2014] [ssl:info] [pid 1512] [client 135.23.250.207:7082] AH01964: Connection to child 1 established (server connectnow.today:443)
[Sun Mar 16 15:36:23.380260 2014] [ssl:debug] [pid 1512] ssl_engine_kernel.c(1958): [client 135.23.250.207:7082] AH02043: SSL virtual host for servername connectnow.today found
[Sun Mar 16 15:36:23.447361 2014] [ssl:debug] [pid 1512] ssl_engine_kernel.c(1891): [client 135.23.250.207:7082] AH02041: Protocol: TLSv1.2, Cipher: ECDHE-RSA-AES128-GCM-SHA256 (128/128 bits)
[Sun Mar 16 15:36:23.453311 2014] [ssl:debug] [pid 1520] ssl_engine_kernel.c(1891): [client 135.23.250.207:7081] AH02041: Protocol: TLSv1.2, Cipher: ECDHE-RSA-AES128-GCM-SHA256 (128/128 bits)
[Sun Mar 16 15:36:23.573532 2014] [reqtimeout:info] [pid 1522] [client 207.245.236.158:31403] AH01382: Request header read timeout
[Sun Mar 16 15:36:23.573615 2014] [ssl:info] [pid 1522] (70007)The timeout specified has expired: [client 207.245.236.158:31403] AH01991: SSL input filter read failed.
[Sun Mar 16 15:36:23.573685 2014] [ssl:debug] [pid 1522] ssl_engine_io.c(991): [client 207.245.236.158:31403] AH02001: Connection closed to child 8 with standard shutdown (server connectnow.today:443)
[Sun Mar 16 15:36:23.649829 2014] [ssl:debug] [pid 1520] ssl_engine_kernel.c(222): [client 135.23.250.207:7081] AH02034: Initial (No.1) HTTPS request received for child 6 (server connectnow.today:443)
[Sun Mar 16 15:36:23.650025 2014] [authz_core:debug] [pid 1520] mod_authz_core.c(802): [client 135.23.250.207:7081] AH01626: authorization result of Require all granted: granted
[Sun Mar 16 15:36:23.650043 2014] [authz_core:debug] [pid 1520] mod_authz_core.c(802): [client 135.23.250.207:7081] AH01626: authorization result of <RequireAny>: granted
[Sun Mar 16 15:36:23.650148 2014] [authz_core:debug] [pid 1520] mod_authz_core.c(802): [client 135.23.250.207:7081] AH01626: authorization result of Require all granted: granted
[Sun Mar 16 15:36:23.650159 2014] [authz_core:debug] [pid 1520] mod_authz_core.c(802): [client 135.23.250.207:7081] AH01626: authorization result of <RequireAny>: granted
[Sun Mar 16 15:36:23.650352 2014] [authz_core:debug] [pid 1520] mod_authz_core.c(802): [client 135.23.250.207:7081] AH01626: authorization result of Require all granted: granted
[Sun Mar 16 15:36:23.650362 2014] [authz_core:debug] [pid 1520] mod_authz_core.c(802): [client 135.23.250.207:7081] AH01626: authorization result of <RequireAny>: granted
[Sun Mar 16 15:36:23.710448 2014] [deflate:debug] [pid 1520] mod_deflate.c(764): [client 135.23.250.207:7081] AH01384: Zlib: Compressed 30613 to 7100 : URL /index.php
[Sun Mar 16 15:36:23.943809 2014] [ssl:debug] [pid 1520] ssl_engine_kernel.c(222): [client 135.23.250.207:7081] AH02034: Subsequent (No.2) HTTPS request received for child 6 (server connectnow.today:443), referer: https://connectnow.today/
[Sun Mar 16 15:36:23.944013 2014] [authz_core:debug] [pid 1520] mod_authz_core.c(802): [client 135.23.250.207:7081] AH01626: authorization result of Require all granted: granted, referer: https://connectnow.today/
[Sun Mar 16 15:36:23.944024 2014] [authz_core:debug] [pid 1520] mod_authz_core.c(802): [client 135.23.250.207:7081] AH01626: authorization result of <RequireAny>: granted, referer: https://connectnow.today/
[Sun Mar 16 15:36:23.946092 2014] [deflate:debug] [pid 1520] mod_deflate.c(764): [client 135.23.250.207:7081] AH01384: Zlib: Compressed 56500 to 11006 : URL /css/bootstrap.min.css, referer: https://connectnow.today/
[Sun Mar 16 15:36:23.947681 2014] [ssl:debug] [pid 1512] ssl_engine_kernel.c(222): [client 135.23.250.207:7082] AH02034: Initial (No.1) HTTPS request received for child 1 (server connectnow.today:443), referer: https://connectnow.today/
[Sun Mar 16 15:36:23.947784 2014] [authz_core:debug] [pid 1512] mod_authz_core.c(802): [client 135.23.250.207:7082] AH01626: authorization result of Require all granted: granted, referer: https://connectnow.today/
[Sun Mar 16 15:36:23.947795 2014] [authz_core:debug] [pid 1512] mod_authz_core.c(802): [client 135.23.250.207:7082] AH01626: authorization result of <RequireAny>: granted, referer: https://connectnow.today/
[Sun Mar 16 15:36:23.948258 2014] [deflate:debug] [pid 1512] mod_deflate.c(764): [client 135.23.250.207:7082] AH01384: Zlib: Compressed 15035 to 2474 : URL /css/elusive-webfont.css, referer: https://connectnow.today/
[Sun Mar 16 15:36:24.002912 2014] [ssl:debug] [pid 1512] ssl_engine_kernel.c(222): [client 135.23.250.207:7082] AH02034: Subsequent (No.2) HTTPS request received for child 1 (server connectnow.today:443), referer: https://connectnow.today/
[Sun Mar 16 15:36:24.003147 2014] [authz_core:debug] [pid 1512] mod_authz_core.c(802): [client 135.23.250.207:7082] AH01626: authorization result of Require all granted: granted, referer: https://connectnow.today/
[Sun Mar 16 15:36:24.003160 2014] [authz_core:debug] [pid 1512] mod_authz_core.c(802): [client 135.23.250.207:7082] AH01626: authorization result of <RequireAny>: granted, referer: https://connectnow.today/
[Sun Mar 16 15:36:24.003677 2014] [deflate:debug] [pid 1512] mod_deflate.c(764): [client 135.23.250.207:7082] AH01384: Zlib: Compressed 9261 to 2198 : URL /css/main.css, referer: https://connectnow.today/
[Sun Mar 16 15:36:24.003949 2014] [ssl:debug] [pid 1520] ssl_engine_kernel.c(222): [client 135.23.250.207:7081] AH02034: Subsequent (No.3) HTTPS request received for child 6 (server connectnow.today:443), referer: https://connectnow.today/
[Sun Mar 16 15:36:24.004044 2014] [authz_core:debug] [pid 1520] mod_authz_core.c(802): [client 135.23.250.207:7081] AH01626: authorization result of Require all granted: granted, referer: https://connectnow.today/
[Sun Mar 16 15:36:24.004054 2014] [authz_core:debug] [pid 1520] mod_authz_core.c(802): [client 135.23.250.207:7081] AH01626: authorization result of <RequireAny>: granted, referer: https://connectnow.today/
[Sun Mar 16 15:36:24.008471 2014] [ssl:info] [pid 1515] [client 135.23.250.207:7084] AH01964: Connection to child 4 established (server connectnow.today:443)
[Sun Mar 16 15:36:24.008759 2014] [ssl:debug] [pid 1515] ssl_engine_kernel.c(1958): [client 135.23.250.207:7084] AH02043: SSL virtual host for servername connectnow.today found
[Sun Mar 16 15:36:24.013516 2014] [deflate:debug] [pid 1520] mod_deflate.c(764): [client 135.23.250.207:7081] AH01384: Zlib: Compressed 221232 to 35103 : URL /css/semantic.min.css, referer: https://connectnow.today/
[Sun Mar 16 15:36:24.017732 2014] [ssl:info] [pid 1524] [client 135.23.250.207:7085] AH01964: Connection to child 10 established (server connectnow.today:443)
[Sun Mar 16 15:36:24.017995 2014] [ssl:debug] [pid 1524] ssl_engine_kernel.c(1958): [client 135.23.250.207:7085] AH02043: SSL virtual host for servername connectnow.today found
[Sun Mar 16 15:36:24.021439 2014] [ssl:info] [pid 1514] [client 135.23.250.207:7086] AH01964: Connection to child 3 established (server connectnow.today:443)
[Sun Mar 16 15:36:24.021839 2014] [ssl:debug] [pid 1514] ssl_engine_kernel.c(1958): [client 135.23.250.207:7086] AH02043: SSL virtual host for servername connectnow.today found
[Sun Mar 16 15:36:24.022010 2014] [ssl:info] [pid 1519] [client 135.23.250.207:7087] AH01964: Connection to child 5 established (server connectnow.today:443)
[Sun Mar 16 15:36:24.022221 2014] [ssl:debug] [pid 1519] ssl_engine_kernel.c(1958): [client 135.23.250.207:7087] AH02043: SSL virtual host for servername connectnow.today found
[Sun Mar 16 15:36:24.053992 2014] [ssl:debug] [pid 1512] ssl_engine_kernel.c(222): [client 135.23.250.207:7082] AH02034: Subsequent (No.3) HTTPS request received for child 1 (server connectnow.today:443), referer: https://connectnow.today/
[Sun Mar 16 15:36:24.054172 2014] [authz_core:debug] [pid 1512] mod_authz_core.c(802): [client 135.23.250.207:7082] AH01626: authorization result of Require all granted: granted, referer: https://connectnow.today/
[Sun Mar 16 15:36:24.054183 2014] [authz_core:debug] [pid 1512] mod_authz_core.c(802): [client 135.23.250.207:7082] AH01626: authorization result of <RequireAny>: granted, referer: https://connectnow.today/
[Sun Mar 16 15:36:24.054506 2014] [deflate:debug] [pid 1512] mod_deflate.c(764): [client 135.23.250.207:7082] AH01384: Zlib: Compressed 3245 to 907 : URL /css/home.css, referer: https://connectnow.today/
[Sun Mar 16 15:36:24.060114 2014] [ssl:debug] [pid 1515] ssl_engine_kernel.c(1891): [client 135.23.250.207:7084] AH02041: Protocol: TLSv1.2, Cipher: ECDHE-RSA-AES128-GCM-SHA256 (128/128 bits)
[Sun Mar 16 15:36:24.061146 2014] [ssl:debug] [pid 1515] ssl_engine_kernel.c(222): [client 135.23.250.207:7084] AH02034: Initial (No.1) HTTPS request received for child 4 (server connectnow.today:443), referer: https://connectnow.today/
[Sun Mar 16 15:36:24.061249 2014] [authz_core:debug] [pid 1515] mod_authz_core.c(802): [client 135.23.250.207:7084] AH01626: authorization result of Require all granted: granted, referer: https://connectnow.today/
[Sun Mar 16 15:36:24.061260 2014] [authz_core:debug] [pid 1515] mod_authz_core.c(802): [client 135.23.250.207:7084] AH01626: authorization result of <RequireAny>: granted, referer: https://connectnow.today/
[Sun Mar 16 15:36:24.061542 2014] [deflate:debug] [pid 1515] mod_deflate.c(764): [client 135.23.250.207:7084] AH01384: Zlib: Compressed 6270 to 1699 : URL /webfonts.js, referer: https://connectnow.today/
[Sun Mar 16 15:36:24.069696 2014] [ssl:debug] [pid 1524] ssl_engine_kernel.c(1891): [client 135.23.250.207:7085] AH02041: Protocol: TLSv1.2, Cipher: ECDHE-RSA-AES128-GCM-SHA256 (128/128 bits)
[Sun Mar 16 15:36:24.069913 2014] [ssl:debug] [pid 1524] ssl_engine_kernel.c(222): [client 135.23.250.207:7085] AH02034: Initial (No.1) HTTPS request received for child 10 (server connectnow.today:443), referer: https://connectnow.today/
[Sun Mar 16 15:36:24.070032 2014] [authz_core:debug] [pid 1524] mod_authz_core.c(802): [client 135.23.250.207:7085] AH01626: authorization result of Require all granted: granted, referer: https://connectnow.today/
[Sun Mar 16 15:36:24.070043 2014] [authz_core:debug] [pid 1524] mod_authz_core.c(802): [client 135.23.250.207:7085] AH01626: authorization result of <RequireAny>: granted, referer: https://connectnow.today/
[Sun Mar 16 15:36:24.074789 2014] [ssl:debug] [pid 1519] ssl_engine_kernel.c(1891): [client 135.23.250.207:7087] AH02041: Protocol: TLSv1.2, Cipher: ECDHE-RSA-AES128-GCM-SHA256 (128/128 bits)
[Sun Mar 16 15:36:24.074858 2014] [ssl:debug] [pid 1519] ssl_engine_kernel.c(222): [client 135.23.250.207:7087] AH02034: Initial (No.1) HTTPS request received for child 5 (server connectnow.today:443), referer: https://connectnow.today/
[Sun Mar 16 15:36:24.074948 2014] [authz_core:debug] [pid 1519] mod_authz_core.c(802): [client 135.23.250.207:7087] AH01626: authorization result of Require all granted: granted, referer: https://connectnow.today/
[Sun Mar 16 15:36:24.074968 2014] [authz_core:debug] [pid 1519] mod_authz_core.c(802): [client 135.23.250.207:7087] AH01626: authorization result of <RequireAny>: granted, referer: https://connectnow.today/
[Sun Mar 16 15:36:24.076176 2014] [deflate:debug] [pid 1519] mod_deflate.c(764): [client 135.23.250.207:7087] AH01384: Zlib: Compressed 27957 to 7268 : URL /js/bootstrap.min.js, referer: https://connectnow.today/
[Sun Mar 16 15:36:24.076536 2014] [ssl:debug] [pid 1514] ssl_engine_kernel.c(1891): [client 135.23.250.207:7086] AH02041: Protocol: TLSv1.2, Cipher: ECDHE-RSA-AES128-GCM-SHA256 (128/128 bits)
[Sun Mar 16 15:36:24.076598 2014] [ssl:debug] [pid 1514] ssl_engine_kernel.c(222): [client 135.23.250.207:7086] AH02034: Initial (No.1) HTTPS request received for child 3 (server connectnow.today:443), referer: https://connectnow.today/
[Sun Mar 16 15:36:24.076687 2014] [authz_core:debug] [pid 1514] mod_authz_core.c(802): [client 135.23.250.207:7086] AH01626: authorization result of Require all granted: granted, referer: https://connectnow.today/
[Sun Mar 16 15:36:24.076697 2014] [authz_core:debug] [pid 1514] mod_authz_core.c(802): [client 135.23.250.207:7086] AH01626: authorization result of <RequireAny>: granted, referer: https://connectnow.today/
[Sun Mar 16 15:36:24.077052 2014] [deflate:debug] [pid 1514] mod_deflate.c(764): [client 135.23.250.207:7086] AH01384: Zlib: Compressed 7507 to 2695 : URL /js/transit.js, referer: https://connectnow.today/
[Sun Mar 16 15:36:24.078463 2014] [deflate:debug] [pid 1524] mod_deflate.c(764): [client 135.23.250.207:7085] AH01384: Zlib: Compressed 93107 to 32784 : URL /js/jquery.min.js, referer: https://connectnow.today/
[Sun Mar 16 15:36:24.107947 2014] [ssl:debug] [pid 1512] ssl_engine_kernel.c(222): [client 135.23.250.207:7082] AH02034: Subsequent (No.4) HTTPS request received for child 1 (server connectnow.today:443), referer: https://connectnow.today/
[Sun Mar 16 15:36:24.108114 2014] [authz_core:debug] [pid 1512] mod_authz_core.c(802): [client 135.23.250.207:7082] AH01626: authorization result of Require all granted: granted, referer: https://connectnow.today/
[Sun Mar 16 15:36:24.108125 2014] [authz_core:debug] [pid 1512] mod_authz_core.c(802): [client 135.23.250.207:7082] AH01626: authorization result of <RequireAny>: granted, referer: https://connectnow.today/
[Sun Mar 16 15:36:24.110873 2014] [ssl:debug] [pid 1515] ssl_engine_kernel.c(222): [client 135.23.250.207:7084] AH02034: Subsequent (No.2) HTTPS request received for child 4 (server connectnow.today:443), referer: https://connectnow.today/
[Sun Mar 16 15:36:24.110963 2014] [authz_core:debug] [pid 1515] mod_authz_core.c(802): [client 135.23.250.207:7084] AH01626: authorization result of Require all granted: granted, referer: https://connectnow.today/
[Sun Mar 16 15:36:24.110974 2014] [authz_core:debug] [pid 1515] mod_authz_core.c(802): [client 135.23.250.207:7084] AH01626: authorization result of <RequireAny>: granted, referer: https://connectnow.today/
[Sun Mar 16 15:36:24.111407 2014] [deflate:debug] [pid 1515] mod_deflate.c(764): [client 135.23.250.207:7084] AH01384: Zlib: Compressed 16991 to 2891 : URL /img/navlogo.png, referer: https://connectnow.today/
[Sun Mar 16 15:36:24.115474 2014] [deflate:debug] [pid 1512] mod_deflate.c(764): [client 135.23.250.207:7082] AH01384: Zlib: Compressed 134757 to 32442 : URL /js/semantic.min.js, referer: https://connectnow.today/
[Sun Mar 16 15:36:24.124811 2014] [ssl:debug] [pid 1520] ssl_engine_kernel.c(222): [client 135.23.250.207:7081] AH02034: Subsequent (No.4) HTTPS request received for child 6 (server connectnow.today:443), referer: https://connectnow.today/
[Sun Mar 16 15:36:24.124915 2014] [authz_core:debug] [pid 1520] mod_authz_core.c(802): [client 135.23.250.207:7081] AH01626: authorization result of Require all granted: granted, referer: https://connectnow.today/
[Sun Mar 16 15:36:24.124926 2014] [authz_core:debug] [pid 1520] mod_authz_core.c(802): [client 135.23.250.207:7081] AH01626: authorization result of <RequireAny>: granted, referer: https://connectnow.today/
[Sun Mar 16 15:36:24.125351 2014] [deflate:debug] [pid 1520] mod_deflate.c(764): [client 135.23.250.207:7081] AH01384: Zlib: Compressed 16551 to 3223 : URL /img/home/bubbles/browse.png, referer: https://connectnow.today/
[Sun Mar 16 15:36:24.131316 2014] [ssl:debug] [pid 1514] ssl_engine_kernel.c(222): [client 135.23.250.207:7086] AH02034: Subsequent (No.2) HTTPS request received for child 3 (server connectnow.today:443), referer: https://connectnow.today/
[Sun Mar 16 15:36:24.131434 2014] [authz_core:debug] [pid 1514] mod_authz_core.c(802): [client 135.23.250.207:7086] AH01626: authorization result of Require all granted: granted, referer: https://connectnow.today/
[Sun Mar 16 15:36:24.131445 2014] [authz_core:debug] [pid 1514] mod_authz_core.c(802): [client 135.23.250.207:7086] AH01626: authorization result of <RequireAny>: granted, referer: https://connectnow.today/
[Sun Mar 16 15:36:24.131840 2014] [deflate:debug] [pid 1514] mod_deflate.c(764): [client 135.23.250.207:7086] AH01384: Zlib: Compressed 16459 to 3120 : URL /img/home/bubbles/share.png, referer: https://connectnow.today/
[Sun Mar 16 15:36:24.133759 2014] [ssl:debug] [pid 1519] ssl_engine_kernel.c(222): [client 135.23.250.207:7087] AH02034: Subsequent (No.2) HTTPS request received for child 5 (server connectnow.today:443), referer: https://connectnow.today/
[Sun Mar 16 15:36:24.133885 2014] [authz_core:debug] [pid 1519] mod_authz_core.c(802): [client 135.23.250.207:7087] AH01626: authorization result of Require all granted: granted, referer: https://connectnow.today/
[Sun Mar 16 15:36:24.133896 2014] [authz_core:debug] [pid 1519] mod_authz_core.c(802): [client 135.23.250.207:7087] AH01626: authorization result of <RequireAny>: granted, referer: https://connectnow.today/
[Sun Mar 16 15:36:24.134328 2014] [deflate:debug] [pid 1519] mod_deflate.c(764): [client 135.23.250.207:7087] AH01384: Zlib: Compressed 16319 to 2975 : URL /img/home/bubbles/commit.png, referer: https://connectnow.today/
[Sun Mar 16 15:36:24.161186 2014] [ssl:debug] [pid 1515] ssl_engine_kernel.c(222): [client 135.23.250.207:7084] AH02034: Subsequent (No.3) HTTPS request received for child 4 (server connectnow.today:443), referer: https://connectnow.today/
[Sun Mar 16 15:36:24.161363 2014] [authz_core:debug] [pid 1515] mod_authz_core.c(802): [client 135.23.250.207:7084] AH01626: authorization result of Require all granted: granted, referer: https://connectnow.today/
[Sun Mar 16 15:36:24.161374 2014] [authz_core:debug] [pid 1515] mod_authz_core.c(802): [client 135.23.250.207:7084] AH01626: authorization result of <RequireAny>: granted, referer: https://connectnow.today/
[Sun Mar 16 15:36:24.179743 2014] [ssl:debug] [pid 1520] ssl_engine_kernel.c(222): [client 135.23.250.207:7081] AH02034: Subsequent (No.5) HTTPS request received for child 6 (server connectnow.today:443), referer: https://connectnow.today/
[Sun Mar 16 15:36:24.179908 2014] [authz_core:debug] [pid 1520] mod_authz_core.c(802): [client 135.23.250.207:7081] AH01626: authorization result of Require all granted: granted, referer: https://connectnow.today/
[Sun Mar 16 15:36:24.179921 2014] [authz_core:debug] [pid 1520] mod_authz_core.c(802): [client 135.23.250.207:7081] AH01626: authorization result of <RequireAny>: granted, referer: https://connectnow.today/
[Sun Mar 16 15:36:24.180516 2014] [ssl:debug] [pid 1514] ssl_engine_kernel.c(222): [client 135.23.250.207:7086] AH02034: Subsequent (No.3) HTTPS request received for child 3 (server connectnow.today:443), referer: https://connectnow.today/
[Sun Mar 16 15:36:24.180610 2014] [authz_core:debug] [pid 1514] mod_authz_core.c(802): [client 135.23.250.207:7086] AH01626: authorization result of Require all granted: granted, referer: https://connectnow.today/
[Sun Mar 16 15:36:24.180622 2014] [authz_core:debug] [pid 1514] mod_authz_core.c(802): [client 135.23.250.207:7086] AH01626: authorization result of <RequireAny>: granted, referer: https://connectnow.today/
[Sun Mar 16 15:36:24.181431 2014] [deflate:debug] [pid 1520] mod_deflate.c(764): [client 135.23.250.207:7081] AH01384: Zlib: Compressed 23292 to 23072 : URL /fonts/glyphicons-halflings-regular.woff, referer: https://connectnow.today/
[Sun Mar 16 15:36:24.184055 2014] [deflate:debug] [pid 1514] mod_deflate.c(764): [client 135.23.250.207:7086] AH01384: Zlib: Compressed 61024 to 60977 : URL /webfonts/2964B3_0_0.woff, referer: https://connectnow.today/
[Sun Mar 16 15:36:24.186588 2014] [deflate:debug] [pid 1515] mod_deflate.c(764): [client 135.23.250.207:7084] AH01384: Zlib: Compressed 197829 to 55534 : URL /fonts/icons.svg, referer: https://connectnow.today/
[Sun Mar 16 15:36:24.186838 2014] [ssl:debug] [pid 1519] ssl_engine_kernel.c(222): [client 135.23.250.207:7087] AH02034: Subsequent (No.3) HTTPS request received for child 5 (server connectnow.today:443), referer: https://connectnow.today/
[Sun Mar 16 15:36:24.186945 2014] [authz_core:debug] [pid 1519] mod_authz_core.c(802): [client 135.23.250.207:7087] AH01626: authorization result of Require all granted: granted, referer: https://connectnow.today/
[Sun Mar 16 15:36:24.186957 2014] [authz_core:debug] [pid 1519] mod_authz_core.c(802): [client 135.23.250.207:7087] AH01626: authorization result of <RequireAny>: granted, referer: https://connectnow.today/
[Sun Mar 16 15:36:24.225579 2014] [ssl:debug] [pid 1524] ssl_engine_kernel.c(222): [client 135.23.250.207:7085] AH02034: Subsequent (No.2) HTTPS request received for child 10 (server connectnow.today:443), referer: https://connectnow.today/
[Sun Mar 16 15:36:24.225755 2014] [authz_core:debug] [pid 1524] mod_authz_core.c(802): [client 135.23.250.207:7085] AH01626: authorization result of Require all granted: granted, referer: https://connectnow.today/
[Sun Mar 16 15:36:24.225767 2014] [authz_core:debug] [pid 1524] mod_authz_core.c(802): [client 135.23.250.207:7085] AH01626: authorization result of <RequireAny>: granted, referer: https://connectnow.today/
[Sun Mar 16 15:36:24.228457 2014] [ssl:debug] [pid 1512] ssl_engine_kernel.c(222): [client 135.23.250.207:7082] AH02034: Subsequent (No.5) HTTPS request received for child 1 (server connectnow.today:443), referer: https://connectnow.today/
[Sun Mar 16 15:36:24.228551 2014] [authz_core:debug] [pid 1512] mod_authz_core.c(802): [client 135.23.250.207:7082] AH01626: authorization result of Require all granted: granted, referer: https://connectnow.today/
[Sun Mar 16 15:36:24.228562 2014] [authz_core:debug] [pid 1512] mod_authz_core.c(802): [client 135.23.250.207:7082] AH01626: authorization result of <RequireAny>: granted, referer: https://connectnow.today/
[Sun Mar 16 15:36:24.229036 2014] [deflate:debug] [pid 1512] mod_deflate.c(764): [client 135.23.250.207:7082] AH01384: Zlib: Compressed 17985 to 4576 : URL /img/banner/gcn.png, referer: https://connectnow.today/
[Sun Mar 16 15:36:24.241771 2014] [ssl:debug] [pid 1520] ssl_engine_kernel.c(222): [client 135.23.250.207:7081] AH02034: Subsequent (No.6) HTTPS request received for child 6 (server connectnow.today:443), referer: https://connectnow.today/
[Sun Mar 16 15:36:24.241890 2014] [authz_core:debug] [pid 1520] mod_authz_core.c(802): [client 135.23.250.207:7081] AH01626: authorization result of Require all granted: granted, referer: https://connectnow.today/
[Sun Mar 16 15:36:24.241901 2014] [authz_core:debug] [pid 1520] mod_authz_core.c(802): [client 135.23.250.207:7081] AH01626: authorization result of <RequireAny>: granted, referer: https://connectnow.today/
[Sun Mar 16 15:36:24.283881 2014] [ssl:debug] [pid 1512] ssl_engine_kernel.c(222): [client 135.23.250.207:7082] AH02034: Subsequent (No.6) HTTPS request received for child 1 (server connectnow.today:443), referer: https://connectnow.today/
[Sun Mar 16 15:36:24.284059 2014] [authz_core:debug] [pid 1512] mod_authz_core.c(802): [client 135.23.250.207:7082] AH01626: authorization result of Require all granted: granted, referer: https://connectnow.today/
[Sun Mar 16 15:36:24.284082 2014] [authz_core:debug] [pid 1512] mod_authz_core.c(802): [client 135.23.250.207:7082] AH01626: authorization result of <RequireAny>: granted, referer: https://connectnow.today/
[Sun Mar 16 15:36:24.284608 2014] [deflate:debug] [pid 1512] mod_deflate.c(764): [client 135.23.250.207:7082] AH01384: Zlib: Compressed 16840 to 3509 : URL /img/home/bubbles/track.png, referer: https://connectnow.today/
[Sun Mar 16 15:36:24.343450 2014] [ssl:debug] [pid 1512] ssl_engine_kernel.c(222): [client 135.23.250.207:7082] AH02034: Subsequent (No.7) HTTPS request received for child 1 (server connectnow.today:443), referer: https://connectnow.today/
[Sun Mar 16 15:36:24.343660 2014] [authz_core:debug] [pid 1512] mod_authz_core.c(802): [client 135.23.250.207:7082] AH01626: authorization result of Require all granted: granted, referer: https://connectnow.today/
[Sun Mar 16 15:36:24.343672 2014] [authz_core:debug] [pid 1512] mod_authz_core.c(802): [client 135.23.250.207:7082] AH01626: authorization result of <RequireAny>: granted, referer: https://connectnow.today/
[Sun Mar 16 15:36:24.344108 2014] [deflate:debug] [pid 1512] mod_deflate.c(764): [client 135.23.250.207:7082] AH01384: Zlib: Compressed 14950 to 1098 : URL /img/30perc.png, referer: https://connectnow.today/
[Sun Mar 16 15:36:24.357119 2014] [ssl:debug] [pid 1515] ssl_engine_kernel.c(222): [client 135.23.250.207:7084] AH02034: Subsequent (No.4) HTTPS request received for child 4 (server connectnow.today:443), referer: https://connectnow.today/
[Sun Mar 16 15:36:24.357262 2014] [authz_core:debug] [pid 1515] mod_authz_core.c(802): [client 135.23.250.207:7084] AH01626: authorization result of Require all granted: granted, referer: https://connectnow.today/
[Sun Mar 16 15:36:24.357273 2014] [authz_core:debug] [pid 1515] mod_authz_core.c(802): [client 135.23.250.207:7084] AH01626: authorization result of <RequireAny>: granted, referer: https://connectnow.today/
[Sun Mar 16 15:36:24.358173 2014] [deflate:debug] [pid 1515] mod_deflate.c(764): [client 135.23.250.207:7084] AH01384: Zlib: Compressed 19553 to 12276 : URL /img/home/ready.jpg, referer: https://connectnow.today/
[Sun Mar 16 15:36:24.391469 2014] [ssl:debug] [pid 1514] ssl_engine_kernel.c(222): [client 135.23.250.207:7086] AH02034: Subsequent (No.4) HTTPS request received for child 3 (server connectnow.today:443), referer: https://connectnow.today/
[Sun Mar 16 15:36:24.391724 2014] [authz_core:debug] [pid 1514] mod_authz_core.c(802): [client 135.23.250.207:7086] AH01626: authorization result of Require all granted: granted, referer: https://connectnow.today/
[Sun Mar 16 15:36:24.391737 2014] [authz_core:debug] [pid 1514] mod_authz_core.c(802): [client 135.23.250.207:7086] AH01626: authorization result of <RequireAny>: granted, referer: https://connectnow.today/
[Sun Mar 16 15:36:24.392108 2014] [deflate:debug] [pid 1514] mod_deflate.c(764): [client 135.23.250.207:7086] AH01384: Zlib: Compressed 14950 to 1104 : URL /img/searchbg.png, referer: https://connectnow.today/
[Sun Mar 16 15:36:24.403772 2014] [ssl:debug] [pid 1512] ssl_engine_kernel.c(222): [client 135.23.250.207:7082] AH02034: Subsequent (No.8) HTTPS request received for child 1 (server connectnow.today:443), referer: https://connectnow.today/
[Sun Mar 16 15:36:24.403897 2014] [authz_core:debug] [pid 1512] mod_authz_core.c(802): [client 135.23.250.207:7082] AH01626: authorization result of Require all granted: granted, referer: https://connectnow.today/
[Sun Mar 16 15:36:24.403908 2014] [authz_core:debug] [pid 1512] mod_authz_core.c(802): [client 135.23.250.207:7082] AH01626: authorization result of <RequireAny>: granted, referer: https://connectnow.today/
[Sun Mar 16 15:36:24.404289 2014] [deflate:debug] [pid 1512] mod_deflate.c(764): [client 135.23.250.207:7082] AH01384: Zlib: Compressed 14950 to 1102 : URL /img/trans.png, referer: https://connectnow.today/
[Sun Mar 16 15:36:24.420861 2014] [ssl:debug] [pid 1515] ssl_engine_kernel.c(222): [client 135.23.250.207:7084] AH02034: Subsequent (No.5) HTTPS request received for child 4 (server connectnow.today:443), referer: https://connectnow.today/
[Sun Mar 16 15:36:24.421063 2014] [authz_core:debug] [pid 1515] mod_authz_core.c(802): [client 135.23.250.207:7084] AH01626: authorization result of Require all granted: granted, referer: https://connectnow.today/
[Sun Mar 16 15:36:24.421085 2014] [authz_core:debug] [pid 1515] mod_authz_core.c(802): [client 135.23.250.207:7084] AH01626: authorization result of <RequireAny>: granted, referer: https://connectnow.today/
[Sun Mar 16 15:36:24.423707 2014] [deflate:debug] [pid 1515] mod_deflate.c(764): [client 135.23.250.207:7084] AH01384: Zlib: Compressed 43572 to 43550 : URL /fonts/icons.woff, referer: https://connectnow.today/
[Sun Mar 16 15:36:24.602843 2014] [deflate:debug] [pid 1524] mod_deflate.c(764): [client 135.23.250.207:7085] AH01384: Zlib: Compressed 605852 to 595721 : URL /img/banner/banner2.jpg, referer: https://connectnow.today/
[Sun Mar 16 15:36:24.877325 2014] [deflate:debug] [pid 1519] mod_deflate.c(764): [client 135.23.250.207:7087] AH01384: Zlib: Compressed 785347 to 769800 : URL /img/banner/banner1.jpg, referer: https://connectnow.today/
[Sun Mar 16 15:36:24.909010 2014] [deflate:debug] [pid 1520] mod_deflate.c(764): [client 135.23.250.207:7081] AH01384: Zlib: Compressed 714361 to 699867 : URL /img/banner/banner3.jpg, referer: https://connectnow.today/
[Sun Mar 16 15:36:25.171850 2014] [ssl:debug] [pid 1520] ssl_engine_kernel.c(222): [client 135.23.250.207:7081] AH02034: Subsequent (No.7) HTTPS request received for child 6 (server connectnow.today:443)
[Sun Mar 16 15:36:25.172089 2014] [authz_core:debug] [pid 1520] mod_authz_core.c(802): [client 135.23.250.207:7081] AH01626: authorization result of Require all granted: granted
[Sun Mar 16 15:36:25.172105 2014] [authz_core:debug] [pid 1520] mod_authz_core.c(802): [client 135.23.250.207:7081] AH01626: authorization result of <RequireAny>: granted
[Sun Mar 16 15:36:25.181911 2014] [deflate:debug] [pid 1520] mod_deflate.c(764): [client 135.23.250.207:7081] AH01384: Zlib: Compressed 140206 to 10131 : URL /favicon.ico
[Sun Mar 16 15:36:25.483584 2014] [reqtimeout:info] [pid 1521] [client 207.245.236.158:31397] AH01382: Request header read timeout
[Sun Mar 16 15:36:25.483652 2014] [ssl:info] [pid 1521] (70007)The timeout specified has expired: [client 207.245.236.158:31397] AH01991: SSL input filter read failed.
[Sun Mar 16 15:36:25.483756 2014] [ssl:debug] [pid 1521] ssl_engine_io.c(991): [client 207.245.236.158:31397] AH02001: Connection closed to child 7 with standard shutdown (server connectnow.today:443)
[Sun Mar 16 15:36:26.142762 2014] [reqtimeout:info] [pid 1511] [client 207.245.236.158:31393] AH01382: Request header read timeout
[Sun Mar 16 15:36:26.142832 2014] [ssl:info] [pid 1511] (70007)The timeout specified has expired: [client 207.245.236.158:31393] AH01991: SSL input filter read failed.
[Sun Mar 16 15:36:26.142929 2014] [ssl:debug] [pid 1511] ssl_engine_io.c(991): [client 207.245.236.158:31393] AH02001: Connection closed to child 0 with standard shutdown (server connectnow.today:443)
[Sun Mar 16 15:36:26.455625 2014] [reqtimeout:info] [pid 1527] [client 207.245.236.158:34335] AH01382: Request header read timeout
[Sun Mar 16 15:36:26.455697 2014] [ssl:info] [pid 1527] (70007)The timeout specified has expired: [client 207.245.236.158:34335] AH01991: SSL input filter read failed.
[Sun Mar 16 15:36:26.455793 2014] [ssl:debug] [pid 1527] ssl_engine_io.c(991): [client 207.245.236.158:34335] AH02001: Connection closed to child 13 with standard shutdown (server connectnow.today:443)
[Sun Mar 16 15:36:26.516965 2014] [reqtimeout:info] [pid 1533] [client 207.245.236.158:34333] AH01382: Request header read timeout
[Sun Mar 16 15:36:26.517045 2014] [ssl:info] [pid 1533] (70007)The timeout specified has expired: [client 207.245.236.158:34333] AH01991: SSL input filter read failed.
[Sun Mar 16 15:36:26.517148 2014] [ssl:debug] [pid 1533] ssl_engine_io.c(991): [client 207.245.236.158:34333] AH02001: Connection closed to child 19 with standard shutdown (server connectnow.today:443)
[Sun Mar 16 15:36:29.397288 2014] [reqtimeout:info] [pid 1514] [client 135.23.250.207:7086] AH01382: Request header read timeout
[Sun Mar 16 15:36:29.397359 2014] [ssl:info] [pid 1514] (70007)The timeout specified has expired: [client 135.23.250.207:7086] AH01991: SSL input filter read failed.
[Sun Mar 16 15:36:29.397426 2014] [ssl:debug] [pid 1514] ssl_engine_io.c(991): [client 135.23.250.207:7086] AH02001: Connection closed to child 3 with standard shutdown (server connectnow.today:443)
[Sun Mar 16 15:36:29.409488 2014] [reqtimeout:info] [pid 1512] [client 135.23.250.207:7082] AH01382: Request header read timeout
[Sun Mar 16 15:36:29.409535 2014] [ssl:info] [pid 1512] (70007)The timeout specified has expired: [client 135.23.250.207:7082] AH01991: SSL input filter read failed.
[Sun Mar 16 15:36:29.409572 2014] [ssl:debug] [pid 1512] ssl_engine_io.c(991): [client 135.23.250.207:7082] AH02001: Connection closed to child 1 with standard shutdown (server connectnow.today:443)
[Sun Mar 16 15:36:29.429702 2014] [reqtimeout:info] [pid 1515] [client 135.23.250.207:7084] AH01382: Request header read timeout
[Sun Mar 16 15:36:29.429766 2014] [ssl:info] [pid 1515] (70007)The timeout specified has expired: [client 135.23.250.207:7084] AH01991: SSL input filter read failed.
[Sun Mar 16 15:36:29.429827 2014] [ssl:debug] [pid 1515] ssl_engine_io.c(991): [client 135.23.250.207:7084] AH02001: Connection closed to child 4 with standard shutdown (server connectnow.today:443)
[Sun Mar 16 15:36:29.689095 2014] [reqtimeout:info] [pid 1524] [client 135.23.250.207:7085] AH01382: Request header read timeout
[Sun Mar 16 15:36:29.689165 2014] [ssl:info] [pid 1524] (70007)The timeout specified has expired: [client 135.23.250.207:7085] AH01991: SSL input filter read failed.
