[Sun Mar 16 15:37:01.775926 2014] [authz_core:debug] [pid 1522] mod_authz_core.c(802): [client 135.23.250.207:7212] AH01626: authorization result of <RequireAny>: granted, referer: https://connectnow.today/
[Sun Mar 16 15:37:01.776369 2014] [deflate:debug] [pid 1522] mod_deflate.c(764): [client 135.23.250.207:7212] AH01384: Zlib: Compressed 16551 to 3223 : URL /img/home/bubbles/browse.png, referer: https://connectnow.today/
[Sun Mar 16 15:37:01.776644 2014] [ssl:debug] [pid 1523] ssl_engine_kernel.c(222): [client 135.23.250.207:7215] AH02034: Initial (No.1) HTTPS request received for child 9 (server connectnow.today:443), referer: https://connectnow.today/
[Sun Mar 16 15:37:01.776728 2014] [authz_core:debug] [pid 1523] mod_authz_core.c(802): [client 135.23.250.207:7215] AH01626: authorization result of Require all granted: granted, referer: https://connectnow.today/
[Sun Mar 16 15:37:01.776738 2014] [authz_core:debug] [pid 1523] mod_authz_core.c(802): [client 135.23.250.207:7215] AH01626: authorization result of <RequireAny>: granted, referer: https://connectnow.today/
[Sun Mar 16 15:37:01.777007 2014] [deflate:debug] [pid 1523] mod_deflate.c(764): [client 135.23.250.207:7215] AH01384: Zlib: Compressed 6270 to 1699 : URL /webfonts.js, referer: https://connectnow.today/
[Sun Mar 16 15:37:01.778721 2014] [ssl:debug] [pid 1525] ssl_engine_kernel.c(222): [client 135.23.250.207:7209] AH02034: Initial (No.1) HTTPS request received for child 11 (server connectnow.today:443), referer: https://connectnow.today/
[Sun Mar 16 15:37:01.778821 2014] [authz_core:debug] [pid 1525] mod_authz_core.c(802): [client 135.23.250.207:7209] AH01626: authorization result of Require all granted: granted, referer: https://connectnow.today/
[Sun Mar 16 15:37:01.778831 2014] [authz_core:debug] [pid 1525] mod_authz_core.c(802): [client 135.23.250.207:7209] AH01626: authorization result of <RequireAny>: granted, referer: https://connectnow.today/
[Sun Mar 16 15:37:01.779220 2014] [deflate:debug] [pid 1525] mod_deflate.c(764): [client 135.23.250.207:7209] AH01384: Zlib: Compressed 16319 to 2975 : URL /img/home/bubbles/commit.png, referer: https://connectnow.today/
[Sun Mar 16 15:37:01.780382 2014] [ssl:debug] [pid 1520] ssl_engine_kernel.c(1891): [client 135.23.250.207:7216] AH02041: Protocol: TLSv1.2, Cipher: AES128-SHA256 (128/128 bits)
[Sun Mar 16 15:37:01.784819 2014] [ssl:debug] [pid 1520] ssl_engine_kernel.c(222): [client 135.23.250.207:7216] AH02034: Initial (No.1) HTTPS request received for child 6 (server connectnow.today:443), referer: https://connectnow.today/
[Sun Mar 16 15:37:01.784925 2014] [authz_core:debug] [pid 1520] mod_authz_core.c(802): [client 135.23.250.207:7216] AH01626: authorization result of Require all granted: granted, referer: https://connectnow.today/
[Sun Mar 16 15:37:01.784936 2014] [authz_core:debug] [pid 1520] mod_authz_core.c(802): [client 135.23.250.207:7216] AH01626: authorization result of <RequireAny>: granted, referer: https://connectnow.today/
[Sun Mar 16 15:37:01.790613 2014] [deflate:debug] [pid 1520] mod_deflate.c(764): [client 135.23.250.207:7216] AH01384: Zlib: Compressed 93107 to 32784 : URL /js/jquery.min.js, referer: https://connectnow.today/
[Sun Mar 16 15:37:01.798953 2014] [ssl:debug] [pid 1524] ssl_engine_kernel.c(222): [client 135.23.250.207:7199] AH02034: Subsequent (No.5) HTTPS request received for child 10 (server connectnow.today:443), referer: https://connectnow.today/
[Sun Mar 16 15:37:01.799056 2014] [authz_core:debug] [pid 1524] mod_authz_core.c(802): [client 135.23.250.207:7199] AH01626: authorization result of Require all granted: granted, referer: https://connectnow.today/
[Sun Mar 16 15:37:01.799067 2014] [authz_core:debug] [pid 1524] mod_authz_core.c(802): [client 135.23.250.207:7199] AH01626: authorization result of <RequireAny>: granted, referer: https://connectnow.today/
[Sun Mar 16 15:37:01.800233 2014] [deflate:debug] [pid 1524] mod_deflate.c(764): [client 135.23.250.207:7199] AH01384: Zlib: Compressed 27957 to 7268 : URL /js/bootstrap.min.js, referer: https://connectnow.today/
[Sun Mar 16 15:37:01.809698 2014] [ssl:debug] [pid 1515] ssl_engine_kernel.c(222): [client 135.23.250.207:7208] AH02034: Subsequent (No.2) HTTPS request received for child 4 (server connectnow.today:443), referer: https://connectnow.today/
[Sun Mar 16 15:37:01.809861 2014] [authz_core:debug] [pid 1515] mod_authz_core.c(802): [client 135.23.250.207:7208] AH01626: authorization result of Require all granted: granted, referer: https://connectnow.today/
[Sun Mar 16 15:37:01.809872 2014] [authz_core:debug] [pid 1515] mod_authz_core.c(802): [client 135.23.250.207:7208] AH01626: authorization result of <RequireAny>: granted, referer: https://connectnow.today/
[Sun Mar 16 15:37:01.810282 2014] [deflate:debug] [pid 1515] mod_deflate.c(764): [client 135.23.250.207:7208] AH01384: Zlib: Compressed 7507 to 2695 : URL /js/transit.js, referer: https://connectnow.today/
[Sun Mar 16 15:37:01.814797 2014] [ssl:debug] [pid 1512] ssl_engine_kernel.c(222): [client 135.23.250.207:7214] AH02034: Subsequent (No.2) HTTPS request received for child 1 (server connectnow.today:443), referer: https://connectnow.today/
[Sun Mar 16 15:37:01.814900 2014] [authz_core:debug] [pid 1512] mod_authz_core.c(802): [client 135.23.250.207:7214] AH01626: authorization result of Require all granted: granted, referer: https://connectnow.today/
[Sun Mar 16 15:37:01.814911 2014] [authz_core:debug] [pid 1512] mod_authz_core.c(802): [client 135.23.250.207:7214] AH01626: authorization result of <RequireAny>: granted, referer: https://connectnow.today/
[Sun Mar 16 15:37:01.821295 2014] [deflate:debug] [pid 1512] mod_deflate.c(764): [client 135.23.250.207:7214] AH01384: Zlib: Compressed 134757 to 32442 : URL /js/semantic.min.js, referer: https://connectnow.today/
[Sun Mar 16 15:37:01.874027 2014] [ssl:debug] [pid 1524] ssl_engine_kernel.c(222): [client 135.23.250.207:7199] AH02034: Subsequent (No.6) HTTPS request received for child 10 (server connectnow.today:443), referer: https://connectnow.today/
[Sun Mar 16 15:37:01.874272 2014] [authz_core:debug] [pid 1524] mod_authz_core.c(802): [client 135.23.250.207:7199] AH01626: authorization result of Require all granted: granted, referer: https://connectnow.today/
[Sun Mar 16 15:37:01.874284 2014] [authz_core:debug] [pid 1524] mod_authz_core.c(802): [client 135.23.250.207:7199] AH01626: authorization result of <RequireAny>: granted, referer: https://connectnow.today/
[Sun Mar 16 15:37:01.875044 2014] [deflate:debug] [pid 1524] mod_deflate.c(764): [client 135.23.250.207:7199] AH01384: Zlib: Compressed 20290 to 20193 : URL /fonts/glyphicons-halflings-regular.eot, referer: https://connectnow.today/
[Sun Mar 16 15:37:01.875634 2014] [ssl:debug] [pid 1515] ssl_engine_kernel.c(222): [client 135.23.250.207:7208] AH02034: Subsequent (No.3) HTTPS request received for child 4 (server connectnow.today:443), referer: https://connectnow.today/
[Sun Mar 16 15:37:01.875721 2014] [authz_core:debug] [pid 1515] mod_authz_core.c(802): [client 135.23.250.207:7208] AH01626: authorization result of Require all granted: granted, referer: https://connectnow.today/
[Sun Mar 16 15:37:01.875731 2014] [authz_core:debug] [pid 1515] mod_authz_core.c(802): [client 135.23.250.207:7208] AH01626: authorization result of <RequireAny>: granted, referer: https://connectnow.today/
[Sun Mar 16 15:37:01.876894 2014] [deflate:debug] [pid 1515] mod_deflate.c(764): [client 135.23.250.207:7208] AH01384: Zlib: Compressed 37405 to 37356 : URL /fonts/icons.eot, referer: https://connectnow.today/
[Sun Mar 16 15:37:01.878507 2014] [ssl:info] [pid 1537] [client 135.23.250.207:7220] AH01964: Connection to child 0 established (server connectnow.today:443)
[Sun Mar 16 15:37:01.878948 2014] [ssl:debug] [pid 1537] ssl_engine_kernel.c(1958): [client 135.23.250.207:7220] AH02043: SSL virtual host for servername connectnow.today found
[Sun Mar 16 15:37:01.894925 2014] [ssl:debug] [pid 1536] ssl_engine_kernel.c(222): [client 135.23.250.207:7200] AH02034: Subsequent (No.3) HTTPS request received for child 14 (server connectnow.today:443), referer: https://connectnow.today/
[Sun Mar 16 15:37:01.895128 2014] [authz_core:debug] [pid 1536] mod_authz_core.c(802): [client 135.23.250.207:7200] AH01626: authorization result of Require all granted: granted, referer: https://connectnow.today/
[Sun Mar 16 15:37:01.895140 2014] [authz_core:debug] [pid 1536] mod_authz_core.c(802): [client 135.23.250.207:7200] AH01626: authorization result of <RequireAny>: granted, referer: https://connectnow.today/
[Sun Mar 16 15:37:01.898559 2014] [ssl:debug] [pid 1525] ssl_engine_kernel.c(222): [client 135.23.250.207:7209] AH02034: Subsequent (No.2) HTTPS request received for child 11 (server connectnow.today:443), referer: https://connectnow.today/
[Sun Mar 16 15:37:01.898652 2014] [authz_core:debug] [pid 1525] mod_authz_core.c(802): [client 135.23.250.207:7209] AH01626: authorization result of Require all granted: granted, referer: https://connectnow.today/
[Sun Mar 16 15:37:01.898691 2014] [authz_core:debug] [pid 1525] mod_authz_core.c(802): [client 135.23.250.207:7209] AH01626: authorization result of <RequireAny>: granted, referer: https://connectnow.today/
[Sun Mar 16 15:37:01.902799 2014] [ssl:debug] [pid 1520] ssl_engine_kernel.c(222): [client 135.23.250.207:7216] AH02034: Subsequent (No.2) HTTPS request received for child 6 (server connectnow.today:443), referer: https://connectnow.today/
[Sun Mar 16 15:37:01.902926 2014] [authz_core:debug] [pid 1520] mod_authz_core.c(802): [client 135.23.250.207:7216] AH01626: authorization result of Require all granted: granted, referer: https://connectnow.today/
[Sun Mar 16 15:37:01.902938 2014] [authz_core:debug] [pid 1520] mod_authz_core.c(802): [client 135.23.250.207:7216] AH01626: authorization result of <RequireAny>: granted, referer: https://connectnow.today/
[Sun Mar 16 15:37:01.903301 2014] [deflate:debug] [pid 1520] mod_deflate.c(764): [client 135.23.250.207:7216] AH01384: Zlib: Compressed 14950 to 1104 : URL /img/searchbg.png, referer: https://connectnow.today/
[Sun Mar 16 15:37:01.903658 2014] [ssl:debug] [pid 1523] ssl_engine_kernel.c(222): [client 135.23.250.207:7215] AH02034: Subsequent (No.2) HTTPS request received for child 9 (server connectnow.today:443), referer: https://connectnow.today/
[Sun Mar 16 15:37:01.903790 2014] [authz_core:debug] [pid 1523] mod_authz_core.c(802): [client 135.23.250.207:7215] AH01626: authorization result of Require all granted: granted, referer: https://connectnow.today/
[Sun Mar 16 15:37:01.903806 2014] [authz_core:debug] [pid 1523] mod_authz_core.c(802): [client 135.23.250.207:7215] AH01626: authorization result of <RequireAny>: granted, referer: https://connectnow.today/
[Sun Mar 16 15:37:01.906829 2014] [ssl:debug] [pid 1522] ssl_engine_kernel.c(222): [client 135.23.250.207:7212] AH02034: Subsequent (No.2) HTTPS request received for child 8 (server connectnow.today:443), referer: https://connectnow.today/
[Sun Mar 16 15:37:01.906969 2014] [authz_core:debug] [pid 1522] mod_authz_core.c(802): [client 135.23.250.207:7212] AH01626: authorization result of Require all granted: granted, referer: https://connectnow.today/
[Sun Mar 16 15:37:01.906984 2014] [authz_core:debug] [pid 1522] mod_authz_core.c(802): [client 135.23.250.207:7212] AH01626: authorization result of <RequireAny>: granted, referer: https://connectnow.today/
[Sun Mar 16 15:37:01.907341 2014] [deflate:debug] [pid 1522] mod_deflate.c(764): [client 135.23.250.207:7212] AH01384: Zlib: Compressed 14950 to 1098 : URL /img/30perc.png, referer: https://connectnow.today/
[Sun Mar 16 15:37:01.908959 2014] [ssl:debug] [pid 1519] ssl_engine_kernel.c(222): [client 135.23.250.207:7210] AH02034: Subsequent (No.2) HTTPS request received for child 5 (server connectnow.today:443), referer: https://connectnow.today/
[Sun Mar 16 15:37:01.909094 2014] [authz_core:debug] [pid 1519] mod_authz_core.c(802): [client 135.23.250.207:7210] AH01626: authorization result of Require all granted: granted, referer: https://connectnow.today/
[Sun Mar 16 15:37:01.909110 2014] [authz_core:debug] [pid 1519] mod_authz_core.c(802): [client 135.23.250.207:7210] AH01626: authorization result of <RequireAny>: granted, referer: https://connectnow.today/
[Sun Mar 16 15:37:01.910021 2014] [deflate:debug] [pid 1519] mod_deflate.c(764): [client 135.23.250.207:7210] AH01384: Zlib: Compressed 19553 to 12276 : URL /img/home/ready.jpg, referer: https://connectnow.today/
[Sun Mar 16 15:37:01.916993 2014] [ssl:debug] [pid 1526] ssl_engine_kernel.c(222): [client 135.23.250.207:7207] AH02034: Subsequent (No.2) HTTPS request received for child 12 (server connectnow.today:443), referer: https://connectnow.today/
[Sun Mar 16 15:37:01.917093 2014] [authz_core:debug] [pid 1526] mod_authz_core.c(802): [client 135.23.250.207:7207] AH01626: authorization result of Require all granted: granted, referer: https://connectnow.today/
[Sun Mar 16 15:37:01.917103 2014] [authz_core:debug] [pid 1526] mod_authz_core.c(802): [client 135.23.250.207:7207] AH01626: authorization result of <RequireAny>: granted, referer: https://connectnow.today/
[Sun Mar 16 15:37:01.917461 2014] [deflate:debug] [pid 1526] mod_deflate.c(764): [client 135.23.250.207:7207] AH01384: Zlib: Compressed 14950 to 1102 : URL /img/trans.png, referer: https://connectnow.today/
[Sun Mar 16 15:37:01.928307 2014] [ssl:debug] [pid 1537] ssl_engine_kernel.c(1891): [client 135.23.250.207:7220] AH02041: Protocol: TLSv1.2, Cipher: AES128-SHA256 (128/128 bits)
[Sun Mar 16 15:37:02.339638 2014] [deflate:debug] [pid 1523] mod_deflate.c(764): [client 135.23.250.207:7215] AH01384: Zlib: Compressed 714361 to 699867 : URL /img/banner/banner3.jpg, referer: https://connectnow.today/
[Sun Mar 16 15:37:02.368269 2014] [deflate:debug] [pid 1525] mod_deflate.c(764): [client 135.23.250.207:7209] AH01384: Zlib: Compressed 605852 to 595721 : URL /img/banner/banner2.jpg, referer: https://connectnow.today/
[Sun Mar 16 15:37:02.468988 2014] [deflate:debug] [pid 1536] mod_deflate.c(764): [client 135.23.250.207:7200] AH01384: Zlib: Compressed 785347 to 769800 : URL /img/banner/banner1.jpg, referer: https://connectnow.today/
[Sun Mar 16 15:37:02.475720 2014] [ssl:debug] [pid 1515] ssl_engine_kernel.c(222): [client 135.23.250.207:7208] AH02034: Subsequent (No.4) HTTPS request received for child 4 (server connectnow.today:443), referer: https://connectnow.today/
[Sun Mar 16 15:37:02.475897 2014] [authz_core:debug] [pid 1515] mod_authz_core.c(802): [client 135.23.250.207:7208] AH01626: authorization result of Require all granted: granted, referer: https://connectnow.today/
[Sun Mar 16 15:37:02.475908 2014] [authz_core:debug] [pid 1515] mod_authz_core.c(802): [client 135.23.250.207:7208] AH01626: authorization result of <RequireAny>: granted, referer: https://connectnow.today/
[Sun Mar 16 15:37:02.478278 2014] [deflate:debug] [pid 1515] mod_deflate.c(764): [client 135.23.250.207:7208] AH01384: Zlib: Compressed 61024 to 60977 : URL /webfonts/2964B3_0_0.woff, referer: https://connectnow.today/
[Sun Mar 16 15:37:02.880233 2014] [ssl:info] [pid 1539] [client 135.23.250.207:7213] AH01964: Connection to child 3 established (server connectnow.today:443)
[Sun Mar 16 15:37:02.880735 2014] [ssl:debug] [pid 1539] ssl_engine_kernel.c(1958): [client 135.23.250.207:7213] AH02043: SSL virtual host for servername connectnow.today found
[Sun Mar 16 15:37:02.881332 2014] [ssl:info] [pid 1538] [client 135.23.250.207:7218] AH01964: Connection to child 2 established (server connectnow.today:443)
[Sun Mar 16 15:37:02.881687 2014] [ssl:debug] [pid 1538] ssl_engine_kernel.c(1958): [client 135.23.250.207:7218] AH02043: SSL virtual host for servername connectnow.today found
[Sun Mar 16 15:37:02.930395 2014] [ssl:debug] [pid 1539] ssl_engine_kernel.c(1891): [client 135.23.250.207:7213] AH02041: Protocol: TLSv1.2, Cipher: AES128-SHA256 (128/128 bits)
[Sun Mar 16 15:37:02.931300 2014] [ssl:debug] [pid 1538] ssl_engine_kernel.c(1891): [client 135.23.250.207:7218] AH02041: Protocol: TLSv1.2, Cipher: AES128-SHA256 (128/128 bits)
[Sun Mar 16 15:37:03.882317 2014] [ssl:info] [pid 1543] [client 135.23.250.207:7217] AH01964: Connection to child 16 established (server connectnow.today:443)
[Sun Mar 16 15:37:03.882871 2014] [ssl:debug] [pid 1543] ssl_engine_kernel.c(1958): [client 135.23.250.207:7217] AH02043: SSL virtual host for servername connectnow.today found
[Sun Mar 16 15:37:03.883495 2014] [ssl:info] [pid 1542] [client 135.23.250.207:7219] AH01964: Connection to child 15 established (server connectnow.today:443)
[Sun Mar 16 15:37:03.883877 2014] [ssl:debug] [pid 1542] ssl_engine_kernel.c(1958): [client 135.23.250.207:7219] AH02043: SSL virtual host for servername connectnow.today found
[Sun Mar 16 15:37:03.884452 2014] [ssl:info] [pid 1541] [client 135.23.250.207:7211] AH01964: Connection to child 13 established (server connectnow.today:443)
[Sun Mar 16 15:37:03.884817 2014] [ssl:debug] [pid 1541] ssl_engine_kernel.c(1958): [client 135.23.250.207:7211] AH02043: SSL virtual host for servername connectnow.today found
[Sun Mar 16 15:37:03.885388 2014] [ssl:info] [pid 1540] [client 135.23.250.207:7234] AH01964: Connection to child 7 established (server connectnow.today:443)
[Sun Mar 16 15:37:03.885718 2014] [ssl:debug] [pid 1540] ssl_engine_kernel.c(1958): [client 135.23.250.207:7234] AH02043: SSL virtual host for servername connectnow.today found
[Sun Mar 16 15:37:03.934542 2014] [ssl:debug] [pid 1543] ssl_engine_kernel.c(1891): [client 135.23.250.207:7217] AH02041: Protocol: TLSv1.2, Cipher: AES128-SHA256 (128/128 bits)
[Sun Mar 16 15:37:03.938274 2014] [ssl:debug] [pid 1542] ssl_engine_kernel.c(1891): [client 135.23.250.207:7219] AH02041: Protocol: TLSv1.2, Cipher: AES128-SHA256 (128/128 bits)
[Sun Mar 16 15:37:03.939760 2014] [ssl:debug] [pid 1541] ssl_engine_kernel.c(1891): [client 135.23.250.207:7211] AH02041: Protocol: TLSv1.2, Cipher: AES128-SHA256 (128/128 bits)
[Sun Mar 16 15:37:04.008977 2014] [ssl:debug] [pid 1540] ssl_engine_kernel.c(1891): [client 135.23.250.207:7234] AH02041: Protocol: TLSv1.2, Cipher: AES128-SHA256 (128/128 bits)
[Sun Mar 16 15:37:04.009168 2014] [ssl:debug] [pid 1540] ssl_engine_kernel.c(222): [client 135.23.250.207:7234] AH02034: Initial (No.1) HTTPS request received for child 7 (server connectnow.today:443)
[Sun Mar 16 15:37:04.009420 2014] [authz_core:debug] [pid 1540] mod_authz_core.c(802): [client 135.23.250.207:7234] AH01626: authorization result of Require all granted: granted
[Sun Mar 16 15:37:04.009431 2014] [authz_core:debug] [pid 1540] mod_authz_core.c(802): [client 135.23.250.207:7234] AH01626: authorization result of <RequireAny>: granted
[Sun Mar 16 15:37:04.010095 2014] [deflate:debug] [pid 1540] mod_deflate.c(764): [client 135.23.250.207:7234] AH01384: Zlib: Compressed 18807 to 4982 : URL /favicon-128.png
[Sun Mar 16 15:37:04.885181 2014] [ssl:info] [pid 1550] [client 135.23.250.207:7233] AH01964: Connection to child 23 established (server connectnow.today:443)
[Sun Mar 16 15:37:04.885608 2014] [ssl:debug] [pid 1550] ssl_engine_kernel.c(1958): [client 135.23.250.207:7233] AH02043: SSL virtual host for servername connectnow.today found
[Sun Mar 16 15:37:04.948854 2014] [ssl:debug] [pid 1550] ssl_engine_kernel.c(1891): [client 135.23.250.207:7233] AH02041: Protocol: TLSv1.2, Cipher: AES128-SHA256 (128/128 bits)
[Sun Mar 16 15:37:06.827456 2014] [reqtimeout:info] [pid 1512] [client 135.23.250.207:7214] AH01382: Request header read timeout
[Sun Mar 16 15:37:06.827566 2014] [ssl:info] [pid 1512] (70007)The timeout specified has expired: [client 135.23.250.207:7214] AH01991: SSL input filter read failed.
[Sun Mar 16 15:37:06.827673 2014] [ssl:debug] [pid 1512] ssl_engine_io.c(991): [client 135.23.250.207:7214] AH02001: Connection closed to child 1 with standard shutdown (server connectnow.today:443)
[Sun Mar 16 15:37:06.877839 2014] [reqtimeout:info] [pid 1524] [client 135.23.250.207:7199] AH01382: Request header read timeout
[Sun Mar 16 15:37:06.877918 2014] [ssl:info] [pid 1524] (70007)The timeout specified has expired: [client 135.23.250.207:7199] AH01991: SSL input filter read failed.
[Sun Mar 16 15:37:06.878019 2014] [ssl:debug] [pid 1524] ssl_engine_io.c(991): [client 135.23.250.207:7199] AH02001: Connection closed to child 10 with standard shutdown (server connectnow.today:443)
[Sun Mar 16 15:37:06.908632 2014] [reqtimeout:info] [pid 1520] [client 135.23.250.207:7216] AH01382: Request header read timeout
[Sun Mar 16 15:37:06.908708 2014] [ssl:info] [pid 1520] (70007)The timeout specified has expired: [client 135.23.250.207:7216] AH01991: SSL input filter read failed.
[Sun Mar 16 15:37:06.908804 2014] [ssl:debug] [pid 1520] ssl_engine_io.c(991): [client 135.23.250.207:7216] AH02001: Connection closed to child 6 with standard shutdown (server connectnow.today:443)
[Sun Mar 16 15:37:06.908918 2014] [reqtimeout:info] [pid 1522] [client 135.23.250.207:7212] AH01382: Request header read timeout
[Sun Mar 16 15:37:06.908946 2014] [ssl:info] [pid 1522] (70007)The timeout specified has expired: [client 135.23.250.207:7212] AH01991: SSL input filter read failed.
[Sun Mar 16 15:37:06.908993 2014] [ssl:debug] [pid 1522] ssl_engine_io.c(991): [client 135.23.250.207:7212] AH02001: Connection closed to child 8 with standard shutdown (server connectnow.today:443)
[Sun Mar 16 15:37:06.915481 2014] [reqtimeout:info] [pid 1519] [client 135.23.250.207:7210] AH01382: Request header read timeout
[Sun Mar 16 15:37:06.915660 2014] [ssl:info] [pid 1519] (70007)The timeout specified has expired: [client 135.23.250.207:7210] AH01991: SSL input filter read failed.
[Sun Mar 16 15:37:06.915749 2014] [ssl:debug] [pid 1519] ssl_engine_io.c(991): [client 135.23.250.207:7210] AH02001: Connection closed to child 5 with standard shutdown (server connectnow.today:443)
[Sun Mar 16 15:37:06.922709 2014] [reqtimeout:info] [pid 1526] [client 135.23.250.207:7207] AH01382: Request header read timeout
[Sun Mar 16 15:37:06.922779 2014] [ssl:info] [pid 1526] (70007)The timeout specified has expired: [client 135.23.250.207:7207] AH01991: SSL input filter read failed.
[Sun Mar 16 15:37:06.922859 2014] [ssl:debug] [pid 1526] ssl_engine_io.c(991): [client 135.23.250.207:7207] AH02001: Connection closed to child 12 with standard shutdown (server connectnow.today:443)
[Sun Mar 16 15:37:07.374224 2014] [reqtimeout:info] [pid 1525] [client 135.23.250.207:7209] AH01382: Request header read timeout
[Sun Mar 16 15:37:07.374294 2014] [ssl:info] [pid 1525] (70007)The timeout specified has expired: [client 135.23.250.207:7209] AH01991: SSL input filter read failed.
[Sun Mar 16 15:37:07.374377 2014] [ssl:debug] [pid 1525] ssl_engine_io.c(991): [client 135.23.250.207:7209] AH02001: Connection closed to child 11 with standard shutdown (server connectnow.today:443)
[Sun Mar 16 15:37:07.413027 2014] [ssl:info] [pid 1523] (104)Connection reset by peer: [client 135.23.250.207:7215] AH01991: SSL input filter read failed.
[Sun Mar 16 15:37:07.413165 2014] [ssl:debug] [pid 1523] ssl_engine_io.c(991): [client 135.23.250.207:7215] AH02001: Connection closed to child 9 with standard shutdown (server connectnow.today:443)
[Sun Mar 16 15:37:07.413275 2014] [ssl:info] [pid 1542] (104)Connection reset by peer: [client 135.23.250.207:7219] AH01991: SSL input filter read failed.
[Sun Mar 16 15:37:07.413356 2014] [ssl:debug] [pid 1542] ssl_engine_io.c(991): [client 135.23.250.207:7219] AH02001: Connection closed to child 15 with standard shutdown (server connectnow.today:443)
[Sun Mar 16 15:37:07.414170 2014] [ssl:info] [pid 1539] (104)Connection reset by peer: [client 135.23.250.207:7213] AH01991: SSL input filter read failed.
[Sun Mar 16 15:37:07.414264 2014] [ssl:debug] [pid 1539] ssl_engine_io.c(991): [client 135.23.250.207:7213] AH02001: Connection closed to child 3 with standard shutdown (server connectnow.today:443)
[Sun Mar 16 15:37:07.414354 2014] [ssl:info] [pid 1543] (104)Connection reset by peer: [client 135.23.250.207:7217] AH01991: SSL input filter read failed.
[Sun Mar 16 15:37:07.414420 2014] [ssl:debug] [pid 1543] ssl_engine_io.c(991): [client 135.23.250.207:7217] AH02001: Connection closed to child 16 with standard shutdown (server connectnow.today:443)
[Sun Mar 16 15:37:07.414484 2014] [ssl:info] [pid 1537] (104)Connection reset by peer: [client 135.23.250.207:7220] AH01991: SSL input filter read failed.
[Sun Mar 16 15:37:07.414573 2014] [ssl:debug] [pid 1537] ssl_engine_io.c(991): [client 135.23.250.207:7220] AH02001: Connection closed to child 0 with standard shutdown (server connectnow.today:443)
[Sun Mar 16 15:37:07.414636 2014] [ssl:info] [pid 1538] (104)Connection reset by peer: [client 135.23.250.207:7218] AH01991: SSL input filter read failed.
[Sun Mar 16 15:37:07.414725 2014] [ssl:debug] [pid 1538] ssl_engine_io.c(991): [client 135.23.250.207:7218] AH02001: Connection closed to child 2 with standard shutdown (server connectnow.today:443)
[Sun Mar 16 15:37:07.414789 2014] [ssl:info] [pid 1541] (104)Connection reset by peer: [client 135.23.250.207:7211] AH01991: SSL input filter read failed.
[Sun Mar 16 15:37:07.414848 2014] [ssl:debug] [pid 1541] ssl_engine_io.c(991): [client 135.23.250.207:7211] AH02001: Connection closed to child 13 with standard shutdown (server connectnow.today:443)
[Sun Mar 16 15:37:07.414910 2014] [ssl:info] [pid 1515] (104)Connection reset by peer: [client 135.23.250.207:7208] AH01991: SSL input filter read failed.
[Sun Mar 16 15:37:07.414965 2014] [ssl:debug] [pid 1515] ssl_engine_io.c(991): [client 135.23.250.207:7208] AH02001: Connection closed to child 4 with standard shutdown (server connectnow.today:443)
[Sun Mar 16 15:37:07.428999 2014] [ssl:info] [pid 1550] (104)Connection reset by peer: [client 135.23.250.207:7233] AH01991: SSL input filter read failed.
[Sun Mar 16 15:37:07.429157 2014] [ssl:debug] [pid 1550] ssl_engine_io.c(991): [client 135.23.250.207:7233] AH02001: Connection closed to child 23 with standard shutdown (server connectnow.today:443)
[Sun Mar 16 15:37:07.433214 2014] [ssl:info] [pid 1540] (104)Connection reset by peer: [client 135.23.250.207:7234] AH01991: SSL input filter read failed.
[Sun Mar 16 15:37:07.433290 2014] [ssl:debug] [pid 1540] ssl_engine_io.c(991): [client 135.23.250.207:7234] AH02001: Connection closed to child 7 with standard shutdown (server connectnow.today:443)
[Sun Mar 16 15:37:07.685046 2014] [reqtimeout:info] [pid 1536] [client 135.23.250.207:7200] AH01382: Request header read timeout
[Sun Mar 16 15:37:07.685114 2014] [ssl:info] [pid 1536] (70007)The timeout specified has expired: [client 135.23.250.207:7200] AH01991: SSL input filter read failed.
[Sun Mar 16 15:37:07.685192 2014] [ssl:debug] [pid 1536] ssl_engine_io.c(991): [client 135.23.250.207:7200] AH02001: Connection closed to child 14 with standard shutdown (server connectnow.today:443)
[Sun Mar 16 15:37:15.322693 2014] [ssl:info] [pid 1542] [client 135.23.250.207:7237] AH01964: Connection to child 15 established (server connectnow.today:443)
[Sun Mar 16 15:37:15.323112 2014] [ssl:debug] [pid 1542] ssl_engine_kernel.c(1958): [client 135.23.250.207:7237] AH02043: SSL virtual host for servername connectnow.today found
[Sun Mar 16 15:37:15.326913 2014] [ssl:info] [pid 1539] [client 135.23.250.207:7238] AH01964: Connection to child 3 established (server connectnow.today:443)
[Sun Mar 16 15:37:15.327145 2014] [ssl:debug] [pid 1539] ssl_engine_kernel.c(1958): [client 135.23.250.207:7238] AH02043: SSL virtual host for servername connectnow.today found
[Sun Mar 16 15:37:15.327432 2014] [ssl:info] [pid 1519] [client 135.23.250.207:7241] AH01964: Connection to child 5 established (server connectnow.today:443)
[Sun Mar 16 15:37:15.327661 2014] [ssl:debug] [pid 1519] ssl_engine_kernel.c(1958): [client 135.23.250.207:7241] AH02043: SSL virtual host for servername connectnow.today found
[Sun Mar 16 15:37:15.327809 2014] [ssl:info] [pid 1515] [client 135.23.250.207:7240] AH01964: Connection to child 4 established (server connectnow.today:443)
[Sun Mar 16 15:37:15.328078 2014] [ssl:debug] [pid 1515] ssl_engine_kernel.c(1958): [client 135.23.250.207:7240] AH02043: SSL virtual host for servername connectnow.today found
[Sun Mar 16 15:37:15.328284 2014] [ssl:info] [pid 1536] [client 135.23.250.207:7242] AH01964: Connection to child 14 established (server connectnow.today:443)
[Sun Mar 16 15:37:15.328493 2014] [ssl:debug] [pid 1536] ssl_engine_kernel.c(1958): [client 135.23.250.207:7242] AH02043: SSL virtual host for servername connectnow.today found
[Sun Mar 16 15:37:15.330148 2014] [ssl:info] [pid 1541] [client 135.23.250.207:7239] AH01964: Connection to child 13 established (server connectnow.today:443)
[Sun Mar 16 15:37:15.330351 2014] [ssl:debug] [pid 1541] ssl_engine_kernel.c(1958): [client 135.23.250.207:7239] AH02043: SSL virtual host for servername connectnow.today found
[Sun Mar 16 15:37:15.378647 2014] [ssl:debug] [pid 1536] ssl_engine_kernel.c(1891): [client 135.23.250.207:7242] AH02041: Protocol: TLSv1.2, Cipher: ECDHE-RSA-AES128-GCM-SHA256 (128/128 bits)
[Sun Mar 16 15:37:15.378832 2014] [ssl:debug] [pid 1542] ssl_engine_kernel.c(1891): [client 135.23.250.207:7237] AH02041: Protocol: TLSv1.2, Cipher: ECDHE-RSA-AES128-GCM-SHA256 (128/128 bits)
[Sun Mar 16 15:37:15.379025 2014] [ssl:debug] [pid 1539] ssl_engine_kernel.c(1891): [client 135.23.250.207:7238] AH02041: Protocol: TLSv1.2, Cipher: ECDHE-RSA-AES128-GCM-SHA256 (128/128 bits)
[Sun Mar 16 15:37:15.379309 2014] [ssl:debug] [pid 1519] ssl_engine_kernel.c(1891): [client 135.23.250.207:7241] AH02041: Protocol: TLSv1.2, Cipher: ECDHE-RSA-AES128-GCM-SHA256 (128/128 bits)
[Sun Mar 16 15:37:15.382498 2014] [ssl:debug] [pid 1515] ssl_engine_kernel.c(1891): [client 135.23.250.207:7240] AH02041: Protocol: TLSv1.2, Cipher: ECDHE-RSA-AES128-GCM-SHA256 (128/128 bits)
[Sun Mar 16 15:37:15.383099 2014] [ssl:debug] [pid 1541] ssl_engine_kernel.c(1891): [client 135.23.250.207:7239] AH02041: Protocol: TLSv1.2, Cipher: ECDHE-RSA-AES128-GCM-SHA256 (128/128 bits)
[Sun Mar 16 15:37:24.712315 2014] [ssl:debug] [pid 1541] ssl_engine_kernel.c(222): [client 135.23.250.207:7239] AH02034: Initial (No.1) HTTPS request received for child 13 (server connectnow.today:443), referer: https://connectnow.today/
[Sun Mar 16 15:37:24.712639 2014] [authz_core:debug] [pid 1541] mod_authz_core.c(802): [client 135.23.250.207:7239] AH01626: authorization result of Require all granted: granted, referer: https://connectnow.today/
[Sun Mar 16 15:37:24.712663 2014] [authz_core:debug] [pid 1541] mod_authz_core.c(802): [client 135.23.250.207:7239] AH01626: authorization result of <RequireAny>: granted, referer: https://connectnow.today/
[Sun Mar 16 15:37:24.712799 2014] [authz_core:debug] [pid 1541] mod_authz_core.c(802): [client 135.23.250.207:7239] AH01626: authorization result of Require all granted: granted, referer: https://connectnow.today/
[Sun Mar 16 15:37:24.712811 2014] [authz_core:debug] [pid 1541] mod_authz_core.c(802): [client 135.23.250.207:7239] AH01626: authorization result of <RequireAny>: granted, referer: https://connectnow.today/
[Sun Mar 16 15:37:24.743565 2014] [deflate:debug] [pid 1541] mod_deflate.c(764): [client 135.23.250.207:7239] AH01384: Zlib: Compressed 44266 to 6418 : URL /index.php, referer: https://connectnow.today/
[Sun Mar 16 15:37:24.932359 2014] [ssl:debug] [pid 1541] ssl_engine_kernel.c(222): [client 135.23.250.207:7239] AH02034: Subsequent (No.2) HTTPS request received for child 13 (server connectnow.today:443), referer: https://connectnow.today/explore
[Sun Mar 16 15:37:24.932587 2014] [authz_core:debug] [pid 1541] mod_authz_core.c(802): [client 135.23.250.207:7239] AH01626: authorization result of Require all granted: granted, referer: https://connectnow.today/explore
[Sun Mar 16 15:37:24.932600 2014] [authz_core:debug] [pid 1541] mod_authz_core.c(802): [client 135.23.250.207:7239] AH01626: authorization result of <RequireAny>: granted, referer: https://connectnow.today/explore
[Sun Mar 16 15:37:25.016558 2014] [ssl:debug] [pid 1541] ssl_engine_kernel.c(222): [client 135.23.250.207:7239] AH02034: Subsequent (No.3) HTTPS request received for child 13 (server connectnow.today:443), referer: https://connectnow.today/explore
[Sun Mar 16 15:37:25.016857 2014] [ssl:debug] [pid 1515] ssl_engine_kernel.c(222): [client 135.23.250.207:7240] AH02034: Initial (No.1) HTTPS request received for child 4 (server connectnow.today:443), referer: https://connectnow.today/explore
[Sun Mar 16 15:37:25.017095 2014] [authz_core:debug] [pid 1515] mod_authz_core.c(802): [client 135.23.250.207:7240] AH01626: authorization result of Require all granted: granted, referer: https://connectnow.today/explore
[Sun Mar 16 15:37:25.017114 2014] [authz_core:debug] [pid 1515] mod_authz_core.c(802): [client 135.23.250.207:7240] AH01626: authorization result of <RequireAny>: granted, referer: https://connectnow.today/explore
[Sun Mar 16 15:37:25.017445 2014] [authz_core:debug] [pid 1541] mod_authz_core.c(802): [client 135.23.250.207:7239] AH01626: authorization result of Require all granted: granted, referer: https://connectnow.today/explore
[Sun Mar 16 15:37:25.017464 2014] [authz_core:debug] [pid 1541] mod_authz_core.c(802): [client 135.23.250.207:7239] AH01626: authorization result of <RequireAny>: granted, referer: https://connectnow.today/explore
[Sun Mar 16 15:37:25.019809 2014] [deflate:debug] [pid 1515] mod_deflate.c(764): [client 135.23.250.207:7240] AH01384: Zlib: Compressed 14950 to 1101 : URL /img/blue80.png, referer: https://connectnow.today/explore
[Sun Mar 16 15:37:25.020594 2014] [deflate:debug] [pid 1541] mod_deflate.c(764): [client 135.23.250.207:7239] AH01384: Zlib: Compressed 15327 to 9592 : URL /img/about.jpg, referer: https://connectnow.today/explore
[Sun Mar 16 15:37:25.242834 2014] [ssl:debug] [pid 1515] ssl_engine_kernel.c(222): [client 135.23.250.207:7240] AH02034: Subsequent (No.2) HTTPS request received for child 4 (server connectnow.today:443), referer: https://connectnow.today/explore
[Sun Mar 16 15:37:25.243046 2014] [authz_core:debug] [pid 1515] mod_authz_core.c(802): [client 135.23.250.207:7240] AH01626: authorization result of Require all granted: granted, referer: https://connectnow.today/explore
[Sun Mar 16 15:37:25.243059 2014] [authz_core:debug] [pid 1515] mod_authz_core.c(802): [client 135.23.250.207:7240] AH01626: authorization result of <RequireAny>: granted, referer: https://connectnow.today/explore
[Sun Mar 16 15:37:25.243146 2014] [authz_core:debug] [pid 1515] mod_authz_core.c(802): [client 135.23.250.207:7240] AH01626: authorization result of Require all granted: granted, referer: https://connectnow.today/explore
[Sun Mar 16 15:37:25.243171 2014] [authz_core:debug] [pid 1515] mod_authz_core.c(802): [client 135.23.250.207:7240] AH01626: authorization result of <RequireAny>: granted, referer: https://connectnow.today/explore
[Sun Mar 16 15:37:25.262348 2014] [deflate:debug] [pid 1515] mod_deflate.c(764): [client 135.23.250.207:7240] AH01384: Zlib: Compressed 23361 to 5464 : URL /index.php, referer: https://connectnow.today/explore
[Sun Mar 16 15:37:29.914466 2014] [ssl:debug] [pid 1515] ssl_engine_kernel.c(222): [client 135.23.250.207:7240] AH02034: Subsequent (No.3) HTTPS request received for child 4 (server connectnow.today:443), referer: https://connectnow.today/explore
[Sun Mar 16 15:37:29.916852 2014] [authz_core:debug] [pid 1515] mod_authz_core.c(802): [client 135.23.250.207:7240] AH01626: authorization result of Require all granted: granted, referer: https://connectnow.today/explore
[Sun Mar 16 15:37:29.916869 2014] [authz_core:debug] [pid 1515] mod_authz_core.c(802): [client 135.23.250.207:7240] AH01626: authorization result of <RequireAny>: granted, referer: https://connectnow.today/explore
[Sun Mar 16 15:37:29.916980 2014] [authz_core:debug] [pid 1515] mod_authz_core.c(802): [client 135.23.250.207:7240] AH01626: authorization result of Require all granted: granted, referer: https://connectnow.today/explore
[Sun Mar 16 15:37:29.916998 2014] [authz_core:debug] [pid 1515] mod_authz_core.c(802): [client 135.23.250.207:7240] AH01626: authorization result of <RequireAny>: granted, referer: https://connectnow.today/explore
[Sun Mar 16 15:37:29.917307 2014] [authz_core:debug] [pid 1515] mod_authz_core.c(802): [client 135.23.250.207:7240] AH01626: authorization result of Require all granted: granted, referer: https://connectnow.today/explore
[Sun Mar 16 15:37:29.917321 2014] [authz_core:debug] [pid 1515] mod_authz_core.c(802): [client 135.23.250.207:7240] AH01626: authorization result of <RequireAny>: granted, referer: https://connectnow.today/explore
[Sun Mar 16 15:37:29.940204 2014] [deflate:debug] [pid 1515] mod_deflate.c(764): [client 135.23.250.207:7240] AH01384: Zlib: Compressed 30609 to 7079 : URL /index.php, referer: https://connectnow.today/explore
[Sun Mar 16 15:37:30.023934 2014] [reqtimeout:info] [pid 1541] [client 135.23.250.207:7239] AH01382: Request header read timeout
[Sun Mar 16 15:37:30.024013 2014] [ssl:info] [pid 1541] (70007)The timeout specified has expired: [client 135.23.250.207:7239] AH01991: SSL input filter read failed.
[Sun Mar 16 15:37:30.024073 2014] [ssl:debug] [pid 1541] ssl_engine_io.c(991): [client 135.23.250.207:7239] AH02001: Connection closed to child 13 with standard shutdown (server connectnow.today:443)
[Sun Mar 16 15:37:30.153055 2014] [ssl:debug] [pid 1515] ssl_engine_kernel.c(222): [client 135.23.250.207:7240] AH02034: Subsequent (No.4) HTTPS request received for child 4 (server connectnow.today:443), referer: https://connectnow.today/
[Sun Mar 16 15:37:30.153451 2014] [authz_core:debug] [pid 1515] mod_authz_core.c(802): [client 135.23.250.207:7240] AH01626: authorization result of Require all granted: granted, referer: https://connectnow.today/
[Sun Mar 16 15:37:30.153471 2014] [authz_core:debug] [pid 1515] mod_authz_core.c(802): [client 135.23.250.207:7240] AH01626: authorization result of <RequireAny>: granted, referer: https://connectnow.today/
[Sun Mar 16 15:37:30.403400 2014] [ssl:debug] [pid 1536] ssl_engine_kernel.c(222): [client 135.23.250.207:7242] AH02034: Initial (No.1) HTTPS request received for child 14 (server connectnow.today:443), referer: https://connectnow.today/
[Sun Mar 16 15:37:30.403634 2014] [authz_core:debug] [pid 1536] mod_authz_core.c(802): [client 135.23.250.207:7242] AH01626: authorization result of Require all granted: granted, referer: https://connectnow.today/
[Sun Mar 16 15:37:30.403648 2014] [authz_core:debug] [pid 1536] mod_authz_core.c(802): [client 135.23.250.207:7242] AH01626: authorization result of <RequireAny>: granted, referer: https://connectnow.today/
[Sun Mar 16 15:37:30.403785 2014] [authz_core:debug] [pid 1536] mod_authz_core.c(802): [client 135.23.250.207:7242] AH01626: authorization result of Require all granted: granted, referer: https://connectnow.today/
[Sun Mar 16 15:37:30.403799 2014] [authz_core:debug] [pid 1536] mod_authz_core.c(802): [client 135.23.250.207:7242] AH01626: authorization result of <RequireAny>: granted, referer: https://connectnow.today/
[Sun Mar 16 15:37:30.429169 2014] [deflate:debug] [pid 1536] mod_deflate.c(764): [client 135.23.250.207:7242] AH01384: Zlib: Compressed 23361 to 5464 : URL /index.php, referer: https://connectnow.today/
[Sun Mar 16 15:37:30.720979 2014] [deflate:debug] [pid 1515] mod_deflate.c(764): [client 135.23.250.207:7240] AH01384: Zlib: Compressed 785347 to 769800 : URL /img/banner/banner1.jpg, referer: https://connectnow.today/
[Sun Mar 16 15:37:35.434329 2014] [reqtimeout:info] [pid 1536] [client 135.23.250.207:7242] AH01382: Request header read timeout
[Sun Mar 16 15:37:35.438406 2014] [ssl:info] [pid 1536] (70007)The timeout specified has expired: [client 135.23.250.207:7242] AH01991: SSL input filter read failed.
[Sun Mar 16 15:37:35.438482 2014] [ssl:debug] [pid 1536] ssl_engine_io.c(991): [client 135.23.250.207:7242] AH02001: Connection closed to child 14 with standard shutdown (server connectnow.today:443)
[Sun Mar 16 15:37:35.726985 2014] [reqtimeout:info] [pid 1515] [client 135.23.250.207:7240] AH01382: Request header read timeout
[Sun Mar 16 15:37:35.727060 2014] [ssl:info] [pid 1515] (70007)The timeout specified has expired: [client 135.23.250.207:7240] AH01991: SSL input filter read failed.
[Sun Mar 16 15:37:35.727118 2014] [ssl:debug] [pid 1515] ssl_engine_io.c(991): [client 135.23.250.207:7240] AH02001: Connection closed to child 4 with standard shutdown (server connectnow.today:443)
[Sun Mar 16 15:37:36.479978 2014] [reqtimeout:info] [pid 1542] [client 135.23.250.207:7237] AH01382: Request header read timeout
[Sun Mar 16 15:37:36.480064 2014] [ssl:info] [pid 1542] (70007)The timeout specified has expired: [client 135.23.250.207:7237] AH01991: SSL input filter read failed.
[Sun Mar 16 15:37:36.480147 2014] [ssl:debug] [pid 1542] ssl_engine_io.c(991): [client 135.23.250.207:7237] AH02001: Connection closed to child 15 with standard shutdown (server connectnow.today:443)
[Sun Mar 16 15:37:36.480238 2014] [reqtimeout:info] [pid 1539] [client 135.23.250.207:7238] AH01382: Request header read timeout
[Sun Mar 16 15:37:36.480267 2014] [ssl:info] [pid 1539] (70007)The timeout specified has expired: [client 135.23.250.207:7238] AH01991: SSL input filter read failed.
[Sun Mar 16 15:37:36.480305 2014] [ssl:debug] [pid 1539] ssl_engine_io.c(991): [client 135.23.250.207:7238] AH02001: Connection closed to child 3 with standard shutdown (server connectnow.today:443)
[Sun Mar 16 15:37:36.480356 2014] [reqtimeout:info] [pid 1519] [client 135.23.250.207:7241] AH01382: Request header read timeout
[Sun Mar 16 15:37:36.480379 2014] [ssl:info] [pid 1519] (70007)The timeout specified has expired: [client 135.23.250.207:7241] AH01991: SSL input filter read failed.
[Sun Mar 16 15:37:36.480411 2014] [ssl:debug] [pid 1519] ssl_engine_io.c(991): [client 135.23.250.207:7241] AH02001: Connection closed to child 5 with standard shutdown (server connectnow.today:443)
[Sun Mar 16 15:37:58.515351 2014] [ssl:info] [pid 1540] [client 135.23.250.207:7257] AH01964: Connection to child 7 established (server connectnow.today:443)
[Sun Mar 16 15:37:58.515746 2014] [ssl:debug] [pid 1540] ssl_engine_kernel.c(1958): [client 135.23.250.207:7257] AH02043: SSL virtual host for servername connectnow.today found
[Sun Mar 16 15:37:58.519127 2014] [ssl:info] [pid 1520] [client 135.23.250.207:7258] AH01964: Connection to child 6 established (server connectnow.today:443)
[Sun Mar 16 15:37:58.519336 2014] [ssl:debug] [pid 1520] ssl_engine_kernel.c(1958): [client 135.23.250.207:7258] AH02043: SSL virtual host for servername connectnow.today found
[Sun Mar 16 15:37:58.566396 2014] [ssl:debug] [pid 1540] ssl_engine_kernel.c(1891): [client 135.23.250.207:7257] AH02041: Protocol: TLSv1.2, Cipher: ECDHE-RSA-AES128-GCM-SHA256 (128/128 bits)
[Sun Mar 16 15:37:58.566506 2014] [ssl:debug] [pid 1540] ssl_engine_kernel.c(222): [client 135.23.250.207:7257] AH02034: Initial (No.1) HTTPS request received for child 7 (server connectnow.today:443)
[Sun Mar 16 15:37:58.566641 2014] [authz_core:debug] [pid 1540] mod_authz_core.c(802): [client 135.23.250.207:7257] AH01626: authorization result of Require all granted: granted
[Sun Mar 16 15:37:58.566651 2014] [authz_core:debug] [pid 1540] mod_authz_core.c(802): [client 135.23.250.207:7257] AH01626: authorization result of <RequireAny>: granted
[Sun Mar 16 15:37:58.566774 2014] [authz_core:debug] [pid 1540] mod_authz_core.c(802): [client 135.23.250.207:7257] AH01626: authorization result of Require all granted: granted
[Sun Mar 16 15:37:58.566786 2014] [authz_core:debug] [pid 1540] mod_authz_core.c(802): [client 135.23.250.207:7257] AH01626: authorization result of <RequireAny>: granted
[Sun Mar 16 15:37:58.566966 2014] [authz_core:debug] [pid 1540] mod_authz_core.c(802): [client 135.23.250.207:7257] AH01626: authorization result of Require all granted: granted
[Sun Mar 16 15:37:58.566976 2014] [authz_core:debug] [pid 1540] mod_authz_core.c(802): [client 135.23.250.207:7257] AH01626: authorization result of <RequireAny>: granted
[Sun Mar 16 15:37:58.569027 2014] [ssl:debug] [pid 1520] ssl_engine_kernel.c(1891): [client 135.23.250.207:7258] AH02041: Protocol: TLSv1.2, Cipher: ECDHE-RSA-AES128-GCM-SHA256 (128/128 bits)
[Sun Mar 16 15:37:58.596406 2014] [deflate:debug] [pid 1540] mod_deflate.c(764): [client 135.23.250.207:7257] AH01384: Zlib: Compressed 30613 to 7100 : URL /index.php
[Sun Mar 16 15:37:58.786943 2014] [ssl:debug] [pid 1520] ssl_engine_kernel.c(222): [client 135.23.250.207:7258] AH02034: Initial (No.1) HTTPS request received for child 6 (server connectnow.today:443), referer: https://connectnow.today/
[Sun Mar 16 15:37:58.787140 2014] [authz_core:debug] [pid 1520] mod_authz_core.c(802): [client 135.23.250.207:7258] AH01626: authorization result of Require all granted: granted, referer: https://connectnow.today/
[Sun Mar 16 15:37:58.787152 2014] [authz_core:debug] [pid 1520] mod_authz_core.c(802): [client 135.23.250.207:7258] AH01626: authorization result of <RequireAny>: granted, referer: https://connectnow.today/
[Sun Mar 16 15:37:58.787675 2014] [deflate:debug] [pid 1520] mod_deflate.c(764): [client 135.23.250.207:7258] AH01384: Zlib: Compressed 15035 to 2474 : URL /css/elusive-webfont.css, referer: https://connectnow.today/
[Sun Mar 16 15:37:58.787951 2014] [ssl:debug] [pid 1540] ssl_engine_kernel.c(222): [client 135.23.250.207:7257] AH02034: Subsequent (No.2) HTTPS request received for child 7 (server connectnow.today:443), referer: https://connectnow.today/
[Sun Mar 16 15:37:58.788044 2014] [authz_core:debug] [pid 1540] mod_authz_core.c(802): [client 135.23.250.207:7257] AH01626: authorization result of Require all granted: granted, referer: https://connectnow.today/
[Sun Mar 16 15:37:58.788055 2014] [authz_core:debug] [pid 1540] mod_authz_core.c(802): [client 135.23.250.207:7257] AH01626: authorization result of <RequireAny>: granted, referer: https://connectnow.today/
[Sun Mar 16 15:37:58.789954 2014] [deflate:debug] [pid 1540] mod_deflate.c(764): [client 135.23.250.207:7257] AH01384: Zlib: Compressed 56500 to 11006 : URL /css/bootstrap.min.css, referer: https://connectnow.today/
[Sun Mar 16 15:37:58.841210 2014] [ssl:debug] [pid 1520] ssl_engine_kernel.c(222): [client 135.23.250.207:7258] AH02034: Subsequent (No.2) HTTPS request received for child 6 (server connectnow.today:443), referer: https://connectnow.today/
[Sun Mar 16 15:37:58.841401 2014] [authz_core:debug] [pid 1520] mod_authz_core.c(802): [client 135.23.250.207:7258] AH01626: authorization result of Require all granted: granted, referer: https://connectnow.today/
[Sun Mar 16 15:37:58.841412 2014] [authz_core:debug] [pid 1520] mod_authz_core.c(802): [client 135.23.250.207:7258] AH01626: authorization result of <RequireAny>: granted, referer: https://connectnow.today/
[Sun Mar 16 15:37:58.849255 2014] [ssl:debug] [pid 1540] ssl_engine_kernel.c(222): [client 135.23.250.207:7257] AH02034: Subsequent (No.3) HTTPS request received for child 7 (server connectnow.today:443), referer: https://connectnow.today/
[Sun Mar 16 15:37:58.849465 2014] [authz_core:debug] [pid 1540] mod_authz_core.c(802): [client 135.23.250.207:7257] AH01626: authorization result of Require all granted: granted, referer: https://connectnow.today/
[Sun Mar 16 15:37:58.849484 2014] [authz_core:debug] [pid 1540] mod_authz_core.c(802): [client 135.23.250.207:7257] AH01626: authorization result of <RequireAny>: granted, referer: https://connectnow.today/
[Sun Mar 16 15:37:58.849944 2014] [deflate:debug] [pid 1540] mod_deflate.c(764): [client 135.23.250.207:7257] AH01384: Zlib: Compressed 9261 to 2198 : URL /css/main.css, referer: https://connectnow.today/
[Sun Mar 16 15:37:58.851972 2014] [deflate:debug] [pid 1520] mod_deflate.c(764): [client 135.23.250.207:7258] AH01384: Zlib: Compressed 221232 to 35103 : URL /css/semantic.min.css, referer: https://connectnow.today/
[Sun Mar 16 15:37:58.854468 2014] [ssl:info] [pid 1542] [client 135.23.250.207:7259] AH01964: Connection to child 15 established (server connectnow.today:443)
[Sun Mar 16 15:37:58.854753 2014] [ssl:debug] [pid 1542] ssl_engine_kernel.c(1958): [client 135.23.250.207:7259] AH02043: SSL virtual host for servername connectnow.today found
[Sun Mar 16 15:37:58.862913 2014] [ssl:info] [pid 1515] [client 135.23.250.207:7260] AH01964: Connection to child 4 established (server connectnow.today:443)
[Sun Mar 16 15:37:58.863141 2014] [ssl:debug] [pid 1515] ssl_engine_kernel.c(1958): [client 135.23.250.207:7260] AH02043: SSL virtual host for servername connectnow.today found
[Sun Mar 16 15:37:58.863389 2014] [ssl:info] [pid 1536] [client 135.23.250.207:7261] AH01964: Connection to child 14 established (server connectnow.today:443)
[Sun Mar 16 15:37:58.863813 2014] [ssl:debug] [pid 1536] ssl_engine_kernel.c(1958): [client 135.23.250.207:7261] AH02043: SSL virtual host for servername connectnow.today found
[Sun Mar 16 15:37:58.863976 2014] [ssl:info] [pid 1541] [client 135.23.250.207:7262] AH01964: Connection to child 13 established (server connectnow.today:443)
[Sun Mar 16 15:37:58.864170 2014] [ssl:debug] [pid 1541] ssl_engine_kernel.c(1958): [client 135.23.250.207:7262] AH02043: SSL virtual host for servername connectnow.today found
[Sun Mar 16 15:37:58.907182 2014] [ssl:debug] [pid 1540] ssl_engine_kernel.c(222): [client 135.23.250.207:7257] AH02034: Subsequent (No.4) HTTPS request received for child 7 (server connectnow.today:443), referer: https://connectnow.today/
[Sun Mar 16 15:37:58.907401 2014] [authz_core:debug] [pid 1540] mod_authz_core.c(802): [client 135.23.250.207:7257] AH01626: authorization result of Require all granted: granted, referer: https://connectnow.today/
