[Sun Mar 16 15:38:45.724360 2014] [authz_core:debug] [pid 1520] mod_authz_core.c(802): [client 135.23.250.207:7342] AH01626: authorization result of <RequireAny>: granted, referer: https://connectnow.today/
[Sun Mar 16 15:38:45.724845 2014] [deflate:debug] [pid 1520] mod_deflate.c(764): [client 135.23.250.207:7342] AH01384: Zlib: Compressed 16319 to 2975 : URL /img/home/bubbles/commit.png, referer: https://connectnow.today/
[Sun Mar 16 15:38:45.758113 2014] [ssl:debug] [pid 1552] ssl_engine_kernel.c(222): [client 135.23.250.207:7339] AH02034: Subsequent (No.3) HTTPS request received for child 0 (server connectnow.today:443), referer: https://connectnow.today/
[Sun Mar 16 15:38:45.758329 2014] [authz_core:debug] [pid 1552] mod_authz_core.c(802): [client 135.23.250.207:7339] AH01626: authorization result of Require all granted: granted, referer: https://connectnow.today/
[Sun Mar 16 15:38:45.758342 2014] [authz_core:debug] [pid 1552] mod_authz_core.c(802): [client 135.23.250.207:7339] AH01626: authorization result of <RequireAny>: granted, referer: https://connectnow.today/
[Sun Mar 16 15:38:45.758896 2014] [deflate:debug] [pid 1552] mod_deflate.c(764): [client 135.23.250.207:7339] AH01384: Zlib: Compressed 16551 to 3223 : URL /img/home/bubbles/browse.png, referer: https://connectnow.today/
[Sun Mar 16 15:38:45.777350 2014] [ssl:debug] [pid 1515] ssl_engine_kernel.c(222): [client 135.23.250.207:7338] AH02034: Subsequent (No.3) HTTPS request received for child 4 (server connectnow.today:443), referer: https://connectnow.today/
[Sun Mar 16 15:38:45.777558 2014] [authz_core:debug] [pid 1515] mod_authz_core.c(802): [client 135.23.250.207:7338] AH01626: authorization result of Require all granted: granted, referer: https://connectnow.today/
[Sun Mar 16 15:38:45.777570 2014] [authz_core:debug] [pid 1515] mod_authz_core.c(802): [client 135.23.250.207:7338] AH01626: authorization result of <RequireAny>: granted, referer: https://connectnow.today/
[Sun Mar 16 15:38:45.784107 2014] [ssl:debug] [pid 1520] ssl_engine_kernel.c(222): [client 135.23.250.207:7342] AH02034: Subsequent (No.3) HTTPS request received for child 6 (server connectnow.today:443), referer: https://connectnow.today/
[Sun Mar 16 15:38:45.784321 2014] [authz_core:debug] [pid 1520] mod_authz_core.c(802): [client 135.23.250.207:7342] AH01626: authorization result of Require all granted: granted, referer: https://connectnow.today/
[Sun Mar 16 15:38:45.784347 2014] [authz_core:debug] [pid 1520] mod_authz_core.c(802): [client 135.23.250.207:7342] AH01626: authorization result of <RequireAny>: granted, referer: https://connectnow.today/
[Sun Mar 16 15:38:45.784881 2014] [deflate:debug] [pid 1520] mod_deflate.c(764): [client 135.23.250.207:7342] AH01384: Zlib: Compressed 16840 to 3509 : URL /img/home/bubbles/track.png, referer: https://connectnow.today/
[Sun Mar 16 15:38:45.787581 2014] [ssl:debug] [pid 1540] ssl_engine_kernel.c(222): [client 135.23.250.207:7337] AH02034: Subsequent (No.5) HTTPS request received for child 7 (server connectnow.today:443), referer: https://connectnow.today/
[Sun Mar 16 15:38:45.787772 2014] [authz_core:debug] [pid 1540] mod_authz_core.c(802): [client 135.23.250.207:7337] AH01626: authorization result of Require all granted: granted, referer: https://connectnow.today/
[Sun Mar 16 15:38:45.787785 2014] [authz_core:debug] [pid 1540] mod_authz_core.c(802): [client 135.23.250.207:7337] AH01626: authorization result of <RequireAny>: granted, referer: https://connectnow.today/
[Sun Mar 16 15:38:45.816359 2014] [ssl:debug] [pid 1552] ssl_engine_kernel.c(222): [client 135.23.250.207:7339] AH02034: Subsequent (No.4) HTTPS request received for child 0 (server connectnow.today:443), referer: https://connectnow.today/
[Sun Mar 16 15:38:45.816563 2014] [authz_core:debug] [pid 1552] mod_authz_core.c(802): [client 135.23.250.207:7339] AH01626: authorization result of Require all granted: granted, referer: https://connectnow.today/
[Sun Mar 16 15:38:45.816575 2014] [authz_core:debug] [pid 1552] mod_authz_core.c(802): [client 135.23.250.207:7339] AH01626: authorization result of <RequireAny>: granted, referer: https://connectnow.today/
[Sun Mar 16 15:38:45.817216 2014] [deflate:debug] [pid 1552] mod_deflate.c(764): [client 135.23.250.207:7339] AH01384: Zlib: Compressed 17985 to 4576 : URL /img/banner/gcn.png, referer: https://connectnow.today/
[Sun Mar 16 15:38:45.819851 2014] [ssl:debug] [pid 1519] ssl_engine_kernel.c(222): [client 135.23.250.207:7340] AH02034: Subsequent (No.2) HTTPS request received for child 5 (server connectnow.today:443), referer: https://connectnow.today/
[Sun Mar 16 15:38:45.820047 2014] [authz_core:debug] [pid 1519] mod_authz_core.c(802): [client 135.23.250.207:7340] AH01626: authorization result of Require all granted: granted, referer: https://connectnow.today/
[Sun Mar 16 15:38:45.820060 2014] [authz_core:debug] [pid 1519] mod_authz_core.c(802): [client 135.23.250.207:7340] AH01626: authorization result of <RequireAny>: granted, referer: https://connectnow.today/
[Sun Mar 16 15:38:45.820546 2014] [deflate:debug] [pid 1519] mod_deflate.c(764): [client 135.23.250.207:7340] AH01384: Zlib: Compressed 16459 to 3120 : URL /img/home/bubbles/share.png, referer: https://connectnow.today/
[Sun Mar 16 15:38:45.824178 2014] [ssl:debug] [pid 1541] ssl_engine_kernel.c(222): [client 135.23.250.207:7341] AH02034: Subsequent (No.3) HTTPS request received for child 13 (server connectnow.today:443), referer: https://connectnow.today/
[Sun Mar 16 15:38:45.824438 2014] [authz_core:debug] [pid 1541] mod_authz_core.c(802): [client 135.23.250.207:7341] AH01626: authorization result of Require all granted: granted, referer: https://connectnow.today/
[Sun Mar 16 15:38:45.824458 2014] [authz_core:debug] [pid 1541] mod_authz_core.c(802): [client 135.23.250.207:7341] AH01626: authorization result of <RequireAny>: granted, referer: https://connectnow.today/
[Sun Mar 16 15:38:45.838260 2014] [ssl:debug] [pid 1520] ssl_engine_kernel.c(222): [client 135.23.250.207:7342] AH02034: Subsequent (No.4) HTTPS request received for child 6 (server connectnow.today:443), referer: https://connectnow.today/
[Sun Mar 16 15:38:45.838525 2014] [authz_core:debug] [pid 1520] mod_authz_core.c(802): [client 135.23.250.207:7342] AH01626: authorization result of Require all granted: granted, referer: https://connectnow.today/
[Sun Mar 16 15:38:45.838545 2014] [authz_core:debug] [pid 1520] mod_authz_core.c(802): [client 135.23.250.207:7342] AH01626: authorization result of <RequireAny>: granted, referer: https://connectnow.today/
[Sun Mar 16 15:38:45.840336 2014] [deflate:debug] [pid 1520] mod_deflate.c(764): [client 135.23.250.207:7342] AH01384: Zlib: Compressed 19553 to 12276 : URL /img/home/ready.jpg, referer: https://connectnow.today/
[Sun Mar 16 15:38:45.878335 2014] [ssl:debug] [pid 1552] ssl_engine_kernel.c(222): [client 135.23.250.207:7339] AH02034: Subsequent (No.5) HTTPS request received for child 0 (server connectnow.today:443), referer: https://connectnow.today/
[Sun Mar 16 15:38:45.878538 2014] [authz_core:debug] [pid 1552] mod_authz_core.c(802): [client 135.23.250.207:7339] AH01626: authorization result of Require all granted: granted, referer: https://connectnow.today/
[Sun Mar 16 15:38:45.878551 2014] [authz_core:debug] [pid 1552] mod_authz_core.c(802): [client 135.23.250.207:7339] AH01626: authorization result of <RequireAny>: granted, referer: https://connectnow.today/
[Sun Mar 16 15:38:45.881600 2014] [ssl:debug] [pid 1519] ssl_engine_kernel.c(222): [client 135.23.250.207:7340] AH02034: Subsequent (No.3) HTTPS request received for child 5 (server connectnow.today:443), referer: https://connectnow.today/
[Sun Mar 16 15:38:45.881742 2014] [authz_core:debug] [pid 1519] mod_authz_core.c(802): [client 135.23.250.207:7340] AH01626: authorization result of Require all granted: granted, referer: https://connectnow.today/
[Sun Mar 16 15:38:45.881755 2014] [authz_core:debug] [pid 1519] mod_authz_core.c(802): [client 135.23.250.207:7340] AH01626: authorization result of <RequireAny>: granted, referer: https://connectnow.today/
[Sun Mar 16 15:38:45.882616 2014] [deflate:debug] [pid 1519] mod_deflate.c(764): [client 135.23.250.207:7340] AH01384: Zlib: Compressed 23292 to 23072 : URL /fonts/glyphicons-halflings-regular.woff, referer: https://connectnow.today/
[Sun Mar 16 15:38:45.901989 2014] [ssl:debug] [pid 1520] ssl_engine_kernel.c(222): [client 135.23.250.207:7342] AH02034: Subsequent (No.5) HTTPS request received for child 6 (server connectnow.today:443), referer: https://connectnow.today/
[Sun Mar 16 15:38:45.902184 2014] [authz_core:debug] [pid 1520] mod_authz_core.c(802): [client 135.23.250.207:7342] AH01626: authorization result of Require all granted: granted, referer: https://connectnow.today/
[Sun Mar 16 15:38:45.902197 2014] [authz_core:debug] [pid 1520] mod_authz_core.c(802): [client 135.23.250.207:7342] AH01626: authorization result of <RequireAny>: granted, referer: https://connectnow.today/
[Sun Mar 16 15:38:45.904655 2014] [deflate:debug] [pid 1520] mod_deflate.c(764): [client 135.23.250.207:7342] AH01384: Zlib: Compressed 61024 to 60977 : URL /webfonts/2964B3_0_0.woff, referer: https://connectnow.today/
[Sun Mar 16 15:38:45.906133 2014] [deflate:debug] [pid 1552] mod_deflate.c(764): [client 135.23.250.207:7339] AH01384: Zlib: Compressed 197829 to 55534 : URL /fonts/icons.svg, referer: https://connectnow.today/
[Sun Mar 16 15:38:46.017719 2014] [ssl:debug] [pid 1519] ssl_engine_kernel.c(222): [client 135.23.250.207:7340] AH02034: Subsequent (No.4) HTTPS request received for child 5 (server connectnow.today:443), referer: https://connectnow.today/
[Sun Mar 16 15:38:46.017923 2014] [authz_core:debug] [pid 1519] mod_authz_core.c(802): [client 135.23.250.207:7340] AH01626: authorization result of Require all granted: granted, referer: https://connectnow.today/
[Sun Mar 16 15:38:46.017936 2014] [authz_core:debug] [pid 1519] mod_authz_core.c(802): [client 135.23.250.207:7340] AH01626: authorization result of <RequireAny>: granted, referer: https://connectnow.today/
[Sun Mar 16 15:38:46.018340 2014] [deflate:debug] [pid 1519] mod_deflate.c(764): [client 135.23.250.207:7340] AH01384: Zlib: Compressed 14950 to 1098 : URL /img/30perc.png, referer: https://connectnow.today/
[Sun Mar 16 15:38:46.089881 2014] [ssl:debug] [pid 1519] ssl_engine_kernel.c(222): [client 135.23.250.207:7340] AH02034: Subsequent (No.5) HTTPS request received for child 5 (server connectnow.today:443), referer: https://connectnow.today/
[Sun Mar 16 15:38:46.090080 2014] [authz_core:debug] [pid 1519] mod_authz_core.c(802): [client 135.23.250.207:7340] AH01626: authorization result of Require all granted: granted, referer: https://connectnow.today/
[Sun Mar 16 15:38:46.090105 2014] [authz_core:debug] [pid 1519] mod_authz_core.c(802): [client 135.23.250.207:7340] AH01626: authorization result of <RequireAny>: granted, referer: https://connectnow.today/
[Sun Mar 16 15:38:46.090702 2014] [deflate:debug] [pid 1519] mod_deflate.c(764): [client 135.23.250.207:7340] AH01384: Zlib: Compressed 14950 to 1104 : URL /img/searchbg.png, referer: https://connectnow.today/
[Sun Mar 16 15:38:46.155904 2014] [ssl:debug] [pid 1519] ssl_engine_kernel.c(222): [client 135.23.250.207:7340] AH02034: Subsequent (No.6) HTTPS request received for child 5 (server connectnow.today:443), referer: https://connectnow.today/
[Sun Mar 16 15:38:46.156108 2014] [authz_core:debug] [pid 1519] mod_authz_core.c(802): [client 135.23.250.207:7340] AH01626: authorization result of Require all granted: granted, referer: https://connectnow.today/
[Sun Mar 16 15:38:46.156121 2014] [authz_core:debug] [pid 1519] mod_authz_core.c(802): [client 135.23.250.207:7340] AH01626: authorization result of <RequireAny>: granted, referer: https://connectnow.today/
[Sun Mar 16 15:38:46.156582 2014] [deflate:debug] [pid 1519] mod_deflate.c(764): [client 135.23.250.207:7340] AH01384: Zlib: Compressed 14950 to 1102 : URL /img/trans.png, referer: https://connectnow.today/
[Sun Mar 16 15:38:46.215727 2014] [ssl:debug] [pid 1519] ssl_engine_kernel.c(222): [client 135.23.250.207:7340] AH02034: Subsequent (No.7) HTTPS request received for child 5 (server connectnow.today:443), referer: https://connectnow.today/
[Sun Mar 16 15:38:46.215926 2014] [authz_core:debug] [pid 1519] mod_authz_core.c(802): [client 135.23.250.207:7340] AH01626: authorization result of Require all granted: granted, referer: https://connectnow.today/
[Sun Mar 16 15:38:46.215938 2014] [authz_core:debug] [pid 1519] mod_authz_core.c(802): [client 135.23.250.207:7340] AH01626: authorization result of <RequireAny>: granted, referer: https://connectnow.today/
[Sun Mar 16 15:38:46.216434 2014] [deflate:debug] [pid 1519] mod_deflate.c(764): [client 135.23.250.207:7340] AH01384: Zlib: Compressed 16991 to 2891 : URL /img/navlogo.png, referer: https://connectnow.today/
[Sun Mar 16 15:38:46.282186 2014] [ssl:debug] [pid 1519] ssl_engine_kernel.c(222): [client 135.23.250.207:7340] AH02034: Subsequent (No.8) HTTPS request received for child 5 (server connectnow.today:443), referer: https://connectnow.today/
[Sun Mar 16 15:38:46.282395 2014] [authz_core:debug] [pid 1519] mod_authz_core.c(802): [client 135.23.250.207:7340] AH01626: authorization result of Require all granted: granted, referer: https://connectnow.today/
[Sun Mar 16 15:38:46.282408 2014] [authz_core:debug] [pid 1519] mod_authz_core.c(802): [client 135.23.250.207:7340] AH01626: authorization result of <RequireAny>: granted, referer: https://connectnow.today/
[Sun Mar 16 15:38:46.282982 2014] [deflate:debug] [pid 1519] mod_deflate.c(764): [client 135.23.250.207:7340] AH01384: Zlib: Compressed 17985 to 4576 : URL /img/banner/gcn.png, referer: https://connectnow.today/
[Sun Mar 16 15:38:46.318184 2014] [ssl:debug] [pid 1520] ssl_engine_kernel.c(222): [client 135.23.250.207:7342] AH02034: Subsequent (No.6) HTTPS request received for child 6 (server connectnow.today:443), referer: https://connectnow.today/
[Sun Mar 16 15:38:46.318398 2014] [authz_core:debug] [pid 1520] mod_authz_core.c(802): [client 135.23.250.207:7342] AH01626: authorization result of Require all granted: granted, referer: https://connectnow.today/
[Sun Mar 16 15:38:46.318644 2014] [authz_core:debug] [pid 1520] mod_authz_core.c(802): [client 135.23.250.207:7342] AH01626: authorization result of <RequireAny>: granted, referer: https://connectnow.today/
[Sun Mar 16 15:38:46.319164 2014] [deflate:debug] [pid 1520] mod_deflate.c(764): [client 135.23.250.207:7342] AH01384: Zlib: Compressed 16551 to 3223 : URL /img/home/bubbles/browse.png, referer: https://connectnow.today/
[Sun Mar 16 15:38:46.354813 2014] [ssl:debug] [pid 1519] ssl_engine_kernel.c(222): [client 135.23.250.207:7340] AH02034: Subsequent (No.9) HTTPS request received for child 5 (server connectnow.today:443), referer: https://connectnow.today/
[Sun Mar 16 15:38:46.355017 2014] [authz_core:debug] [pid 1519] mod_authz_core.c(802): [client 135.23.250.207:7340] AH01626: authorization result of Require all granted: granted, referer: https://connectnow.today/
[Sun Mar 16 15:38:46.355030 2014] [authz_core:debug] [pid 1519] mod_authz_core.c(802): [client 135.23.250.207:7340] AH01626: authorization result of <RequireAny>: granted, referer: https://connectnow.today/
[Sun Mar 16 15:38:46.355508 2014] [deflate:debug] [pid 1519] mod_deflate.c(764): [client 135.23.250.207:7340] AH01384: Zlib: Compressed 16319 to 2975 : URL /img/home/bubbles/commit.png, referer: https://connectnow.today/
[Sun Mar 16 15:38:46.390053 2014] [ssl:debug] [pid 1520] ssl_engine_kernel.c(222): [client 135.23.250.207:7342] AH02034: Subsequent (No.7) HTTPS request received for child 6 (server connectnow.today:443), referer: https://connectnow.today/
[Sun Mar 16 15:38:46.390254 2014] [authz_core:debug] [pid 1520] mod_authz_core.c(802): [client 135.23.250.207:7342] AH01626: authorization result of Require all granted: granted, referer: https://connectnow.today/
[Sun Mar 16 15:38:46.390267 2014] [authz_core:debug] [pid 1520] mod_authz_core.c(802): [client 135.23.250.207:7342] AH01626: authorization result of <RequireAny>: granted, referer: https://connectnow.today/
[Sun Mar 16 15:38:46.390791 2014] [deflate:debug] [pid 1520] mod_deflate.c(764): [client 135.23.250.207:7342] AH01384: Zlib: Compressed 16840 to 3509 : URL /img/home/bubbles/track.png, referer: https://connectnow.today/
[Sun Mar 16 15:38:46.421802 2014] [ssl:debug] [pid 1519] ssl_engine_kernel.c(222): [client 135.23.250.207:7340] AH02034: Subsequent (No.10) HTTPS request received for child 5 (server connectnow.today:443), referer: https://connectnow.today/
[Sun Mar 16 15:38:46.422012 2014] [authz_core:debug] [pid 1519] mod_authz_core.c(802): [client 135.23.250.207:7340] AH01626: authorization result of Require all granted: granted, referer: https://connectnow.today/
[Sun Mar 16 15:38:46.422025 2014] [authz_core:debug] [pid 1519] mod_authz_core.c(802): [client 135.23.250.207:7340] AH01626: authorization result of <RequireAny>: granted, referer: https://connectnow.today/
[Sun Mar 16 15:38:46.422512 2014] [deflate:debug] [pid 1519] mod_deflate.c(764): [client 135.23.250.207:7340] AH01384: Zlib: Compressed 16459 to 3120 : URL /img/home/bubbles/share.png, referer: https://connectnow.today/
[Sun Mar 16 15:38:46.531154 2014] [deflate:debug] [pid 1541] mod_deflate.c(764): [client 135.23.250.207:7341] AH01384: Zlib: Compressed 605852 to 595721 : URL /img/banner/banner2.jpg, referer: https://connectnow.today/
[Sun Mar 16 15:38:46.734296 2014] [deflate:debug] [pid 1515] mod_deflate.c(764): [client 135.23.250.207:7338] AH01384: Zlib: Compressed 785347 to 769800 : URL /img/banner/banner1.jpg, referer: https://connectnow.today/
[Sun Mar 16 15:38:46.832001 2014] [ssl:debug] [pid 1541] ssl_engine_kernel.c(222): [client 135.23.250.207:7341] AH02034: Subsequent (No.4) HTTPS request received for child 13 (server connectnow.today:443), referer: https://connectnow.today/
[Sun Mar 16 15:38:46.832198 2014] [authz_core:debug] [pid 1541] mod_authz_core.c(802): [client 135.23.250.207:7341] AH01626: authorization result of Require all granted: granted, referer: https://connectnow.today/
[Sun Mar 16 15:38:46.832210 2014] [authz_core:debug] [pid 1541] mod_authz_core.c(802): [client 135.23.250.207:7341] AH01626: authorization result of <RequireAny>: granted, referer: https://connectnow.today/
[Sun Mar 16 15:38:46.833644 2014] [deflate:debug] [pid 1541] mod_deflate.c(764): [client 135.23.250.207:7341] AH01384: Zlib: Compressed 43572 to 43550 : URL /fonts/icons.woff, referer: https://connectnow.today/
[Sun Mar 16 15:38:46.885346 2014] [deflate:debug] [pid 1540] mod_deflate.c(764): [client 135.23.250.207:7337] AH01384: Zlib: Compressed 714361 to 699867 : URL /img/banner/banner3.jpg, referer: https://connectnow.today/
[Sun Mar 16 15:38:47.504123 2014] [ssl:info] [pid 1536] [client 135.23.250.207:7346] AH01964: Connection to child 14 established (server connectnow.today:443)
[Sun Mar 16 15:38:47.504471 2014] [ssl:debug] [pid 1536] ssl_engine_kernel.c(1958): [client 135.23.250.207:7346] AH02043: SSL virtual host for servername connectnow.today found
[Sun Mar 16 15:38:47.508162 2014] [ssl:info] [pid 1523] [client 135.23.250.207:7348] AH01964: Connection to child 9 established (server connectnow.today:443)
[Sun Mar 16 15:38:47.508370 2014] [ssl:debug] [pid 1523] ssl_engine_kernel.c(1958): [client 135.23.250.207:7348] AH02043: SSL virtual host for servername connectnow.today found
[Sun Mar 16 15:38:47.512053 2014] [ssl:info] [pid 1539] [client 135.23.250.207:7347] AH01964: Connection to child 3 established (server connectnow.today:443)
[Sun Mar 16 15:38:47.512343 2014] [ssl:debug] [pid 1539] ssl_engine_kernel.c(1958): [client 135.23.250.207:7347] AH02043: SSL virtual host for servername connectnow.today found
[Sun Mar 16 15:38:47.512500 2014] [ssl:info] [pid 1542] [client 135.23.250.207:7350] AH01964: Connection to child 15 established (server connectnow.today:443)
[Sun Mar 16 15:38:47.512759 2014] [ssl:debug] [pid 1542] ssl_engine_kernel.c(1958): [client 135.23.250.207:7350] AH02043: SSL virtual host for servername connectnow.today found
[Sun Mar 16 15:38:47.512909 2014] [ssl:info] [pid 1581] [client 135.23.250.207:7349] AH01964: Connection to child 1 established (server connectnow.today:443)
[Sun Mar 16 15:38:47.513111 2014] [ssl:debug] [pid 1581] ssl_engine_kernel.c(1958): [client 135.23.250.207:7349] AH02043: SSL virtual host for servername connectnow.today found
[Sun Mar 16 15:38:47.554324 2014] [ssl:debug] [pid 1536] ssl_engine_kernel.c(1891): [client 135.23.250.207:7346] AH02041: Protocol: TLSv1.2, Cipher: ECDHE-RSA-AES128-GCM-SHA256 (128/128 bits)
[Sun Mar 16 15:38:47.554443 2014] [ssl:debug] [pid 1536] ssl_engine_kernel.c(222): [client 135.23.250.207:7346] AH02034: Initial (No.1) HTTPS request received for child 14 (server connectnow.today:443), referer: https://connectnow.today/explore
[Sun Mar 16 15:38:47.554631 2014] [authz_core:debug] [pid 1536] mod_authz_core.c(802): [client 135.23.250.207:7346] AH01626: authorization result of Require all granted: granted, referer: https://connectnow.today/explore
[Sun Mar 16 15:38:47.554649 2014] [authz_core:debug] [pid 1536] mod_authz_core.c(802): [client 135.23.250.207:7346] AH01626: authorization result of <RequireAny>: granted, referer: https://connectnow.today/explore
[Sun Mar 16 15:38:47.554796 2014] [authz_core:debug] [pid 1536] mod_authz_core.c(802): [client 135.23.250.207:7346] AH01626: authorization result of Require all granted: granted, referer: https://connectnow.today/explore
[Sun Mar 16 15:38:47.554811 2014] [authz_core:debug] [pid 1536] mod_authz_core.c(802): [client 135.23.250.207:7346] AH01626: authorization result of <RequireAny>: granted, referer: https://connectnow.today/explore
[Sun Mar 16 15:38:47.555040 2014] [authz_core:debug] [pid 1536] mod_authz_core.c(802): [client 135.23.250.207:7346] AH01626: authorization result of Require all granted: granted, referer: https://connectnow.today/explore
[Sun Mar 16 15:38:47.555054 2014] [authz_core:debug] [pid 1536] mod_authz_core.c(802): [client 135.23.250.207:7346] AH01626: authorization result of <RequireAny>: granted, referer: https://connectnow.today/explore
[Sun Mar 16 15:38:47.558012 2014] [ssl:debug] [pid 1523] ssl_engine_kernel.c(1891): [client 135.23.250.207:7348] AH02041: Protocol: TLSv1.2, Cipher: ECDHE-RSA-AES128-GCM-SHA256 (128/128 bits)
[Sun Mar 16 15:38:47.561289 2014] [ssl:debug] [pid 1542] ssl_engine_kernel.c(1891): [client 135.23.250.207:7350] AH02041: Protocol: TLSv1.2, Cipher: ECDHE-RSA-AES128-GCM-SHA256 (128/128 bits)
[Sun Mar 16 15:38:47.561854 2014] [ssl:debug] [pid 1581] ssl_engine_kernel.c(1891): [client 135.23.250.207:7349] AH02041: Protocol: TLSv1.2, Cipher: ECDHE-RSA-AES128-GCM-SHA256 (128/128 bits)
[Sun Mar 16 15:38:47.562711 2014] [ssl:debug] [pid 1539] ssl_engine_kernel.c(1891): [client 135.23.250.207:7347] AH02041: Protocol: TLSv1.2, Cipher: ECDHE-RSA-AES128-GCM-SHA256 (128/128 bits)
[Sun Mar 16 15:38:47.575568 2014] [deflate:debug] [pid 1536] mod_deflate.c(764): [client 135.23.250.207:7346] AH01384: Zlib: Compressed 30589 to 7078 : URL /index.php, referer: https://connectnow.today/explore
[Sun Mar 16 15:38:47.741201 2014] [ssl:debug] [pid 1536] ssl_engine_kernel.c(222): [client 135.23.250.207:7346] AH02034: Subsequent (No.2) HTTPS request received for child 14 (server connectnow.today:443), referer: https://connectnow.today/
[Sun Mar 16 15:38:47.741419 2014] [authz_core:debug] [pid 1536] mod_authz_core.c(802): [client 135.23.250.207:7346] AH01626: authorization result of Require all granted: granted, referer: https://connectnow.today/
[Sun Mar 16 15:38:47.741432 2014] [authz_core:debug] [pid 1536] mod_authz_core.c(802): [client 135.23.250.207:7346] AH01626: authorization result of <RequireAny>: granted, referer: https://connectnow.today/
[Sun Mar 16 15:38:47.743499 2014] [deflate:debug] [pid 1536] mod_deflate.c(764): [client 135.23.250.207:7346] AH01384: Zlib: Compressed 56500 to 11006 : URL /css/bootstrap.min.css, referer: https://connectnow.today/
[Sun Mar 16 15:38:47.744162 2014] [ssl:debug] [pid 1539] ssl_engine_kernel.c(222): [client 135.23.250.207:7347] AH02034: Initial (No.1) HTTPS request received for child 3 (server connectnow.today:443), referer: https://connectnow.today/
[Sun Mar 16 15:38:47.744262 2014] [authz_core:debug] [pid 1539] mod_authz_core.c(802): [client 135.23.250.207:7347] AH01626: authorization result of Require all granted: granted, referer: https://connectnow.today/
[Sun Mar 16 15:38:47.744273 2014] [authz_core:debug] [pid 1539] mod_authz_core.c(802): [client 135.23.250.207:7347] AH01626: authorization result of <RequireAny>: granted, referer: https://connectnow.today/
[Sun Mar 16 15:38:47.744789 2014] [deflate:debug] [pid 1539] mod_deflate.c(764): [client 135.23.250.207:7347] AH01384: Zlib: Compressed 15035 to 2474 : URL /css/elusive-webfont.css, referer: https://connectnow.today/
[Sun Mar 16 15:38:47.748965 2014] [ssl:debug] [pid 1581] ssl_engine_kernel.c(222): [client 135.23.250.207:7349] AH02034: Initial (No.1) HTTPS request received for child 1 (server connectnow.today:443), referer: https://connectnow.today/
[Sun Mar 16 15:38:47.749064 2014] [authz_core:debug] [pid 1581] mod_authz_core.c(802): [client 135.23.250.207:7349] AH01626: authorization result of Require all granted: granted, referer: https://connectnow.today/
[Sun Mar 16 15:38:47.749075 2014] [authz_core:debug] [pid 1581] mod_authz_core.c(802): [client 135.23.250.207:7349] AH01626: authorization result of <RequireAny>: granted, referer: https://connectnow.today/
[Sun Mar 16 15:38:47.751816 2014] [ssl:debug] [pid 1542] ssl_engine_kernel.c(222): [client 135.23.250.207:7350] AH02034: Initial (No.1) HTTPS request received for child 15 (server connectnow.today:443), referer: https://connectnow.today/
[Sun Mar 16 15:38:47.751910 2014] [authz_core:debug] [pid 1542] mod_authz_core.c(802): [client 135.23.250.207:7350] AH01626: authorization result of Require all granted: granted, referer: https://connectnow.today/
[Sun Mar 16 15:38:47.751920 2014] [authz_core:debug] [pid 1542] mod_authz_core.c(802): [client 135.23.250.207:7350] AH01626: authorization result of <RequireAny>: granted, referer: https://connectnow.today/
[Sun Mar 16 15:38:47.752344 2014] [deflate:debug] [pid 1542] mod_deflate.c(764): [client 135.23.250.207:7350] AH01384: Zlib: Compressed 9261 to 2198 : URL /css/main.css, referer: https://connectnow.today/
[Sun Mar 16 15:38:47.752563 2014] [ssl:debug] [pid 1523] ssl_engine_kernel.c(222): [client 135.23.250.207:7348] AH02034: Initial (No.1) HTTPS request received for child 9 (server connectnow.today:443), referer: https://connectnow.today/
[Sun Mar 16 15:38:47.752651 2014] [authz_core:debug] [pid 1523] mod_authz_core.c(802): [client 135.23.250.207:7348] AH01626: authorization result of Require all granted: granted, referer: https://connectnow.today/
[Sun Mar 16 15:38:47.752677 2014] [authz_core:debug] [pid 1523] mod_authz_core.c(802): [client 135.23.250.207:7348] AH01626: authorization result of <RequireAny>: granted, referer: https://connectnow.today/
[Sun Mar 16 15:38:47.752871 2014] [deflate:debug] [pid 1523] mod_deflate.c(764): [client 135.23.250.207:7348] AH01384: Zlib: Compressed 3245 to 907 : URL /css/home.css, referer: https://connectnow.today/
[Sun Mar 16 15:38:47.759730 2014] [deflate:debug] [pid 1581] mod_deflate.c(764): [client 135.23.250.207:7349] AH01384: Zlib: Compressed 221232 to 35103 : URL /css/semantic.min.css, referer: https://connectnow.today/
[Sun Mar 16 15:38:47.800806 2014] [ssl:debug] [pid 1539] ssl_engine_kernel.c(222): [client 135.23.250.207:7347] AH02034: Subsequent (No.2) HTTPS request received for child 3 (server connectnow.today:443), referer: https://connectnow.today/
[Sun Mar 16 15:38:47.801013 2014] [authz_core:debug] [pid 1539] mod_authz_core.c(802): [client 135.23.250.207:7347] AH01626: authorization result of Require all granted: granted, referer: https://connectnow.today/
[Sun Mar 16 15:38:47.801026 2014] [authz_core:debug] [pid 1539] mod_authz_core.c(802): [client 135.23.250.207:7347] AH01626: authorization result of <RequireAny>: granted, referer: https://connectnow.today/
[Sun Mar 16 15:38:47.801363 2014] [deflate:debug] [pid 1539] mod_deflate.c(764): [client 135.23.250.207:7347] AH01384: Zlib: Compressed 6270 to 1699 : URL /webfonts.js, referer: https://connectnow.today/
[Sun Mar 16 15:38:47.804225 2014] [ssl:debug] [pid 1523] ssl_engine_kernel.c(222): [client 135.23.250.207:7348] AH02034: Subsequent (No.2) HTTPS request received for child 9 (server connectnow.today:443), referer: https://connectnow.today/
[Sun Mar 16 15:38:47.804343 2014] [authz_core:debug] [pid 1523] mod_authz_core.c(802): [client 135.23.250.207:7348] AH01626: authorization result of Require all granted: granted, referer: https://connectnow.today/
[Sun Mar 16 15:38:47.804354 2014] [authz_core:debug] [pid 1523] mod_authz_core.c(802): [client 135.23.250.207:7348] AH01626: authorization result of <RequireAny>: granted, referer: https://connectnow.today/
[Sun Mar 16 15:38:47.804739 2014] [deflate:debug] [pid 1523] mod_deflate.c(764): [client 135.23.250.207:7348] AH01384: Zlib: Compressed 7507 to 2695 : URL /js/transit.js, referer: https://connectnow.today/
[Sun Mar 16 15:38:47.804975 2014] [ssl:debug] [pid 1542] ssl_engine_kernel.c(222): [client 135.23.250.207:7350] AH02034: Subsequent (No.2) HTTPS request received for child 15 (server connectnow.today:443), referer: https://connectnow.today/
[Sun Mar 16 15:38:47.805075 2014] [authz_core:debug] [pid 1542] mod_authz_core.c(802): [client 135.23.250.207:7350] AH01626: authorization result of Require all granted: granted, referer: https://connectnow.today/
[Sun Mar 16 15:38:47.805086 2014] [authz_core:debug] [pid 1542] mod_authz_core.c(802): [client 135.23.250.207:7350] AH01626: authorization result of <RequireAny>: granted, referer: https://connectnow.today/
[Sun Mar 16 15:38:47.810915 2014] [deflate:debug] [pid 1542] mod_deflate.c(764): [client 135.23.250.207:7350] AH01384: Zlib: Compressed 93107 to 32784 : URL /js/jquery.min.js, referer: https://connectnow.today/
[Sun Mar 16 15:38:47.856185 2014] [ssl:debug] [pid 1539] ssl_engine_kernel.c(222): [client 135.23.250.207:7347] AH02034: Subsequent (No.3) HTTPS request received for child 3 (server connectnow.today:443), referer: https://connectnow.today/
[Sun Mar 16 15:38:47.856433 2014] [authz_core:debug] [pid 1539] mod_authz_core.c(802): [client 135.23.250.207:7347] AH01626: authorization result of Require all granted: granted, referer: https://connectnow.today/
[Sun Mar 16 15:38:47.856453 2014] [authz_core:debug] [pid 1539] mod_authz_core.c(802): [client 135.23.250.207:7347] AH01626: authorization result of <RequireAny>: granted, referer: https://connectnow.today/
[Sun Mar 16 15:38:47.857119 2014] [ssl:debug] [pid 1523] ssl_engine_kernel.c(222): [client 135.23.250.207:7348] AH02034: Subsequent (No.3) HTTPS request received for child 9 (server connectnow.today:443), referer: https://connectnow.today/
[Sun Mar 16 15:38:47.857243 2014] [authz_core:debug] [pid 1523] mod_authz_core.c(802): [client 135.23.250.207:7348] AH01626: authorization result of Require all granted: granted, referer: https://connectnow.today/
[Sun Mar 16 15:38:47.857255 2014] [authz_core:debug] [pid 1523] mod_authz_core.c(802): [client 135.23.250.207:7348] AH01626: authorization result of <RequireAny>: granted, referer: https://connectnow.today/
[Sun Mar 16 15:38:47.860356 2014] [ssl:debug] [pid 1536] ssl_engine_kernel.c(222): [client 135.23.250.207:7346] AH02034: Subsequent (No.3) HTTPS request received for child 14 (server connectnow.today:443), referer: https://connectnow.today/
[Sun Mar 16 15:38:47.860454 2014] [authz_core:debug] [pid 1536] mod_authz_core.c(802): [client 135.23.250.207:7346] AH01626: authorization result of Require all granted: granted, referer: https://connectnow.today/
[Sun Mar 16 15:38:47.860466 2014] [authz_core:debug] [pid 1536] mod_authz_core.c(802): [client 135.23.250.207:7346] AH01626: authorization result of <RequireAny>: granted, referer: https://connectnow.today/
[Sun Mar 16 15:38:47.860904 2014] [deflate:debug] [pid 1536] mod_deflate.c(764): [client 135.23.250.207:7346] AH01384: Zlib: Compressed 16991 to 2891 : URL /img/navlogo.png, referer: https://connectnow.today/
[Sun Mar 16 15:38:47.861908 2014] [deflate:debug] [pid 1539] mod_deflate.c(764): [client 135.23.250.207:7347] AH01384: Zlib: Compressed 27957 to 7268 : URL /js/bootstrap.min.js, referer: https://connectnow.today/
[Sun Mar 16 15:38:47.866008 2014] [deflate:debug] [pid 1523] mod_deflate.c(764): [client 135.23.250.207:7348] AH01384: Zlib: Compressed 134757 to 32442 : URL /js/semantic.min.js, referer: https://connectnow.today/
[Sun Mar 16 15:38:47.908896 2014] [ssl:debug] [pid 1581] ssl_engine_kernel.c(222): [client 135.23.250.207:7349] AH02034: Subsequent (No.2) HTTPS request received for child 1 (server connectnow.today:443), referer: https://connectnow.today/
[Sun Mar 16 15:38:47.909073 2014] [authz_core:debug] [pid 1581] mod_authz_core.c(802): [client 135.23.250.207:7349] AH01626: authorization result of Require all granted: granted, referer: https://connectnow.today/
[Sun Mar 16 15:38:47.909084 2014] [authz_core:debug] [pid 1581] mod_authz_core.c(802): [client 135.23.250.207:7349] AH01626: authorization result of <RequireAny>: granted, referer: https://connectnow.today/
[Sun Mar 16 15:38:47.912069 2014] [ssl:debug] [pid 1536] ssl_engine_kernel.c(222): [client 135.23.250.207:7346] AH02034: Subsequent (No.4) HTTPS request received for child 14 (server connectnow.today:443), referer: https://connectnow.today/
[Sun Mar 16 15:38:47.912208 2014] [authz_core:debug] [pid 1536] mod_authz_core.c(802): [client 135.23.250.207:7346] AH01626: authorization result of Require all granted: granted, referer: https://connectnow.today/
[Sun Mar 16 15:38:47.912224 2014] [authz_core:debug] [pid 1536] mod_authz_core.c(802): [client 135.23.250.207:7346] AH01626: authorization result of <RequireAny>: granted, referer: https://connectnow.today/
[Sun Mar 16 15:38:47.912748 2014] [deflate:debug] [pid 1536] mod_deflate.c(764): [client 135.23.250.207:7346] AH01384: Zlib: Compressed 16319 to 2975 : URL /img/home/bubbles/commit.png, referer: https://connectnow.today/
[Sun Mar 16 15:38:47.917059 2014] [ssl:debug] [pid 1539] ssl_engine_kernel.c(222): [client 135.23.250.207:7347] AH02034: Subsequent (No.4) HTTPS request received for child 3 (server connectnow.today:443), referer: https://connectnow.today/
[Sun Mar 16 15:38:47.917159 2014] [authz_core:debug] [pid 1539] mod_authz_core.c(802): [client 135.23.250.207:7347] AH01626: authorization result of Require all granted: granted, referer: https://connectnow.today/
[Sun Mar 16 15:38:47.917170 2014] [authz_core:debug] [pid 1539] mod_authz_core.c(802): [client 135.23.250.207:7347] AH01626: authorization result of <RequireAny>: granted, referer: https://connectnow.today/
[Sun Mar 16 15:38:47.957500 2014] [ssl:debug] [pid 1542] ssl_engine_kernel.c(222): [client 135.23.250.207:7350] AH02034: Subsequent (No.3) HTTPS request received for child 15 (server connectnow.today:443), referer: https://connectnow.today/
[Sun Mar 16 15:38:47.957707 2014] [authz_core:debug] [pid 1542] mod_authz_core.c(802): [client 135.23.250.207:7350] AH01626: authorization result of Require all granted: granted, referer: https://connectnow.today/
[Sun Mar 16 15:38:47.957719 2014] [authz_core:debug] [pid 1542] mod_authz_core.c(802): [client 135.23.250.207:7350] AH01626: authorization result of <RequireAny>: granted, referer: https://connectnow.today/
[Sun Mar 16 15:38:47.967582 2014] [ssl:debug] [pid 1536] ssl_engine_kernel.c(222): [client 135.23.250.207:7346] AH02034: Subsequent (No.5) HTTPS request received for child 14 (server connectnow.today:443), referer: https://connectnow.today/
[Sun Mar 16 15:38:47.967697 2014] [authz_core:debug] [pid 1536] mod_authz_core.c(802): [client 135.23.250.207:7346] AH01626: authorization result of Require all granted: granted, referer: https://connectnow.today/
[Sun Mar 16 15:38:47.967708 2014] [authz_core:debug] [pid 1536] mod_authz_core.c(802): [client 135.23.250.207:7346] AH01626: authorization result of <RequireAny>: granted, referer: https://connectnow.today/
[Sun Mar 16 15:38:47.968541 2014] [deflate:debug] [pid 1536] mod_deflate.c(764): [client 135.23.250.207:7346] AH01384: Zlib: Compressed 23292 to 23072 : URL /fonts/glyphicons-halflings-regular.woff, referer: https://connectnow.today/
[Sun Mar 16 15:38:47.969137 2014] [ssl:debug] [pid 1523] ssl_engine_kernel.c(222): [client 135.23.250.207:7348] AH02034: Subsequent (No.4) HTTPS request received for child 9 (server connectnow.today:443), referer: https://connectnow.today/
[Sun Mar 16 15:38:47.969229 2014] [authz_core:debug] [pid 1523] mod_authz_core.c(802): [client 135.23.250.207:7348] AH01626: authorization result of Require all granted: granted, referer: https://connectnow.today/
[Sun Mar 16 15:38:47.969239 2014] [authz_core:debug] [pid 1523] mod_authz_core.c(802): [client 135.23.250.207:7348] AH01626: authorization result of <RequireAny>: granted, referer: https://connectnow.today/
[Sun Mar 16 15:38:47.971352 2014] [deflate:debug] [pid 1523] mod_deflate.c(764): [client 135.23.250.207:7348] AH01384: Zlib: Compressed 61024 to 60977 : URL /webfonts/2964B3_0_0.woff, referer: https://connectnow.today/
[Sun Mar 16 15:38:47.981059 2014] [deflate:debug] [pid 1542] mod_deflate.c(764): [client 135.23.250.207:7350] AH01384: Zlib: Compressed 197829 to 55534 : URL /fonts/icons.svg, referer: https://connectnow.today/
[Sun Mar 16 15:38:48.000982 2014] [ssl:info] [pid 1582] [client 135.23.250.207:7351] AH01964: Connection to child 2 established (server connectnow.today:443)
[Sun Mar 16 15:38:48.001440 2014] [ssl:debug] [pid 1582] ssl_engine_kernel.c(1958): [client 135.23.250.207:7351] AH02043: SSL virtual host for servername connectnow.today found
[Sun Mar 16 15:38:48.051624 2014] [ssl:debug] [pid 1582] ssl_engine_kernel.c(1891): [client 135.23.250.207:7351] AH02041: Protocol: TLSv1.2, Cipher: ECDHE-RSA-AES128-GCM-SHA256 (128/128 bits)
[Sun Mar 16 15:38:48.051979 2014] [ssl:debug] [pid 1582] ssl_engine_kernel.c(222): [client 135.23.250.207:7351] AH02034: Initial (No.1) HTTPS request received for child 2 (server connectnow.today:443), referer: https://connectnow.today/
[Sun Mar 16 15:38:48.052304 2014] [authz_core:debug] [pid 1582] mod_authz_core.c(802): [client 135.23.250.207:7351] AH01626: authorization result of Require all granted: granted, referer: https://connectnow.today/
[Sun Mar 16 15:38:48.052323 2014] [authz_core:debug] [pid 1582] mod_authz_core.c(802): [client 135.23.250.207:7351] AH01626: authorization result of <RequireAny>: granted, referer: https://connectnow.today/
[Sun Mar 16 15:38:48.053225 2014] [deflate:debug] [pid 1582] mod_deflate.c(764): [client 135.23.250.207:7351] AH01384: Zlib: Compressed 16459 to 3120 : URL /img/home/bubbles/share.png, referer: https://connectnow.today/
[Sun Mar 16 15:38:48.110567 2014] [ssl:debug] [pid 1582] ssl_engine_kernel.c(222): [client 135.23.250.207:7351] AH02034: Subsequent (No.2) HTTPS request received for child 2 (server connectnow.today:443), referer: https://connectnow.today/
[Sun Mar 16 15:38:48.110831 2014] [authz_core:debug] [pid 1582] mod_authz_core.c(802): [client 135.23.250.207:7351] AH01626: authorization result of Require all granted: granted, referer: https://connectnow.today/
[Sun Mar 16 15:38:48.110845 2014] [authz_core:debug] [pid 1582] mod_authz_core.c(802): [client 135.23.250.207:7351] AH01626: authorization result of <RequireAny>: granted, referer: https://connectnow.today/
[Sun Mar 16 15:38:48.111434 2014] [deflate:debug] [pid 1582] mod_deflate.c(764): [client 135.23.250.207:7351] AH01384: Zlib: Compressed 16840 to 3509 : URL /img/home/bubbles/track.png, referer: https://connectnow.today/
[Sun Mar 16 15:38:48.130384 2014] [ssl:debug] [pid 1536] ssl_engine_kernel.c(222): [client 135.23.250.207:7346] AH02034: Subsequent (No.6) HTTPS request received for child 14 (server connectnow.today:443), referer: https://connectnow.today/
[Sun Mar 16 15:38:48.130501 2014] [authz_core:debug] [pid 1536] mod_authz_core.c(802): [client 135.23.250.207:7346] AH01626: authorization result of Require all granted: granted, referer: https://connectnow.today/
[Sun Mar 16 15:38:48.130513 2014] [authz_core:debug] [pid 1536] mod_authz_core.c(802): [client 135.23.250.207:7346] AH01626: authorization result of <RequireAny>: granted, referer: https://connectnow.today/
[Sun Mar 16 15:38:48.130576 2014] [authz_core:debug] [pid 1536] mod_authz_core.c(802): [client 135.23.250.207:7346] AH01626: authorization result of Require all granted: granted, referer: https://connectnow.today/
[Sun Mar 16 15:38:48.130586 2014] [authz_core:debug] [pid 1536] mod_authz_core.c(802): [client 135.23.250.207:7346] AH01626: authorization result of <RequireAny>: granted, referer: https://connectnow.today/
[Sun Mar 16 15:38:48.137972 2014] [ssl:debug] [pid 1542] ssl_engine_kernel.c(222): [client 135.23.250.207:7350] AH02034: Subsequent (No.4) HTTPS request received for child 15 (server connectnow.today:443), referer: https://connectnow.today/
[Sun Mar 16 15:38:48.138105 2014] [authz_core:debug] [pid 1542] mod_authz_core.c(802): [client 135.23.250.207:7350] AH01626: authorization result of Require all granted: granted, referer: https://connectnow.today/
[Sun Mar 16 15:38:48.138117 2014] [authz_core:debug] [pid 1542] mod_authz_core.c(802): [client 135.23.250.207:7350] AH01626: authorization result of <RequireAny>: granted, referer: https://connectnow.today/
[Sun Mar 16 15:38:48.138623 2014] [deflate:debug] [pid 1542] mod_deflate.c(764): [client 135.23.250.207:7350] AH01384: Zlib: Compressed 16551 to 3223 : URL /img/home/bubbles/browse.png, referer: https://connectnow.today/
[Sun Mar 16 15:38:48.139203 2014] [ssl:debug] [pid 1523] ssl_engine_kernel.c(222): [client 135.23.250.207:7348] AH02034: Subsequent (No.5) HTTPS request received for child 9 (server connectnow.today:443), referer: https://connectnow.today/
[Sun Mar 16 15:38:48.139326 2014] [authz_core:debug] [pid 1523] mod_authz_core.c(802): [client 135.23.250.207:7348] AH01626: authorization result of Require all granted: granted, referer: https://connectnow.today/
[Sun Mar 16 15:38:48.139338 2014] [authz_core:debug] [pid 1523] mod_authz_core.c(802): [client 135.23.250.207:7348] AH01626: authorization result of <RequireAny>: granted, referer: https://connectnow.today/
[Sun Mar 16 15:38:48.170779 2014] [ssl:debug] [pid 1582] ssl_engine_kernel.c(222): [client 135.23.250.207:7351] AH02034: Subsequent (No.3) HTTPS request received for child 2 (server connectnow.today:443), referer: https://connectnow.today/
[Sun Mar 16 15:38:48.170922 2014] [authz_core:debug] [pid 1582] mod_authz_core.c(802): [client 135.23.250.207:7351] AH01626: authorization result of Require all granted: granted, referer: https://connectnow.today/
[Sun Mar 16 15:38:48.170934 2014] [authz_core:debug] [pid 1582] mod_authz_core.c(802): [client 135.23.250.207:7351] AH01626: authorization result of <RequireAny>: granted, referer: https://connectnow.today/
[Sun Mar 16 15:38:48.171454 2014] [deflate:debug] [pid 1582] mod_deflate.c(764): [client 135.23.250.207:7351] AH01384: Zlib: Compressed 17985 to 4576 : URL /img/banner/gcn.png, referer: https://connectnow.today/
[Sun Mar 16 15:38:48.172114 2014] [deflate:debug] [pid 1536] mod_deflate.c(764): [client 135.23.250.207:7346] AH01384: Zlib: Compressed 23361 to 5464 : URL /index.php, referer: https://connectnow.today/
[Sun Mar 16 15:38:48.198326 2014] [ssl:debug] [pid 1542] ssl_engine_kernel.c(222): [client 135.23.250.207:7350] AH02034: Subsequent (No.5) HTTPS request received for child 15 (server connectnow.today:443), referer: https://connectnow.today/
[Sun Mar 16 15:38:48.198489 2014] [authz_core:debug] [pid 1542] mod_authz_core.c(802): [client 135.23.250.207:7350] AH01626: authorization result of Require all granted: granted, referer: https://connectnow.today/
[Sun Mar 16 15:38:48.198500 2014] [authz_core:debug] [pid 1542] mod_authz_core.c(802): [client 135.23.250.207:7350] AH01626: authorization result of <RequireAny>: granted, referer: https://connectnow.today/
[Sun Mar 16 15:38:48.198893 2014] [deflate:debug] [pid 1542] mod_deflate.c(764): [client 135.23.250.207:7350] AH01384: Zlib: Compressed 14950 to 1098 : URL /img/30perc.png, referer: https://connectnow.today/
[Sun Mar 16 15:38:48.222427 2014] [ssl:debug] [pid 1582] ssl_engine_kernel.c(222): [client 135.23.250.207:7351] AH02034: Subsequent (No.4) HTTPS request received for child 2 (server connectnow.today:443), referer: https://connectnow.today/
[Sun Mar 16 15:38:48.222578 2014] [authz_core:debug] [pid 1582] mod_authz_core.c(802): [client 135.23.250.207:7351] AH01626: authorization result of Require all granted: granted, referer: https://connectnow.today/
[Sun Mar 16 15:38:48.222590 2014] [authz_core:debug] [pid 1582] mod_authz_core.c(802): [client 135.23.250.207:7351] AH01626: authorization result of <RequireAny>: granted, referer: https://connectnow.today/
[Sun Mar 16 15:38:48.224280 2014] [deflate:debug] [pid 1582] mod_deflate.c(764): [client 135.23.250.207:7351] AH01384: Zlib: Compressed 43572 to 43550 : URL /fonts/icons.woff, referer: https://connectnow.today/
[Sun Mar 16 15:38:48.226253 2014] [ssl:debug] [pid 1536] ssl_engine_kernel.c(222): [client 135.23.250.207:7346] AH02034: Subsequent (No.7) HTTPS request received for child 14 (server connectnow.today:443), referer: https://connectnow.today/
[Sun Mar 16 15:38:48.226356 2014] [authz_core:debug] [pid 1536] mod_authz_core.c(802): [client 135.23.250.207:7346] AH01626: authorization result of Require all granted: granted, referer: https://connectnow.today/
[Sun Mar 16 15:38:48.226367 2014] [authz_core:debug] [pid 1536] mod_authz_core.c(802): [client 135.23.250.207:7346] AH01626: authorization result of <RequireAny>: granted, referer: https://connectnow.today/
[Sun Mar 16 15:38:48.227332 2014] [deflate:debug] [pid 1536] mod_deflate.c(764): [client 135.23.250.207:7346] AH01384: Zlib: Compressed 19553 to 12276 : URL /img/home/ready.jpg, referer: https://connectnow.today/
[Sun Mar 16 15:38:48.270787 2014] [ssl:debug] [pid 1542] ssl_engine_kernel.c(222): [client 135.23.250.207:7350] AH02034: Subsequent (No.6) HTTPS request received for child 15 (server connectnow.today:443), referer: https://connectnow.today/
[Sun Mar 16 15:38:48.270968 2014] [authz_core:debug] [pid 1542] mod_authz_core.c(802): [client 135.23.250.207:7350] AH01626: authorization result of Require all granted: granted, referer: https://connectnow.today/
[Sun Mar 16 15:38:48.270980 2014] [authz_core:debug] [pid 1542] mod_authz_core.c(802): [client 135.23.250.207:7350] AH01626: authorization result of <RequireAny>: granted, referer: https://connectnow.today/
[Sun Mar 16 15:38:48.271337 2014] [deflate:debug] [pid 1542] mod_deflate.c(764): [client 135.23.250.207:7350] AH01384: Zlib: Compressed 14950 to 1104 : URL /img/searchbg.png, referer: https://connectnow.today/
[Sun Mar 16 15:38:48.284163 2014] [ssl:debug] [pid 1536] ssl_engine_kernel.c(222): [client 135.23.250.207:7346] AH02034: Subsequent (No.8) HTTPS request received for child 14 (server connectnow.today:443), referer: https://connectnow.today/
[Sun Mar 16 15:38:48.284280 2014] [authz_core:debug] [pid 1536] mod_authz_core.c(802): [client 135.23.250.207:7346] AH01626: authorization result of Require all granted: granted, referer: https://connectnow.today/
[Sun Mar 16 15:38:48.284306 2014] [authz_core:debug] [pid 1536] mod_authz_core.c(802): [client 135.23.250.207:7346] AH01626: authorization result of <RequireAny>: granted, referer: https://connectnow.today/
[Sun Mar 16 15:38:48.284636 2014] [deflate:debug] [pid 1536] mod_deflate.c(764): [client 135.23.250.207:7346] AH01384: Zlib: Compressed 14950 to 1102 : URL /img/trans.png, referer: https://connectnow.today/
[Sun Mar 16 15:38:48.391296 2014] [deflate:debug] [pid 1581] mod_deflate.c(764): [client 135.23.250.207:7349] AH01384: Zlib: Compressed 714361 to 699867 : URL /img/banner/banner3.jpg, referer: https://connectnow.today/
[Sun Mar 16 15:38:48.543762 2014] [deflate:debug] [pid 1539] mod_deflate.c(764): [client 135.23.250.207:7347] AH01384: Zlib: Compressed 785347 to 769800 : URL /img/banner/banner1.jpg, referer: https://connectnow.today/
[Sun Mar 16 15:38:48.545037 2014] [deflate:debug] [pid 1523] mod_deflate.c(764): [client 135.23.250.207:7348] AH01384: Zlib: Compressed 605852 to 595721 : URL /img/banner/banner2.jpg, referer: https://connectnow.today/
[Sun Mar 16 15:38:50.912450 2014] [reqtimeout:info] [pid 1552] [client 135.23.250.207:7339] AH01382: Request header read timeout
[Sun Mar 16 15:38:50.912545 2014] [ssl:info] [pid 1552] (70007)The timeout specified has expired: [client 135.23.250.207:7339] AH01991: SSL input filter read failed.
[Sun Mar 16 15:38:50.912604 2014] [ssl:debug] [pid 1552] ssl_engine_io.c(991): [client 135.23.250.207:7339] AH02001: Connection closed to child 0 with standard shutdown (server connectnow.today:443)
[Sun Mar 16 15:38:51.396093 2014] [reqtimeout:info] [pid 1520] [client 135.23.250.207:7342] AH01382: Request header read timeout
[Sun Mar 16 15:38:51.396179 2014] [ssl:info] [pid 1520] (70007)The timeout specified has expired: [client 135.23.250.207:7342] AH01991: SSL input filter read failed.
[Sun Mar 16 15:38:51.396250 2014] [ssl:debug] [pid 1520] ssl_engine_io.c(991): [client 135.23.250.207:7342] AH02001: Connection closed to child 6 with standard shutdown (server connectnow.today:443)
[Sun Mar 16 15:38:51.427840 2014] [reqtimeout:info] [pid 1519] [client 135.23.250.207:7340] AH01382: Request header read timeout
[Sun Mar 16 15:38:51.427927 2014] [ssl:info] [pid 1519] (70007)The timeout specified has expired: [client 135.23.250.207:7340] AH01991: SSL input filter read failed.
